[2026-08-18T00:50:04.875+0000] {processor.py:186} INFO - Started process (PID=3327) to work on /opt/airflow/dags/bash_python.py
[2026-08-18T00:50:04.877+0000] {processor.py:914} INFO - Processing file /opt/airflow/dags/bash_python.py for tasks to queue
[2026-08-18T00:50:04.882+0000] {logging_mixin.py:190} INFO - [2026-08-18T00:50:04.882+0000] {dagbag.py:588} INFO - Filling up the DagBag from /opt/airflow/dags/bash_python.py
[2026-08-18T00:50:04.909+0000] {processor.py:925} INFO - DAG(s) 'download_rocket_launches' retrieved from /opt/airflow/dags/bash_python.py
[2026-08-18T00:50:05.383+0000] {logging_mixin.py:190} INFO - [2026-08-18T00:50:05.383+0000] {dag.py:3239} INFO - Sync 1 DAGs
[2026-08-18T00:50:05.397+0000] {logging_mixin.py:190} INFO - [2026-08-18T00:50:05.397+0000] {dag.py:4180} INFO - Setting next_dagrun for download_rocket_launches to None, run_after=None
[2026-08-18T00:50:05.427+0000] {processor.py:208} INFO - Processing /opt/airflow/dags/bash_python.py took 0.561 seconds
[2026-08-18T06:48:02.306+0000] {processor.py:186} INFO - Started process (PID=3338) to work on /opt/airflow/dags/bash_python.py
[2026-08-18T06:48:02.308+0000] {processor.py:914} INFO - Processing file /opt/airflow/dags/bash_python.py for tasks to queue
[2026-08-18T06:48:02.313+0000] {logging_mixin.py:190} INFO - [2026-08-18T06:48:02.312+0000] {dagbag.py:588} INFO - Filling up the DagBag from /opt/airflow/dags/bash_python.py
[2026-08-18T06:48:02.337+0000] {processor.py:925} INFO - DAG(s) 'download_rocket_launches' retrieved from /opt/airflow/dags/bash_python.py
[2026-08-18T06:48:02.423+0000] {logging_mixin.py:190} INFO - [2026-08-18T06:48:02.422+0000] {dag.py:3239} INFO - Sync 1 DAGs
[2026-08-18T06:48:02.469+0000] {logging_mixin.py:190} INFO - [2026-08-18T06:48:02.469+0000] {dag.py:4180} INFO - Setting next_dagrun for download_rocket_launches to None, run_after=None
[2026-08-18T06:48:02.516+0000] {processor.py:208} INFO - Processing /opt/airflow/dags/bash_python.py took 0.218 seconds
[2026-08-18T06:48:32.750+0000] {processor.py:186} INFO - Started process (PID=3346) to work on /opt/airflow/dags/bash_python.py
[2026-08-18T06:48:32.751+0000] {processor.py:914} INFO - Processing file /opt/airflow/dags/bash_python.py for tasks to queue
[2026-08-18T06:48:32.754+0000] {logging_mixin.py:190} INFO - [2026-08-18T06:48:32.754+0000] {dagbag.py:588} INFO - Filling up the DagBag from /opt/airflow/dags/bash_python.py
[2026-08-18T06:48:32.771+0000] {processor.py:925} INFO - DAG(s) 'download_rocket_launches' retrieved from /opt/airflow/dags/bash_python.py
[2026-08-18T06:48:32.796+0000] {logging_mixin.py:190} INFO - [2026-08-18T06:48:32.796+0000] {dag.py:3239} INFO - Sync 1 DAGs
[2026-08-18T06:48:32.811+0000] {logging_mixin.py:190} INFO - [2026-08-18T06:48:32.810+0000] {dag.py:4180} INFO - Setting next_dagrun for download_rocket_launches to None, run_after=None
[2026-08-18T06:48:32.837+0000] {processor.py:208} INFO - Processing /opt/airflow/dags/bash_python.py took 0.093 seconds
[2026-08-18T06:49:03.098+0000] {processor.py:186} INFO - Started process (PID=3357) to work on /opt/airflow/dags/bash_python.py
[2026-08-18T06:49:03.099+0000] {processor.py:914} INFO - Processing file /opt/airflow/dags/bash_python.py for tasks to queue
[2026-08-18T06:49:03.102+0000] {logging_mixin.py:190} INFO - [2026-08-18T06:49:03.102+0000] {dagbag.py:588} INFO - Filling up the DagBag from /opt/airflow/dags/bash_python.py
[2026-08-18T06:49:03.118+0000] {processor.py:925} INFO - DAG(s) 'download_rocket_launches' retrieved from /opt/airflow/dags/bash_python.py
[2026-08-18T06:49:03.147+0000] {logging_mixin.py:190} INFO - [2026-08-18T06:49:03.147+0000] {dag.py:3239} INFO - Sync 1 DAGs
[2026-08-18T06:49:03.160+0000] {logging_mixin.py:190} INFO - [2026-08-18T06:49:03.160+0000] {dag.py:4180} INFO - Setting next_dagrun for download_rocket_launches to None, run_after=None
[2026-08-18T06:49:03.176+0000] {processor.py:208} INFO - Processing /opt/airflow/dags/bash_python.py took 0.083 seconds
[2026-08-18T06:49:33.466+0000] {processor.py:186} INFO - Started process (PID=3368) to work on /opt/airflow/dags/bash_python.py
[2026-08-18T06:49:33.468+0000] {processor.py:914} INFO - Processing file /opt/airflow/dags/bash_python.py for tasks to queue
[2026-08-18T06:49:33.471+0000] {logging_mixin.py:190} INFO - [2026-08-18T06:49:33.471+0000] {dagbag.py:588} INFO - Filling up the DagBag from /opt/airflow/dags/bash_python.py
[2026-08-18T06:49:33.501+0000] {processor.py:925} INFO - DAG(s) 'download_rocket_launches' retrieved from /opt/airflow/dags/bash_python.py
[2026-08-18T06:49:33.541+0000] {logging_mixin.py:190} INFO - [2026-08-18T06:49:33.541+0000] {dag.py:3239} INFO - Sync 1 DAGs
[2026-08-18T06:49:33.561+0000] {logging_mixin.py:190} INFO - [2026-08-18T06:49:33.561+0000] {dag.py:4180} INFO - Setting next_dagrun for download_rocket_launches to None, run_after=None
[2026-08-18T06:49:33.591+0000] {processor.py:208} INFO - Processing /opt/airflow/dags/bash_python.py took 0.136 seconds
[2026-08-18T06:50:03.657+0000] {processor.py:186} INFO - Started process (PID=3379) to work on /opt/airflow/dags/bash_python.py
[2026-08-18T06:50:03.658+0000] {processor.py:914} INFO - Processing file /opt/airflow/dags/bash_python.py for tasks to queue
[2026-08-18T06:50:03.661+0000] {logging_mixin.py:190} INFO - [2026-08-18T06:50:03.661+0000] {dagbag.py:588} INFO - Filling up the DagBag from /opt/airflow/dags/bash_python.py
[2026-08-18T06:50:03.677+0000] {processor.py:925} INFO - DAG(s) 'download_rocket_launches' retrieved from /opt/airflow/dags/bash_python.py
[2026-08-18T06:50:03.703+0000] {logging_mixin.py:190} INFO - [2026-08-18T06:50:03.703+0000] {dag.py:3239} INFO - Sync 1 DAGs
[2026-08-18T06:50:03.715+0000] {logging_mixin.py:190} INFO - [2026-08-18T06:50:03.715+0000] {dag.py:4180} INFO - Setting next_dagrun for download_rocket_launches to None, run_after=None
[2026-08-18T06:50:03.755+0000] {processor.py:208} INFO - Processing /opt/airflow/dags/bash_python.py took 0.104 seconds
[2026-08-18T06:50:34.056+0000] {processor.py:186} INFO - Started process (PID=3390) to work on /opt/airflow/dags/bash_python.py
[2026-08-18T06:50:34.058+0000] {processor.py:914} INFO - Processing file /opt/airflow/dags/bash_python.py for tasks to queue
[2026-08-18T06:50:34.062+0000] {logging_mixin.py:190} INFO - [2026-08-18T06:50:34.062+0000] {dagbag.py:588} INFO - Filling up the DagBag from /opt/airflow/dags/bash_python.py
[2026-08-18T06:50:34.085+0000] {processor.py:925} INFO - DAG(s) 'download_rocket_launches' retrieved from /opt/airflow/dags/bash_python.py
[2026-08-18T06:50:34.125+0000] {logging_mixin.py:190} INFO - [2026-08-18T06:50:34.125+0000] {dag.py:3239} INFO - Sync 1 DAGs
[2026-08-18T06:50:34.143+0000] {logging_mixin.py:190} INFO - [2026-08-18T06:50:34.142+0000] {dag.py:4180} INFO - Setting next_dagrun for download_rocket_launches to None, run_after=None
[2026-08-18T06:50:34.182+0000] {processor.py:208} INFO - Processing /opt/airflow/dags/bash_python.py took 0.134 seconds
[2026-08-18T06:51:04.512+0000] {processor.py:186} INFO - Started process (PID=3401) to work on /opt/airflow/dags/bash_python.py
[2026-08-18T06:51:04.514+0000] {processor.py:914} INFO - Processing file /opt/airflow/dags/bash_python.py for tasks to queue
[2026-08-18T06:51:04.517+0000] {logging_mixin.py:190} INFO - [2026-08-18T06:51:04.516+0000] {dagbag.py:588} INFO - Filling up the DagBag from /opt/airflow/dags/bash_python.py
[2026-08-18T06:51:04.533+0000] {processor.py:925} INFO - DAG(s) 'download_rocket_launches' retrieved from /opt/airflow/dags/bash_python.py
[2026-08-18T06:51:04.557+0000] {logging_mixin.py:190} INFO - [2026-08-18T06:51:04.557+0000] {dag.py:3239} INFO - Sync 1 DAGs
[2026-08-18T06:51:04.569+0000] {logging_mixin.py:190} INFO - [2026-08-18T06:51:04.569+0000] {dag.py:4180} INFO - Setting next_dagrun for download_rocket_launches to None, run_after=None
[2026-08-18T06:51:04.586+0000] {processor.py:208} INFO - Processing /opt/airflow/dags/bash_python.py took 0.079 seconds
[2026-08-18T06:51:35.434+0000] {processor.py:186} INFO - Started process (PID=3425) to work on /opt/airflow/dags/bash_python.py
[2026-08-18T06:51:35.436+0000] {processor.py:914} INFO - Processing file /opt/airflow/dags/bash_python.py for tasks to queue
[2026-08-18T06:51:35.440+0000] {logging_mixin.py:190} INFO - [2026-08-18T06:51:35.440+0000] {dagbag.py:588} INFO - Filling up the DagBag from /opt/airflow/dags/bash_python.py
[2026-08-18T06:51:35.464+0000] {processor.py:925} INFO - DAG(s) 'download_rocket_launches' retrieved from /opt/airflow/dags/bash_python.py
[2026-08-18T06:51:35.505+0000] {logging_mixin.py:190} INFO - [2026-08-18T06:51:35.505+0000] {dag.py:3239} INFO - Sync 1 DAGs
[2026-08-18T06:51:35.523+0000] {logging_mixin.py:190} INFO - [2026-08-18T06:51:35.522+0000] {dag.py:4180} INFO - Setting next_dagrun for download_rocket_launches to None, run_after=None
[2026-08-18T06:51:35.573+0000] {processor.py:208} INFO - Processing /opt/airflow/dags/bash_python.py took 0.147 seconds
[2026-08-18T06:52:05.629+0000] {processor.py:186} INFO - Started process (PID=3436) to work on /opt/airflow/dags/bash_python.py
[2026-08-18T06:52:05.630+0000] {processor.py:914} INFO - Processing file /opt/airflow/dags/bash_python.py for tasks to queue
[2026-08-18T06:52:05.633+0000] {logging_mixin.py:190} INFO - [2026-08-18T06:52:05.633+0000] {dagbag.py:588} INFO - Filling up the DagBag from /opt/airflow/dags/bash_python.py
[2026-08-18T06:52:05.651+0000] {processor.py:925} INFO - DAG(s) 'download_rocket_launches' retrieved from /opt/airflow/dags/bash_python.py
[2026-08-18T06:52:05.688+0000] {logging_mixin.py:190} INFO - [2026-08-18T06:52:05.688+0000] {dag.py:3239} INFO - Sync 1 DAGs
[2026-08-18T06:52:05.701+0000] {logging_mixin.py:190} INFO - [2026-08-18T06:52:05.701+0000] {dag.py:4180} INFO - Setting next_dagrun for download_rocket_launches to None, run_after=None
[2026-08-18T06:52:05.719+0000] {processor.py:208} INFO - Processing /opt/airflow/dags/bash_python.py took 0.096 seconds
[2026-08-18T06:52:35.974+0000] {processor.py:186} INFO - Started process (PID=3447) to work on /opt/airflow/dags/bash_python.py
[2026-08-18T06:52:35.976+0000] {processor.py:914} INFO - Processing file /opt/airflow/dags/bash_python.py for tasks to queue
[2026-08-18T06:52:35.978+0000] {logging_mixin.py:190} INFO - [2026-08-18T06:52:35.978+0000] {dagbag.py:588} INFO - Filling up the DagBag from /opt/airflow/dags/bash_python.py
[2026-08-18T06:52:35.997+0000] {processor.py:925} INFO - DAG(s) 'download_rocket_launches' retrieved from /opt/airflow/dags/bash_python.py
[2026-08-18T06:52:36.025+0000] {logging_mixin.py:190} INFO - [2026-08-18T06:52:36.025+0000] {dag.py:3239} INFO - Sync 1 DAGs
[2026-08-18T06:52:36.060+0000] {logging_mixin.py:190} INFO - [2026-08-18T06:52:36.059+0000] {dag.py:4180} INFO - Setting next_dagrun for download_rocket_launches to None, run_after=None
[2026-08-18T06:52:36.081+0000] {processor.py:208} INFO - Processing /opt/airflow/dags/bash_python.py took 0.113 seconds
[2026-08-18T06:53:06.429+0000] {processor.py:186} INFO - Started process (PID=3465) to work on /opt/airflow/dags/bash_python.py
[2026-08-18T06:53:06.430+0000] {processor.py:914} INFO - Processing file /opt/airflow/dags/bash_python.py for tasks to queue
[2026-08-18T06:53:06.433+0000] {logging_mixin.py:190} INFO - [2026-08-18T06:53:06.433+0000] {dagbag.py:588} INFO - Filling up the DagBag from /opt/airflow/dags/bash_python.py
[2026-08-18T06:53:06.452+0000] {processor.py:925} INFO - DAG(s) 'download_rocket_launches' retrieved from /opt/airflow/dags/bash_python.py
[2026-08-18T06:53:06.478+0000] {logging_mixin.py:190} INFO - [2026-08-18T06:53:06.477+0000] {dag.py:3239} INFO - Sync 1 DAGs
[2026-08-18T06:53:06.489+0000] {logging_mixin.py:190} INFO - [2026-08-18T06:53:06.489+0000] {dag.py:4180} INFO - Setting next_dagrun for download_rocket_launches to None, run_after=None
[2026-08-18T06:53:06.506+0000] {processor.py:208} INFO - Processing /opt/airflow/dags/bash_python.py took 0.082 seconds
[2026-08-18T06:53:36.749+0000] {processor.py:186} INFO - Started process (PID=3476) to work on /opt/airflow/dags/bash_python.py
[2026-08-18T06:53:36.751+0000] {processor.py:914} INFO - Processing file /opt/airflow/dags/bash_python.py for tasks to queue
[2026-08-18T06:53:36.755+0000] {logging_mixin.py:190} INFO - [2026-08-18T06:53:36.754+0000] {dagbag.py:588} INFO - Filling up the DagBag from /opt/airflow/dags/bash_python.py
[2026-08-18T06:53:36.772+0000] {processor.py:925} INFO - DAG(s) 'download_rocket_launches' retrieved from /opt/airflow/dags/bash_python.py
[2026-08-18T06:53:36.799+0000] {logging_mixin.py:190} INFO - [2026-08-18T06:53:36.799+0000] {dag.py:3239} INFO - Sync 1 DAGs
[2026-08-18T06:53:36.811+0000] {logging_mixin.py:190} INFO - [2026-08-18T06:53:36.811+0000] {dag.py:4180} INFO - Setting next_dagrun for download_rocket_launches to None, run_after=None
[2026-08-18T06:53:36.831+0000] {processor.py:208} INFO - Processing /opt/airflow/dags/bash_python.py took 0.088 seconds
[2026-08-18T06:54:07.065+0000] {processor.py:186} INFO - Started process (PID=3494) to work on /opt/airflow/dags/bash_python.py
[2026-08-18T06:54:07.067+0000] {processor.py:914} INFO - Processing file /opt/airflow/dags/bash_python.py for tasks to queue
[2026-08-18T06:54:07.070+0000] {logging_mixin.py:190} INFO - [2026-08-18T06:54:07.070+0000] {dagbag.py:588} INFO - Filling up the DagBag from /opt/airflow/dags/bash_python.py
[2026-08-18T06:54:07.087+0000] {processor.py:925} INFO - DAG(s) 'download_rocket_launches' retrieved from /opt/airflow/dags/bash_python.py
[2026-08-18T06:54:07.117+0000] {logging_mixin.py:190} INFO - [2026-08-18T06:54:07.117+0000] {dag.py:3239} INFO - Sync 1 DAGs
[2026-08-18T06:54:07.132+0000] {logging_mixin.py:190} INFO - [2026-08-18T06:54:07.131+0000] {dag.py:4180} INFO - Setting next_dagrun for download_rocket_launches to None, run_after=None
[2026-08-18T06:54:07.150+0000] {processor.py:208} INFO - Processing /opt/airflow/dags/bash_python.py took 0.090 seconds
[2026-08-18T06:54:37.403+0000] {processor.py:186} INFO - Started process (PID=3505) to work on /opt/airflow/dags/bash_python.py
[2026-08-18T06:54:37.404+0000] {processor.py:914} INFO - Processing file /opt/airflow/dags/bash_python.py for tasks to queue
[2026-08-18T06:54:37.406+0000] {logging_mixin.py:190} INFO - [2026-08-18T06:54:37.406+0000] {dagbag.py:588} INFO - Filling up the DagBag from /opt/airflow/dags/bash_python.py
[2026-08-18T06:54:37.423+0000] {processor.py:925} INFO - DAG(s) 'download_rocket_launches' retrieved from /opt/airflow/dags/bash_python.py
[2026-08-18T06:54:37.451+0000] {logging_mixin.py:190} INFO - [2026-08-18T06:54:37.451+0000] {dag.py:3239} INFO - Sync 1 DAGs
[2026-08-18T06:54:37.464+0000] {logging_mixin.py:190} INFO - [2026-08-18T06:54:37.464+0000] {dag.py:4180} INFO - Setting next_dagrun for download_rocket_launches to None, run_after=None
[2026-08-18T06:54:37.480+0000] {processor.py:208} INFO - Processing /opt/airflow/dags/bash_python.py took 0.083 seconds
[2026-08-18T06:55:07.767+0000] {processor.py:186} INFO - Started process (PID=3516) to work on /opt/airflow/dags/bash_python.py
[2026-08-18T06:55:07.769+0000] {processor.py:914} INFO - Processing file /opt/airflow/dags/bash_python.py for tasks to queue
[2026-08-18T06:55:07.771+0000] {logging_mixin.py:190} INFO - [2026-08-18T06:55:07.771+0000] {dagbag.py:588} INFO - Filling up the DagBag from /opt/airflow/dags/bash_python.py
[2026-08-18T06:55:07.792+0000] {processor.py:925} INFO - DAG(s) 'download_rocket_launches' retrieved from /opt/airflow/dags/bash_python.py
[2026-08-18T06:55:07.820+0000] {logging_mixin.py:190} INFO - [2026-08-18T06:55:07.819+0000] {dag.py:3239} INFO - Sync 1 DAGs
[2026-08-18T06:55:07.832+0000] {logging_mixin.py:190} INFO - [2026-08-18T06:55:07.832+0000] {dag.py:4180} INFO - Setting next_dagrun for download_rocket_launches to None, run_after=None
[2026-08-18T06:55:07.849+0000] {processor.py:208} INFO - Processing /opt/airflow/dags/bash_python.py took 0.087 seconds
[2026-08-18T06:55:38.137+0000] {processor.py:186} INFO - Started process (PID=3527) to work on /opt/airflow/dags/bash_python.py
[2026-08-18T06:55:38.139+0000] {processor.py:914} INFO - Processing file /opt/airflow/dags/bash_python.py for tasks to queue
[2026-08-18T06:55:38.141+0000] {logging_mixin.py:190} INFO - [2026-08-18T06:55:38.141+0000] {dagbag.py:588} INFO - Filling up the DagBag from /opt/airflow/dags/bash_python.py
[2026-08-18T06:55:38.157+0000] {processor.py:925} INFO - DAG(s) 'download_rocket_launches' retrieved from /opt/airflow/dags/bash_python.py
[2026-08-18T06:55:38.182+0000] {logging_mixin.py:190} INFO - [2026-08-18T06:55:38.181+0000] {dag.py:3239} INFO - Sync 1 DAGs
[2026-08-18T06:55:38.193+0000] {logging_mixin.py:190} INFO - [2026-08-18T06:55:38.193+0000] {dag.py:4180} INFO - Setting next_dagrun for download_rocket_launches to None, run_after=None
[2026-08-18T06:55:38.209+0000] {processor.py:208} INFO - Processing /opt/airflow/dags/bash_python.py took 0.077 seconds
[2026-08-18T06:56:08.479+0000] {processor.py:186} INFO - Started process (PID=3538) to work on /opt/airflow/dags/bash_python.py
[2026-08-18T06:56:08.480+0000] {processor.py:914} INFO - Processing file /opt/airflow/dags/bash_python.py for tasks to queue
[2026-08-18T06:56:08.483+0000] {logging_mixin.py:190} INFO - [2026-08-18T06:56:08.482+0000] {dagbag.py:588} INFO - Filling up the DagBag from /opt/airflow/dags/bash_python.py
[2026-08-18T06:56:08.501+0000] {processor.py:925} INFO - DAG(s) 'download_rocket_launches' retrieved from /opt/airflow/dags/bash_python.py
[2026-08-18T06:56:08.529+0000] {logging_mixin.py:190} INFO - [2026-08-18T06:56:08.529+0000] {dag.py:3239} INFO - Sync 1 DAGs
[2026-08-18T06:56:08.542+0000] {logging_mixin.py:190} INFO - [2026-08-18T06:56:08.542+0000] {dag.py:4180} INFO - Setting next_dagrun for download_rocket_launches to None, run_after=None
[2026-08-18T06:56:08.559+0000] {processor.py:208} INFO - Processing /opt/airflow/dags/bash_python.py took 0.085 seconds
[2026-08-18T06:56:39.292+0000] {processor.py:186} INFO - Started process (PID=3555) to work on /opt/airflow/dags/bash_python.py
[2026-08-18T06:56:39.294+0000] {processor.py:914} INFO - Processing file /opt/airflow/dags/bash_python.py for tasks to queue
[2026-08-18T06:56:39.298+0000] {logging_mixin.py:190} INFO - [2026-08-18T06:56:39.297+0000] {dagbag.py:588} INFO - Filling up the DagBag from /opt/airflow/dags/bash_python.py
[2026-08-18T06:56:39.314+0000] {processor.py:925} INFO - DAG(s) 'download_rocket_launches' retrieved from /opt/airflow/dags/bash_python.py
[2026-08-18T06:56:39.340+0000] {logging_mixin.py:190} INFO - [2026-08-18T06:56:39.340+0000] {dag.py:3239} INFO - Sync 1 DAGs
[2026-08-18T06:56:39.353+0000] {logging_mixin.py:190} INFO - [2026-08-18T06:56:39.353+0000] {dag.py:4180} INFO - Setting next_dagrun for download_rocket_launches to None, run_after=None
[2026-08-18T06:56:39.395+0000] {processor.py:208} INFO - Processing /opt/airflow/dags/bash_python.py took 0.108 seconds
[2026-08-18T06:57:09.683+0000] {processor.py:186} INFO - Started process (PID=3566) to work on /opt/airflow/dags/bash_python.py
[2026-08-18T06:57:09.686+0000] {processor.py:914} INFO - Processing file /opt/airflow/dags/bash_python.py for tasks to queue
[2026-08-18T06:57:09.692+0000] {logging_mixin.py:190} INFO - [2026-08-18T06:57:09.692+0000] {dagbag.py:588} INFO - Filling up the DagBag from /opt/airflow/dags/bash_python.py
[2026-08-18T06:57:09.719+0000] {processor.py:925} INFO - DAG(s) 'download_rocket_launches' retrieved from /opt/airflow/dags/bash_python.py
[2026-08-18T06:57:09.762+0000] {logging_mixin.py:190} INFO - [2026-08-18T06:57:09.761+0000] {dag.py:3239} INFO - Sync 1 DAGs
[2026-08-18T06:57:09.780+0000] {logging_mixin.py:190} INFO - [2026-08-18T06:57:09.780+0000] {dag.py:4180} INFO - Setting next_dagrun for download_rocket_launches to None, run_after=None
[2026-08-18T06:57:09.811+0000] {processor.py:208} INFO - Processing /opt/airflow/dags/bash_python.py took 0.136 seconds
[2026-08-18T06:57:40.139+0000] {processor.py:186} INFO - Started process (PID=3577) to work on /opt/airflow/dags/bash_python.py
[2026-08-18T06:57:40.141+0000] {processor.py:914} INFO - Processing file /opt/airflow/dags/bash_python.py for tasks to queue
[2026-08-18T06:57:40.144+0000] {logging_mixin.py:190} INFO - [2026-08-18T06:57:40.144+0000] {dagbag.py:588} INFO - Filling up the DagBag from /opt/airflow/dags/bash_python.py
[2026-08-18T06:57:40.164+0000] {processor.py:925} INFO - DAG(s) 'download_rocket_launches' retrieved from /opt/airflow/dags/bash_python.py
[2026-08-18T06:57:40.198+0000] {logging_mixin.py:190} INFO - [2026-08-18T06:57:40.198+0000] {dag.py:3239} INFO - Sync 1 DAGs
[2026-08-18T06:57:40.212+0000] {logging_mixin.py:190} INFO - [2026-08-18T06:57:40.211+0000] {dag.py:4180} INFO - Setting next_dagrun for download_rocket_launches to None, run_after=None
[2026-08-18T06:57:40.254+0000] {processor.py:208} INFO - Processing /opt/airflow/dags/bash_python.py took 0.123 seconds
[2026-08-18T06:58:10.317+0000] {processor.py:186} INFO - Started process (PID=3594) to work on /opt/airflow/dags/bash_python.py
[2026-08-18T06:58:10.318+0000] {processor.py:914} INFO - Processing file /opt/airflow/dags/bash_python.py for tasks to queue
[2026-08-18T06:58:10.324+0000] {logging_mixin.py:190} INFO - [2026-08-18T06:58:10.323+0000] {dagbag.py:588} INFO - Filling up the DagBag from /opt/airflow/dags/bash_python.py
[2026-08-18T06:58:10.352+0000] {processor.py:925} INFO - DAG(s) 'download_rocket_launches' retrieved from /opt/airflow/dags/bash_python.py
[2026-08-18T06:58:10.388+0000] {logging_mixin.py:190} INFO - [2026-08-18T06:58:10.388+0000] {dag.py:3239} INFO - Sync 1 DAGs
[2026-08-18T06:58:10.406+0000] {logging_mixin.py:190} INFO - [2026-08-18T06:58:10.406+0000] {dag.py:4180} INFO - Setting next_dagrun for download_rocket_launches to None, run_after=None
[2026-08-18T06:58:10.451+0000] {processor.py:208} INFO - Processing /opt/airflow/dags/bash_python.py took 0.140 seconds
[2026-08-18T06:58:40.771+0000] {processor.py:186} INFO - Started process (PID=3612) to work on /opt/airflow/dags/bash_python.py
[2026-08-18T06:58:40.772+0000] {processor.py:914} INFO - Processing file /opt/airflow/dags/bash_python.py for tasks to queue
[2026-08-18T06:58:40.776+0000] {logging_mixin.py:190} INFO - [2026-08-18T06:58:40.775+0000] {dagbag.py:588} INFO - Filling up the DagBag from /opt/airflow/dags/bash_python.py
[2026-08-18T06:58:40.803+0000] {processor.py:925} INFO - DAG(s) 'download_rocket_launches' retrieved from /opt/airflow/dags/bash_python.py
[2026-08-18T06:58:40.837+0000] {logging_mixin.py:190} INFO - [2026-08-18T06:58:40.836+0000] {dag.py:3239} INFO - Sync 1 DAGs
[2026-08-18T06:58:40.852+0000] {logging_mixin.py:190} INFO - [2026-08-18T06:58:40.852+0000] {dag.py:4180} INFO - Setting next_dagrun for download_rocket_launches to None, run_after=None
[2026-08-18T06:58:40.874+0000] {processor.py:208} INFO - Processing /opt/airflow/dags/bash_python.py took 0.110 seconds
[2026-08-18T06:59:11.186+0000] {processor.py:186} INFO - Started process (PID=3623) to work on /opt/airflow/dags/bash_python.py
[2026-08-18T06:59:11.188+0000] {processor.py:914} INFO - Processing file /opt/airflow/dags/bash_python.py for tasks to queue
[2026-08-18T06:59:11.193+0000] {logging_mixin.py:190} INFO - [2026-08-18T06:59:11.191+0000] {dagbag.py:588} INFO - Filling up the DagBag from /opt/airflow/dags/bash_python.py
[2026-08-18T06:59:11.219+0000] {processor.py:925} INFO - DAG(s) 'download_rocket_launches' retrieved from /opt/airflow/dags/bash_python.py
[2026-08-18T06:59:11.261+0000] {logging_mixin.py:190} INFO - [2026-08-18T06:59:11.260+0000] {dag.py:3239} INFO - Sync 1 DAGs
[2026-08-18T06:59:11.280+0000] {logging_mixin.py:190} INFO - [2026-08-18T06:59:11.280+0000] {dag.py:4180} INFO - Setting next_dagrun for download_rocket_launches to None, run_after=None
[2026-08-18T06:59:11.327+0000] {processor.py:208} INFO - Processing /opt/airflow/dags/bash_python.py took 0.149 seconds
[2026-08-18T06:59:41.639+0000] {processor.py:186} INFO - Started process (PID=3641) to work on /opt/airflow/dags/bash_python.py
[2026-08-18T06:59:41.641+0000] {processor.py:914} INFO - Processing file /opt/airflow/dags/bash_python.py for tasks to queue
[2026-08-18T06:59:41.645+0000] {logging_mixin.py:190} INFO - [2026-08-18T06:59:41.644+0000] {dagbag.py:588} INFO - Filling up the DagBag from /opt/airflow/dags/bash_python.py
[2026-08-18T06:59:41.668+0000] {processor.py:925} INFO - DAG(s) 'download_rocket_launches' retrieved from /opt/airflow/dags/bash_python.py
[2026-08-18T06:59:41.708+0000] {logging_mixin.py:190} INFO - [2026-08-18T06:59:41.708+0000] {dag.py:3239} INFO - Sync 1 DAGs
[2026-08-18T06:59:41.728+0000] {logging_mixin.py:190} INFO - [2026-08-18T06:59:41.728+0000] {dag.py:4180} INFO - Setting next_dagrun for download_rocket_launches to None, run_after=None
[2026-08-18T06:59:41.754+0000] {processor.py:208} INFO - Processing /opt/airflow/dags/bash_python.py took 0.124 seconds
[2026-08-18T07:00:12.071+0000] {processor.py:186} INFO - Started process (PID=3652) to work on /opt/airflow/dags/bash_python.py
[2026-08-18T07:00:12.073+0000] {processor.py:914} INFO - Processing file /opt/airflow/dags/bash_python.py for tasks to queue
[2026-08-18T07:00:12.078+0000] {logging_mixin.py:190} INFO - [2026-08-18T07:00:12.077+0000] {dagbag.py:588} INFO - Filling up the DagBag from /opt/airflow/dags/bash_python.py
[2026-08-18T07:00:12.098+0000] {processor.py:925} INFO - DAG(s) 'download_rocket_launches' retrieved from /opt/airflow/dags/bash_python.py
[2026-08-18T07:00:12.135+0000] {logging_mixin.py:190} INFO - [2026-08-18T07:00:12.135+0000] {dag.py:3239} INFO - Sync 1 DAGs
[2026-08-18T07:00:12.156+0000] {logging_mixin.py:190} INFO - [2026-08-18T07:00:12.155+0000] {dag.py:4180} INFO - Setting next_dagrun for download_rocket_launches to None, run_after=None
[2026-08-18T07:00:12.353+0000] {processor.py:208} INFO - Processing /opt/airflow/dags/bash_python.py took 0.292 seconds
[2026-08-18T07:00:42.688+0000] {processor.py:186} INFO - Started process (PID=3670) to work on /opt/airflow/dags/bash_python.py
[2026-08-18T07:00:42.690+0000] {processor.py:914} INFO - Processing file /opt/airflow/dags/bash_python.py for tasks to queue
[2026-08-18T07:00:42.694+0000] {logging_mixin.py:190} INFO - [2026-08-18T07:00:42.694+0000] {dagbag.py:588} INFO - Filling up the DagBag from /opt/airflow/dags/bash_python.py
[2026-08-18T07:00:42.717+0000] {processor.py:925} INFO - DAG(s) 'download_rocket_launches' retrieved from /opt/airflow/dags/bash_python.py
[2026-08-18T07:00:42.756+0000] {logging_mixin.py:190} INFO - [2026-08-18T07:00:42.755+0000] {dag.py:3239} INFO - Sync 1 DAGs
[2026-08-18T07:00:42.769+0000] {logging_mixin.py:190} INFO - [2026-08-18T07:00:42.769+0000] {dag.py:4180} INFO - Setting next_dagrun for download_rocket_launches to None, run_after=None
[2026-08-18T07:00:42.793+0000] {processor.py:208} INFO - Processing /opt/airflow/dags/bash_python.py took 0.113 seconds
[2026-08-18T07:01:13.122+0000] {processor.py:186} INFO - Started process (PID=3681) to work on /opt/airflow/dags/bash_python.py
[2026-08-18T07:01:13.123+0000] {processor.py:914} INFO - Processing file /opt/airflow/dags/bash_python.py for tasks to queue
[2026-08-18T07:01:13.126+0000] {logging_mixin.py:190} INFO - [2026-08-18T07:01:13.126+0000] {dagbag.py:588} INFO - Filling up the DagBag from /opt/airflow/dags/bash_python.py
[2026-08-18T07:01:13.149+0000] {processor.py:925} INFO - DAG(s) 'download_rocket_launches' retrieved from /opt/airflow/dags/bash_python.py
[2026-08-18T07:01:13.189+0000] {logging_mixin.py:190} INFO - [2026-08-18T07:01:13.189+0000] {dag.py:3239} INFO - Sync 1 DAGs
[2026-08-18T07:01:13.208+0000] {logging_mixin.py:190} INFO - [2026-08-18T07:01:13.208+0000] {dag.py:4180} INFO - Setting next_dagrun for download_rocket_launches to None, run_after=None
[2026-08-18T07:01:13.258+0000] {processor.py:208} INFO - Processing /opt/airflow/dags/bash_python.py took 0.142 seconds
[2026-08-18T07:01:43.537+0000] {processor.py:186} INFO - Started process (PID=3692) to work on /opt/airflow/dags/bash_python.py
[2026-08-18T07:01:43.539+0000] {processor.py:914} INFO - Processing file /opt/airflow/dags/bash_python.py for tasks to queue
[2026-08-18T07:01:43.541+0000] {logging_mixin.py:190} INFO - [2026-08-18T07:01:43.540+0000] {dagbag.py:588} INFO - Filling up the DagBag from /opt/airflow/dags/bash_python.py
[2026-08-18T07:01:43.557+0000] {processor.py:925} INFO - DAG(s) 'download_rocket_launches' retrieved from /opt/airflow/dags/bash_python.py
[2026-08-18T07:01:43.583+0000] {logging_mixin.py:190} INFO - [2026-08-18T07:01:43.582+0000] {dag.py:3239} INFO - Sync 1 DAGs
[2026-08-18T07:01:43.594+0000] {logging_mixin.py:190} INFO - [2026-08-18T07:01:43.594+0000] {dag.py:4180} INFO - Setting next_dagrun for download_rocket_launches to None, run_after=None
[2026-08-18T07:01:43.633+0000] {processor.py:208} INFO - Processing /opt/airflow/dags/bash_python.py took 0.101 seconds
[2026-08-18T07:02:13.919+0000] {processor.py:186} INFO - Started process (PID=3703) to work on /opt/airflow/dags/bash_python.py
[2026-08-18T07:02:13.920+0000] {processor.py:914} INFO - Processing file /opt/airflow/dags/bash_python.py for tasks to queue
[2026-08-18T07:02:13.923+0000] {logging_mixin.py:190} INFO - [2026-08-18T07:02:13.922+0000] {dagbag.py:588} INFO - Filling up the DagBag from /opt/airflow/dags/bash_python.py
[2026-08-18T07:02:13.938+0000] {processor.py:925} INFO - DAG(s) 'download_rocket_launches' retrieved from /opt/airflow/dags/bash_python.py
[2026-08-18T07:02:13.966+0000] {logging_mixin.py:190} INFO - [2026-08-18T07:02:13.966+0000] {dag.py:3239} INFO - Sync 1 DAGs
[2026-08-18T07:02:13.977+0000] {logging_mixin.py:190} INFO - [2026-08-18T07:02:13.977+0000] {dag.py:4180} INFO - Setting next_dagrun for download_rocket_launches to None, run_after=None
[2026-08-18T07:02:14.015+0000] {processor.py:208} INFO - Processing /opt/airflow/dags/bash_python.py took 0.101 seconds
[2026-08-18T07:02:44.321+0000] {processor.py:186} INFO - Started process (PID=3714) to work on /opt/airflow/dags/bash_python.py
[2026-08-18T07:02:44.323+0000] {processor.py:914} INFO - Processing file /opt/airflow/dags/bash_python.py for tasks to queue
[2026-08-18T07:02:44.326+0000] {logging_mixin.py:190} INFO - [2026-08-18T07:02:44.326+0000] {dagbag.py:588} INFO - Filling up the DagBag from /opt/airflow/dags/bash_python.py
[2026-08-18T07:02:44.347+0000] {processor.py:925} INFO - DAG(s) 'download_rocket_launches' retrieved from /opt/airflow/dags/bash_python.py
[2026-08-18T07:02:44.375+0000] {logging_mixin.py:190} INFO - [2026-08-18T07:02:44.375+0000] {dag.py:3239} INFO - Sync 1 DAGs
[2026-08-18T07:02:44.398+0000] {logging_mixin.py:190} INFO - [2026-08-18T07:02:44.397+0000] {dag.py:4180} INFO - Setting next_dagrun for download_rocket_launches to None, run_after=None
[2026-08-18T07:02:44.849+0000] {processor.py:208} INFO - Processing /opt/airflow/dags/bash_python.py took 0.536 seconds
[2026-08-18T07:03:15.050+0000] {processor.py:186} INFO - Started process (PID=3725) to work on /opt/airflow/dags/bash_python.py
[2026-08-18T07:03:15.051+0000] {processor.py:914} INFO - Processing file /opt/airflow/dags/bash_python.py for tasks to queue
[2026-08-18T07:03:15.054+0000] {logging_mixin.py:190} INFO - [2026-08-18T07:03:15.053+0000] {dagbag.py:588} INFO - Filling up the DagBag from /opt/airflow/dags/bash_python.py
[2026-08-18T07:03:15.101+0000] {processor.py:925} INFO - DAG(s) 'download_rocket_launches' retrieved from /opt/airflow/dags/bash_python.py
[2026-08-18T07:03:15.138+0000] {logging_mixin.py:190} INFO - [2026-08-18T07:03:15.137+0000] {dag.py:3239} INFO - Sync 1 DAGs
[2026-08-18T07:03:15.156+0000] {logging_mixin.py:190} INFO - [2026-08-18T07:03:15.155+0000] {dag.py:4180} INFO - Setting next_dagrun for download_rocket_launches to None, run_after=None
[2026-08-18T07:03:15.179+0000] {processor.py:208} INFO - Processing /opt/airflow/dags/bash_python.py took 0.136 seconds
[2026-08-18T07:03:45.274+0000] {processor.py:186} INFO - Started process (PID=3745) to work on /opt/airflow/dags/bash_python.py
[2026-08-18T07:03:45.276+0000] {processor.py:914} INFO - Processing file /opt/airflow/dags/bash_python.py for tasks to queue
[2026-08-18T07:03:45.280+0000] {logging_mixin.py:190} INFO - [2026-08-18T07:03:45.280+0000] {dagbag.py:588} INFO - Filling up the DagBag from /opt/airflow/dags/bash_python.py
[2026-08-18T07:03:45.303+0000] {processor.py:925} INFO - DAG(s) 'download_rocket_launches' retrieved from /opt/airflow/dags/bash_python.py
[2026-08-18T07:03:45.349+0000] {logging_mixin.py:190} INFO - [2026-08-18T07:03:45.349+0000] {dag.py:3239} INFO - Sync 1 DAGs
[2026-08-18T07:03:45.372+0000] {logging_mixin.py:190} INFO - [2026-08-18T07:03:45.372+0000] {dag.py:4180} INFO - Setting next_dagrun for download_rocket_launches to None, run_after=None
[2026-08-18T07:03:45.426+0000] {processor.py:208} INFO - Processing /opt/airflow/dags/bash_python.py took 0.157 seconds
[2026-08-18T07:04:15.747+0000] {processor.py:186} INFO - Started process (PID=3760) to work on /opt/airflow/dags/bash_python.py
[2026-08-18T07:04:15.749+0000] {processor.py:914} INFO - Processing file /opt/airflow/dags/bash_python.py for tasks to queue
[2026-08-18T07:04:15.752+0000] {logging_mixin.py:190} INFO - [2026-08-18T07:04:15.752+0000] {dagbag.py:588} INFO - Filling up the DagBag from /opt/airflow/dags/bash_python.py
[2026-08-18T07:04:15.774+0000] {processor.py:925} INFO - DAG(s) 'download_rocket_launches' retrieved from /opt/airflow/dags/bash_python.py
[2026-08-18T07:04:15.807+0000] {logging_mixin.py:190} INFO - [2026-08-18T07:04:15.807+0000] {dag.py:3239} INFO - Sync 1 DAGs
[2026-08-18T07:04:15.823+0000] {logging_mixin.py:190} INFO - [2026-08-18T07:04:15.823+0000] {dag.py:4180} INFO - Setting next_dagrun for download_rocket_launches to None, run_after=None
[2026-08-18T07:04:15.849+0000] {processor.py:208} INFO - Processing /opt/airflow/dags/bash_python.py took 0.109 seconds
[2026-08-18T07:04:46.197+0000] {processor.py:186} INFO - Started process (PID=3779) to work on /opt/airflow/dags/bash_python.py
[2026-08-18T07:04:46.198+0000] {processor.py:914} INFO - Processing file /opt/airflow/dags/bash_python.py for tasks to queue
[2026-08-18T07:04:46.201+0000] {logging_mixin.py:190} INFO - [2026-08-18T07:04:46.201+0000] {dagbag.py:588} INFO - Filling up the DagBag from /opt/airflow/dags/bash_python.py
[2026-08-18T07:04:46.218+0000] {processor.py:925} INFO - DAG(s) 'download_rocket_launches' retrieved from /opt/airflow/dags/bash_python.py
[2026-08-18T07:04:46.252+0000] {logging_mixin.py:190} INFO - [2026-08-18T07:04:46.252+0000] {dag.py:3239} INFO - Sync 1 DAGs
[2026-08-18T07:04:46.272+0000] {logging_mixin.py:190} INFO - [2026-08-18T07:04:46.272+0000] {dag.py:4180} INFO - Setting next_dagrun for download_rocket_launches to None, run_after=None
[2026-08-18T07:04:46.314+0000] {processor.py:208} INFO - Processing /opt/airflow/dags/bash_python.py took 0.125 seconds
[2026-08-18T07:05:16.551+0000] {processor.py:186} INFO - Started process (PID=3808) to work on /opt/airflow/dags/bash_python.py
[2026-08-18T07:05:16.554+0000] {processor.py:914} INFO - Processing file /opt/airflow/dags/bash_python.py for tasks to queue
[2026-08-18T07:05:16.559+0000] {logging_mixin.py:190} INFO - [2026-08-18T07:05:16.558+0000] {dagbag.py:588} INFO - Filling up the DagBag from /opt/airflow/dags/bash_python.py
[2026-08-18T07:05:16.589+0000] {processor.py:925} INFO - DAG(s) 'download_rocket_launches' retrieved from /opt/airflow/dags/bash_python.py
[2026-08-18T07:05:16.636+0000] {logging_mixin.py:190} INFO - [2026-08-18T07:05:16.636+0000] {dag.py:3239} INFO - Sync 1 DAGs
[2026-08-18T07:05:16.657+0000] {logging_mixin.py:190} INFO - [2026-08-18T07:05:16.656+0000] {dag.py:4180} INFO - Setting next_dagrun for download_rocket_launches to None, run_after=None
[2026-08-18T07:05:16.705+0000] {processor.py:208} INFO - Processing /opt/airflow/dags/bash_python.py took 0.165 seconds
[2026-08-18T07:05:47.034+0000] {processor.py:186} INFO - Started process (PID=3819) to work on /opt/airflow/dags/bash_python.py
[2026-08-18T07:05:47.036+0000] {processor.py:914} INFO - Processing file /opt/airflow/dags/bash_python.py for tasks to queue
[2026-08-18T07:05:47.041+0000] {logging_mixin.py:190} INFO - [2026-08-18T07:05:47.041+0000] {dagbag.py:588} INFO - Filling up the DagBag from /opt/airflow/dags/bash_python.py
[2026-08-18T07:05:47.064+0000] {processor.py:925} INFO - DAG(s) 'download_rocket_launches' retrieved from /opt/airflow/dags/bash_python.py
[2026-08-18T07:05:47.096+0000] {logging_mixin.py:190} INFO - [2026-08-18T07:05:47.096+0000] {dag.py:3239} INFO - Sync 1 DAGs
[2026-08-18T07:05:47.116+0000] {logging_mixin.py:190} INFO - [2026-08-18T07:05:47.116+0000] {dag.py:4180} INFO - Setting next_dagrun for download_rocket_launches to None, run_after=None
[2026-08-18T07:05:47.350+0000] {processor.py:208} INFO - Processing /opt/airflow/dags/bash_python.py took 0.322 seconds
[2026-08-18T07:06:18.297+0000] {processor.py:186} INFO - Started process (PID=3834) to work on /opt/airflow/dags/bash_python.py
[2026-08-18T07:06:18.298+0000] {processor.py:914} INFO - Processing file /opt/airflow/dags/bash_python.py for tasks to queue
[2026-08-18T07:06:18.301+0000] {logging_mixin.py:190} INFO - [2026-08-18T07:06:18.301+0000] {dagbag.py:588} INFO - Filling up the DagBag from /opt/airflow/dags/bash_python.py
[2026-08-18T07:06:18.341+0000] {processor.py:925} INFO - DAG(s) 'download_rocket_launches' retrieved from /opt/airflow/dags/bash_python.py
[2026-08-18T07:06:18.370+0000] {logging_mixin.py:190} INFO - [2026-08-18T07:06:18.370+0000] {dag.py:3239} INFO - Sync 1 DAGs
[2026-08-18T07:06:18.385+0000] {logging_mixin.py:190} INFO - [2026-08-18T07:06:18.385+0000] {dag.py:4180} INFO - Setting next_dagrun for download_rocket_launches to None, run_after=None
[2026-08-18T07:06:18.402+0000] {processor.py:208} INFO - Processing /opt/airflow/dags/bash_python.py took 0.111 seconds
[2026-08-18T07:06:48.686+0000] {processor.py:186} INFO - Started process (PID=3845) to work on /opt/airflow/dags/bash_python.py
[2026-08-18T07:06:48.687+0000] {processor.py:914} INFO - Processing file /opt/airflow/dags/bash_python.py for tasks to queue
[2026-08-18T07:06:48.689+0000] {logging_mixin.py:190} INFO - [2026-08-18T07:06:48.689+0000] {dagbag.py:588} INFO - Filling up the DagBag from /opt/airflow/dags/bash_python.py
[2026-08-18T07:06:48.706+0000] {processor.py:925} INFO - DAG(s) 'download_rocket_launches' retrieved from /opt/airflow/dags/bash_python.py
[2026-08-18T07:06:48.751+0000] {logging_mixin.py:190} INFO - [2026-08-18T07:06:48.750+0000] {dag.py:3239} INFO - Sync 1 DAGs
[2026-08-18T07:06:48.769+0000] {logging_mixin.py:190} INFO - [2026-08-18T07:06:48.768+0000] {dag.py:4180} INFO - Setting next_dagrun for download_rocket_launches to None, run_after=None
[2026-08-18T07:06:48.813+0000] {processor.py:208} INFO - Processing /opt/airflow/dags/bash_python.py took 0.132 seconds
[2026-08-18T07:07:19.138+0000] {processor.py:186} INFO - Started process (PID=3860) to work on /opt/airflow/dags/bash_python.py
[2026-08-18T07:07:19.139+0000] {processor.py:914} INFO - Processing file /opt/airflow/dags/bash_python.py for tasks to queue
[2026-08-18T07:07:19.142+0000] {logging_mixin.py:190} INFO - [2026-08-18T07:07:19.142+0000] {dagbag.py:588} INFO - Filling up the DagBag from /opt/airflow/dags/bash_python.py
[2026-08-18T07:07:19.158+0000] {processor.py:925} INFO - DAG(s) 'download_rocket_launches' retrieved from /opt/airflow/dags/bash_python.py
[2026-08-18T07:07:19.184+0000] {logging_mixin.py:190} INFO - [2026-08-18T07:07:19.184+0000] {dag.py:3239} INFO - Sync 1 DAGs
[2026-08-18T07:07:19.196+0000] {logging_mixin.py:190} INFO - [2026-08-18T07:07:19.196+0000] {dag.py:4180} INFO - Setting next_dagrun for download_rocket_launches to None, run_after=None
[2026-08-18T07:07:19.238+0000] {processor.py:208} INFO - Processing /opt/airflow/dags/bash_python.py took 0.105 seconds
[2026-08-18T07:07:49.530+0000] {processor.py:186} INFO - Started process (PID=3877) to work on /opt/airflow/dags/bash_python.py
[2026-08-18T07:07:49.531+0000] {processor.py:914} INFO - Processing file /opt/airflow/dags/bash_python.py for tasks to queue
[2026-08-18T07:07:49.534+0000] {logging_mixin.py:190} INFO - [2026-08-18T07:07:49.533+0000] {dagbag.py:588} INFO - Filling up the DagBag from /opt/airflow/dags/bash_python.py
[2026-08-18T07:07:49.550+0000] {processor.py:925} INFO - DAG(s) 'download_rocket_launches' retrieved from /opt/airflow/dags/bash_python.py
[2026-08-18T07:07:49.579+0000] {logging_mixin.py:190} INFO - [2026-08-18T07:07:49.578+0000] {dag.py:3239} INFO - Sync 1 DAGs
[2026-08-18T07:07:49.590+0000] {logging_mixin.py:190} INFO - [2026-08-18T07:07:49.589+0000] {dag.py:4180} INFO - Setting next_dagrun for download_rocket_launches to None, run_after=None
[2026-08-18T07:07:49.606+0000] {processor.py:208} INFO - Processing /opt/airflow/dags/bash_python.py took 0.082 seconds
[2026-08-18T07:08:19.927+0000] {processor.py:186} INFO - Started process (PID=3892) to work on /opt/airflow/dags/bash_python.py
[2026-08-18T07:08:19.928+0000] {processor.py:914} INFO - Processing file /opt/airflow/dags/bash_python.py for tasks to queue
[2026-08-18T07:08:19.931+0000] {logging_mixin.py:190} INFO - [2026-08-18T07:08:19.931+0000] {dagbag.py:588} INFO - Filling up the DagBag from /opt/airflow/dags/bash_python.py
[2026-08-18T07:08:19.949+0000] {processor.py:925} INFO - DAG(s) 'download_rocket_launches' retrieved from /opt/airflow/dags/bash_python.py
[2026-08-18T07:08:19.986+0000] {logging_mixin.py:190} INFO - [2026-08-18T07:08:19.986+0000] {dag.py:3239} INFO - Sync 1 DAGs
[2026-08-18T07:08:20.006+0000] {logging_mixin.py:190} INFO - [2026-08-18T07:08:20.006+0000] {dag.py:4180} INFO - Setting next_dagrun for download_rocket_launches to None, run_after=None
[2026-08-18T07:08:20.055+0000] {processor.py:208} INFO - Processing /opt/airflow/dags/bash_python.py took 0.134 seconds
[2026-08-18T07:08:50.351+0000] {processor.py:186} INFO - Started process (PID=3903) to work on /opt/airflow/dags/bash_python.py
[2026-08-18T07:08:50.353+0000] {processor.py:914} INFO - Processing file /opt/airflow/dags/bash_python.py for tasks to queue
[2026-08-18T07:08:50.360+0000] {logging_mixin.py:190} INFO - [2026-08-18T07:08:50.359+0000] {dagbag.py:588} INFO - Filling up the DagBag from /opt/airflow/dags/bash_python.py
[2026-08-18T07:08:50.387+0000] {processor.py:925} INFO - DAG(s) 'download_rocket_launches' retrieved from /opt/airflow/dags/bash_python.py
[2026-08-18T07:08:50.423+0000] {logging_mixin.py:190} INFO - [2026-08-18T07:08:50.423+0000] {dag.py:3239} INFO - Sync 1 DAGs
[2026-08-18T07:08:50.609+0000] {logging_mixin.py:190} INFO - [2026-08-18T07:08:50.608+0000] {dag.py:4180} INFO - Setting next_dagrun for download_rocket_launches to None, run_after=None
[2026-08-18T07:08:50.625+0000] {processor.py:208} INFO - Processing /opt/airflow/dags/bash_python.py took 0.284 seconds
[2026-08-18T07:09:20.735+0000] {processor.py:186} INFO - Started process (PID=3922) to work on /opt/airflow/dags/bash_python.py
[2026-08-18T07:09:20.739+0000] {processor.py:914} INFO - Processing file /opt/airflow/dags/bash_python.py for tasks to queue
[2026-08-18T07:09:20.742+0000] {logging_mixin.py:190} INFO - [2026-08-18T07:09:20.741+0000] {dagbag.py:588} INFO - Filling up the DagBag from /opt/airflow/dags/bash_python.py
[2026-08-18T07:09:20.765+0000] {processor.py:925} INFO - DAG(s) 'download_rocket_launches' retrieved from /opt/airflow/dags/bash_python.py
[2026-08-18T07:09:20.801+0000] {logging_mixin.py:190} INFO - [2026-08-18T07:09:20.801+0000] {dag.py:3239} INFO - Sync 1 DAGs
[2026-08-18T07:09:20.818+0000] {logging_mixin.py:190} INFO - [2026-08-18T07:09:20.818+0000] {dag.py:4180} INFO - Setting next_dagrun for download_rocket_launches to None, run_after=None
[2026-08-18T07:09:20.865+0000] {processor.py:208} INFO - Processing /opt/airflow/dags/bash_python.py took 0.136 seconds
[2026-08-18T07:09:51.190+0000] {processor.py:186} INFO - Started process (PID=3935) to work on /opt/airflow/dags/bash_python.py
[2026-08-18T07:09:51.192+0000] {processor.py:914} INFO - Processing file /opt/airflow/dags/bash_python.py for tasks to queue
[2026-08-18T07:09:51.196+0000] {logging_mixin.py:190} INFO - [2026-08-18T07:09:51.196+0000] {dagbag.py:588} INFO - Filling up the DagBag from /opt/airflow/dags/bash_python.py
[2026-08-18T07:09:51.220+0000] {processor.py:925} INFO - DAG(s) 'download_rocket_launches' retrieved from /opt/airflow/dags/bash_python.py
[2026-08-18T07:09:51.268+0000] {logging_mixin.py:190} INFO - [2026-08-18T07:09:51.267+0000] {dag.py:3239} INFO - Sync 1 DAGs
[2026-08-18T07:09:51.289+0000] {logging_mixin.py:190} INFO - [2026-08-18T07:09:51.288+0000] {dag.py:4180} INFO - Setting next_dagrun for download_rocket_launches to None, run_after=None
[2026-08-18T07:09:51.316+0000] {processor.py:208} INFO - Processing /opt/airflow/dags/bash_python.py took 0.135 seconds
[2026-08-18T07:10:21.637+0000] {processor.py:186} INFO - Started process (PID=3950) to work on /opt/airflow/dags/bash_python.py
[2026-08-18T07:10:21.638+0000] {processor.py:914} INFO - Processing file /opt/airflow/dags/bash_python.py for tasks to queue
[2026-08-18T07:10:21.641+0000] {logging_mixin.py:190} INFO - [2026-08-18T07:10:21.640+0000] {dagbag.py:588} INFO - Filling up the DagBag from /opt/airflow/dags/bash_python.py
[2026-08-18T07:10:21.657+0000] {processor.py:925} INFO - DAG(s) 'download_rocket_launches' retrieved from /opt/airflow/dags/bash_python.py
[2026-08-18T07:10:21.684+0000] {logging_mixin.py:190} INFO - [2026-08-18T07:10:21.684+0000] {dag.py:3239} INFO - Sync 1 DAGs
[2026-08-18T07:10:21.697+0000] {logging_mixin.py:190} INFO - [2026-08-18T07:10:21.696+0000] {dag.py:4180} INFO - Setting next_dagrun for download_rocket_launches to None, run_after=None
[2026-08-18T07:10:21.713+0000] {processor.py:208} INFO - Processing /opt/airflow/dags/bash_python.py took 0.081 seconds
[2026-08-18T07:10:51.784+0000] {processor.py:186} INFO - Started process (PID=3967) to work on /opt/airflow/dags/bash_python.py
[2026-08-18T07:10:51.786+0000] {processor.py:914} INFO - Processing file /opt/airflow/dags/bash_python.py for tasks to queue
[2026-08-18T07:10:51.790+0000] {logging_mixin.py:190} INFO - [2026-08-18T07:10:51.789+0000] {dagbag.py:588} INFO - Filling up the DagBag from /opt/airflow/dags/bash_python.py
[2026-08-18T07:10:51.813+0000] {processor.py:925} INFO - DAG(s) 'download_rocket_launches' retrieved from /opt/airflow/dags/bash_python.py
[2026-08-18T07:10:51.847+0000] {logging_mixin.py:190} INFO - [2026-08-18T07:10:51.846+0000] {dag.py:3239} INFO - Sync 1 DAGs
[2026-08-18T07:10:51.863+0000] {logging_mixin.py:190} INFO - [2026-08-18T07:10:51.863+0000] {dag.py:4180} INFO - Setting next_dagrun for download_rocket_launches to None, run_after=None
[2026-08-18T07:10:51.892+0000] {processor.py:208} INFO - Processing /opt/airflow/dags/bash_python.py took 0.115 seconds
[2026-08-18T07:11:22.213+0000] {processor.py:186} INFO - Started process (PID=3978) to work on /opt/airflow/dags/bash_python.py
[2026-08-18T07:11:22.214+0000] {processor.py:914} INFO - Processing file /opt/airflow/dags/bash_python.py for tasks to queue
[2026-08-18T07:11:22.217+0000] {logging_mixin.py:190} INFO - [2026-08-18T07:11:22.217+0000] {dagbag.py:588} INFO - Filling up the DagBag from /opt/airflow/dags/bash_python.py
[2026-08-18T07:11:22.238+0000] {processor.py:925} INFO - DAG(s) 'download_rocket_launches' retrieved from /opt/airflow/dags/bash_python.py
[2026-08-18T07:11:22.276+0000] {logging_mixin.py:190} INFO - [2026-08-18T07:11:22.276+0000] {dag.py:3239} INFO - Sync 1 DAGs
[2026-08-18T07:11:22.295+0000] {logging_mixin.py:190} INFO - [2026-08-18T07:11:22.295+0000] {dag.py:4180} INFO - Setting next_dagrun for download_rocket_launches to None, run_after=None
[2026-08-18T07:11:22.516+0000] {processor.py:208} INFO - Processing /opt/airflow/dags/bash_python.py took 0.309 seconds
[2026-08-18T07:11:52.791+0000] {processor.py:186} INFO - Started process (PID=3989) to work on /opt/airflow/dags/bash_python.py
[2026-08-18T07:11:52.793+0000] {processor.py:914} INFO - Processing file /opt/airflow/dags/bash_python.py for tasks to queue
[2026-08-18T07:11:52.797+0000] {logging_mixin.py:190} INFO - [2026-08-18T07:11:52.796+0000] {dagbag.py:588} INFO - Filling up the DagBag from /opt/airflow/dags/bash_python.py
[2026-08-18T07:11:52.814+0000] {processor.py:925} INFO - DAG(s) 'download_rocket_launches' retrieved from /opt/airflow/dags/bash_python.py
[2026-08-18T07:11:52.841+0000] {logging_mixin.py:190} INFO - [2026-08-18T07:11:52.840+0000] {dag.py:3239} INFO - Sync 1 DAGs
[2026-08-18T07:11:52.853+0000] {logging_mixin.py:190} INFO - [2026-08-18T07:11:52.853+0000] {dag.py:4180} INFO - Setting next_dagrun for download_rocket_launches to None, run_after=None
[2026-08-18T07:11:52.894+0000] {processor.py:208} INFO - Processing /opt/airflow/dags/bash_python.py took 0.108 seconds
[2026-08-18T07:12:23.189+0000] {processor.py:186} INFO - Started process (PID=4000) to work on /opt/airflow/dags/bash_python.py
[2026-08-18T07:12:23.192+0000] {processor.py:914} INFO - Processing file /opt/airflow/dags/bash_python.py for tasks to queue
[2026-08-18T07:12:23.197+0000] {logging_mixin.py:190} INFO - [2026-08-18T07:12:23.197+0000] {dagbag.py:588} INFO - Filling up the DagBag from /opt/airflow/dags/bash_python.py
[2026-08-18T07:12:23.221+0000] {processor.py:925} INFO - DAG(s) 'download_rocket_launches' retrieved from /opt/airflow/dags/bash_python.py
[2026-08-18T07:12:23.255+0000] {logging_mixin.py:190} INFO - [2026-08-18T07:12:23.255+0000] {dag.py:3239} INFO - Sync 1 DAGs
[2026-08-18T07:12:23.274+0000] {logging_mixin.py:190} INFO - [2026-08-18T07:12:23.274+0000] {dag.py:4180} INFO - Setting next_dagrun for download_rocket_launches to None, run_after=None
[2026-08-18T07:12:23.292+0000] {processor.py:208} INFO - Processing /opt/airflow/dags/bash_python.py took 0.117 seconds
[2026-08-18T07:12:53.546+0000] {processor.py:186} INFO - Started process (PID=4011) to work on /opt/airflow/dags/bash_python.py
[2026-08-18T07:12:53.548+0000] {processor.py:914} INFO - Processing file /opt/airflow/dags/bash_python.py for tasks to queue
[2026-08-18T07:12:53.550+0000] {logging_mixin.py:190} INFO - [2026-08-18T07:12:53.550+0000] {dagbag.py:588} INFO - Filling up the DagBag from /opt/airflow/dags/bash_python.py
[2026-08-18T07:12:53.566+0000] {processor.py:925} INFO - DAG(s) 'download_rocket_launches' retrieved from /opt/airflow/dags/bash_python.py
[2026-08-18T07:12:53.593+0000] {logging_mixin.py:190} INFO - [2026-08-18T07:12:53.592+0000] {dag.py:3239} INFO - Sync 1 DAGs
[2026-08-18T07:12:53.606+0000] {logging_mixin.py:190} INFO - [2026-08-18T07:12:53.606+0000] {dag.py:4180} INFO - Setting next_dagrun for download_rocket_launches to None, run_after=None
[2026-08-18T07:12:53.651+0000] {processor.py:208} INFO - Processing /opt/airflow/dags/bash_python.py took 0.109 seconds
[2026-08-18T07:13:23.998+0000] {processor.py:186} INFO - Started process (PID=4022) to work on /opt/airflow/dags/bash_python.py
[2026-08-18T07:13:24.000+0000] {processor.py:914} INFO - Processing file /opt/airflow/dags/bash_python.py for tasks to queue
[2026-08-18T07:13:24.003+0000] {logging_mixin.py:190} INFO - [2026-08-18T07:13:24.003+0000] {dagbag.py:588} INFO - Filling up the DagBag from /opt/airflow/dags/bash_python.py
[2026-08-18T07:13:24.027+0000] {processor.py:925} INFO - DAG(s) 'download_rocket_launches' retrieved from /opt/airflow/dags/bash_python.py
[2026-08-18T07:13:24.072+0000] {logging_mixin.py:190} INFO - [2026-08-18T07:13:24.071+0000] {dag.py:3239} INFO - Sync 1 DAGs
[2026-08-18T07:13:24.092+0000] {logging_mixin.py:190} INFO - [2026-08-18T07:13:24.091+0000] {dag.py:4180} INFO - Setting next_dagrun for download_rocket_launches to None, run_after=None
[2026-08-18T07:13:24.142+0000] {processor.py:208} INFO - Processing /opt/airflow/dags/bash_python.py took 0.152 seconds
[2026-08-18T07:13:54.448+0000] {processor.py:186} INFO - Started process (PID=4033) to work on /opt/airflow/dags/bash_python.py
[2026-08-18T07:13:54.449+0000] {processor.py:914} INFO - Processing file /opt/airflow/dags/bash_python.py for tasks to queue
[2026-08-18T07:13:54.452+0000] {logging_mixin.py:190} INFO - [2026-08-18T07:13:54.451+0000] {dagbag.py:588} INFO - Filling up the DagBag from /opt/airflow/dags/bash_python.py
[2026-08-18T07:13:54.467+0000] {processor.py:925} INFO - DAG(s) 'download_rocket_launches' retrieved from /opt/airflow/dags/bash_python.py
[2026-08-18T07:13:54.496+0000] {logging_mixin.py:190} INFO - [2026-08-18T07:13:54.495+0000] {dag.py:3239} INFO - Sync 1 DAGs
[2026-08-18T07:13:54.508+0000] {logging_mixin.py:190} INFO - [2026-08-18T07:13:54.508+0000] {dag.py:4180} INFO - Setting next_dagrun for download_rocket_launches to None, run_after=None
[2026-08-18T07:13:54.547+0000] {processor.py:208} INFO - Processing /opt/airflow/dags/bash_python.py took 0.104 seconds
[2026-08-18T07:14:24.834+0000] {processor.py:186} INFO - Started process (PID=4044) to work on /opt/airflow/dags/bash_python.py
[2026-08-18T07:14:24.836+0000] {processor.py:914} INFO - Processing file /opt/airflow/dags/bash_python.py for tasks to queue
[2026-08-18T07:14:24.838+0000] {logging_mixin.py:190} INFO - [2026-08-18T07:14:24.838+0000] {dagbag.py:588} INFO - Filling up the DagBag from /opt/airflow/dags/bash_python.py
[2026-08-18T07:14:24.855+0000] {processor.py:925} INFO - DAG(s) 'download_rocket_launches' retrieved from /opt/airflow/dags/bash_python.py
[2026-08-18T07:14:24.882+0000] {logging_mixin.py:190} INFO - [2026-08-18T07:14:24.881+0000] {dag.py:3239} INFO - Sync 1 DAGs
[2026-08-18T07:14:25.031+0000] {logging_mixin.py:190} INFO - [2026-08-18T07:14:25.031+0000] {dag.py:4180} INFO - Setting next_dagrun for download_rocket_launches to None, run_after=None
[2026-08-18T07:14:25.073+0000] {processor.py:208} INFO - Processing /opt/airflow/dags/bash_python.py took 0.244 seconds
[2026-08-18T07:14:55.425+0000] {processor.py:186} INFO - Started process (PID=4061) to work on /opt/airflow/dags/bash_python.py
[2026-08-18T07:14:55.426+0000] {processor.py:914} INFO - Processing file /opt/airflow/dags/bash_python.py for tasks to queue
[2026-08-18T07:14:55.430+0000] {logging_mixin.py:190} INFO - [2026-08-18T07:14:55.429+0000] {dagbag.py:588} INFO - Filling up the DagBag from /opt/airflow/dags/bash_python.py
[2026-08-18T07:14:55.452+0000] {processor.py:925} INFO - DAG(s) 'download_rocket_launches' retrieved from /opt/airflow/dags/bash_python.py
[2026-08-18T07:14:55.486+0000] {logging_mixin.py:190} INFO - [2026-08-18T07:14:55.485+0000] {dag.py:3239} INFO - Sync 1 DAGs
[2026-08-18T07:14:55.502+0000] {logging_mixin.py:190} INFO - [2026-08-18T07:14:55.501+0000] {dag.py:4180} INFO - Setting next_dagrun for download_rocket_launches to None, run_after=None
[2026-08-18T07:14:55.550+0000] {processor.py:208} INFO - Processing /opt/airflow/dags/bash_python.py took 0.132 seconds
[2026-08-18T07:15:25.857+0000] {processor.py:186} INFO - Started process (PID=4089) to work on /opt/airflow/dags/bash_python.py
[2026-08-18T07:15:25.859+0000] {processor.py:914} INFO - Processing file /opt/airflow/dags/bash_python.py for tasks to queue
[2026-08-18T07:15:25.863+0000] {logging_mixin.py:190} INFO - [2026-08-18T07:15:25.863+0000] {dagbag.py:588} INFO - Filling up the DagBag from /opt/airflow/dags/bash_python.py
[2026-08-18T07:15:25.881+0000] {processor.py:925} INFO - DAG(s) 'download_rocket_launches' retrieved from /opt/airflow/dags/bash_python.py
[2026-08-18T07:15:25.914+0000] {logging_mixin.py:190} INFO - [2026-08-18T07:15:25.914+0000] {dag.py:3239} INFO - Sync 1 DAGs
[2026-08-18T07:15:25.931+0000] {logging_mixin.py:190} INFO - [2026-08-18T07:15:25.931+0000] {dag.py:4180} INFO - Setting next_dagrun for download_rocket_launches to None, run_after=None
[2026-08-18T07:15:25.973+0000] {processor.py:208} INFO - Processing /opt/airflow/dags/bash_python.py took 0.124 seconds
[2026-08-18T07:15:56.286+0000] {processor.py:186} INFO - Started process (PID=4100) to work on /opt/airflow/dags/bash_python.py
[2026-08-18T07:15:56.288+0000] {processor.py:914} INFO - Processing file /opt/airflow/dags/bash_python.py for tasks to queue
[2026-08-18T07:15:56.293+0000] {logging_mixin.py:190} INFO - [2026-08-18T07:15:56.292+0000] {dagbag.py:588} INFO - Filling up the DagBag from /opt/airflow/dags/bash_python.py
[2026-08-18T07:15:56.317+0000] {processor.py:925} INFO - DAG(s) 'download_rocket_launches' retrieved from /opt/airflow/dags/bash_python.py
[2026-08-18T07:15:56.357+0000] {logging_mixin.py:190} INFO - [2026-08-18T07:15:56.356+0000] {dag.py:3239} INFO - Sync 1 DAGs
[2026-08-18T07:15:56.375+0000] {logging_mixin.py:190} INFO - [2026-08-18T07:15:56.375+0000] {dag.py:4180} INFO - Setting next_dagrun for download_rocket_launches to None, run_after=None
[2026-08-18T07:15:56.399+0000] {processor.py:208} INFO - Processing /opt/airflow/dags/bash_python.py took 0.123 seconds
[2026-08-18T07:16:26.712+0000] {processor.py:186} INFO - Started process (PID=4128) to work on /opt/airflow/dags/bash_python.py
[2026-08-18T07:16:26.713+0000] {processor.py:914} INFO - Processing file /opt/airflow/dags/bash_python.py for tasks to queue
[2026-08-18T07:16:26.715+0000] {logging_mixin.py:190} INFO - [2026-08-18T07:16:26.715+0000] {dagbag.py:588} INFO - Filling up the DagBag from /opt/airflow/dags/bash_python.py
[2026-08-18T07:16:26.734+0000] {processor.py:925} INFO - DAG(s) 'download_rocket_launches' retrieved from /opt/airflow/dags/bash_python.py
[2026-08-18T07:16:26.762+0000] {logging_mixin.py:190} INFO - [2026-08-18T07:16:26.762+0000] {dag.py:3239} INFO - Sync 1 DAGs
[2026-08-18T07:16:26.773+0000] {logging_mixin.py:190} INFO - [2026-08-18T07:16:26.773+0000] {dag.py:4180} INFO - Setting next_dagrun for download_rocket_launches to None, run_after=None
[2026-08-18T07:16:26.790+0000] {processor.py:208} INFO - Processing /opt/airflow/dags/bash_python.py took 0.083 seconds
[2026-08-18T07:16:57.083+0000] {processor.py:186} INFO - Started process (PID=4156) to work on /opt/airflow/dags/bash_python.py
[2026-08-18T07:16:57.085+0000] {processor.py:914} INFO - Processing file /opt/airflow/dags/bash_python.py for tasks to queue
[2026-08-18T07:16:57.088+0000] {logging_mixin.py:190} INFO - [2026-08-18T07:16:57.087+0000] {dagbag.py:588} INFO - Filling up the DagBag from /opt/airflow/dags/bash_python.py
[2026-08-18T07:16:57.113+0000] {processor.py:925} INFO - DAG(s) 'download_rocket_launches' retrieved from /opt/airflow/dags/bash_python.py
[2026-08-18T07:16:57.147+0000] {logging_mixin.py:190} INFO - [2026-08-18T07:16:57.147+0000] {dag.py:3239} INFO - Sync 1 DAGs
[2026-08-18T07:16:57.161+0000] {logging_mixin.py:190} INFO - [2026-08-18T07:16:57.161+0000] {dag.py:4180} INFO - Setting next_dagrun for download_rocket_launches to None, run_after=None
[2026-08-18T07:16:57.448+0000] {processor.py:208} INFO - Processing /opt/airflow/dags/bash_python.py took 0.371 seconds
[2026-08-18T07:17:28.354+0000] {processor.py:186} INFO - Started process (PID=4167) to work on /opt/airflow/dags/bash_python.py
[2026-08-18T07:17:28.356+0000] {processor.py:914} INFO - Processing file /opt/airflow/dags/bash_python.py for tasks to queue
[2026-08-18T07:17:28.361+0000] {logging_mixin.py:190} INFO - [2026-08-18T07:17:28.360+0000] {dagbag.py:588} INFO - Filling up the DagBag from /opt/airflow/dags/bash_python.py
[2026-08-18T07:17:28.383+0000] {processor.py:925} INFO - DAG(s) 'download_rocket_launches' retrieved from /opt/airflow/dags/bash_python.py
[2026-08-18T07:17:28.419+0000] {logging_mixin.py:190} INFO - [2026-08-18T07:17:28.418+0000] {dag.py:3239} INFO - Sync 1 DAGs
[2026-08-18T07:17:28.595+0000] {logging_mixin.py:190} INFO - [2026-08-18T07:17:28.594+0000] {dag.py:4180} INFO - Setting next_dagrun for download_rocket_launches to None, run_after=None
[2026-08-18T07:17:28.620+0000] {processor.py:208} INFO - Processing /opt/airflow/dags/bash_python.py took 0.273 seconds
[2026-08-18T07:17:58.916+0000] {processor.py:186} INFO - Started process (PID=4178) to work on /opt/airflow/dags/bash_python.py
[2026-08-18T07:17:58.917+0000] {processor.py:914} INFO - Processing file /opt/airflow/dags/bash_python.py for tasks to queue
[2026-08-18T07:17:58.919+0000] {logging_mixin.py:190} INFO - [2026-08-18T07:17:58.919+0000] {dagbag.py:588} INFO - Filling up the DagBag from /opt/airflow/dags/bash_python.py
[2026-08-18T07:17:58.935+0000] {processor.py:925} INFO - DAG(s) 'download_rocket_launches' retrieved from /opt/airflow/dags/bash_python.py
[2026-08-18T07:17:58.963+0000] {logging_mixin.py:190} INFO - [2026-08-18T07:17:58.962+0000] {dag.py:3239} INFO - Sync 1 DAGs
[2026-08-18T07:17:58.983+0000] {logging_mixin.py:190} INFO - [2026-08-18T07:17:58.982+0000] {dag.py:4180} INFO - Setting next_dagrun for download_rocket_launches to None, run_after=None
[2026-08-18T07:17:59.033+0000] {processor.py:208} INFO - Processing /opt/airflow/dags/bash_python.py took 0.121 seconds
[2026-08-18T07:18:29.305+0000] {processor.py:186} INFO - Started process (PID=4189) to work on /opt/airflow/dags/bash_python.py
[2026-08-18T07:18:29.306+0000] {processor.py:914} INFO - Processing file /opt/airflow/dags/bash_python.py for tasks to queue
[2026-08-18T07:18:29.309+0000] {logging_mixin.py:190} INFO - [2026-08-18T07:18:29.309+0000] {dagbag.py:588} INFO - Filling up the DagBag from /opt/airflow/dags/bash_python.py
[2026-08-18T07:18:29.325+0000] {processor.py:925} INFO - DAG(s) 'download_rocket_launches' retrieved from /opt/airflow/dags/bash_python.py
[2026-08-18T07:18:29.366+0000] {logging_mixin.py:190} INFO - [2026-08-18T07:18:29.366+0000] {dag.py:3239} INFO - Sync 1 DAGs
[2026-08-18T07:18:29.386+0000] {logging_mixin.py:190} INFO - [2026-08-18T07:18:29.386+0000] {dag.py:4180} INFO - Setting next_dagrun for download_rocket_launches to None, run_after=None
[2026-08-18T07:18:29.433+0000] {processor.py:208} INFO - Processing /opt/airflow/dags/bash_python.py took 0.134 seconds
[2026-08-18T07:18:59.722+0000] {processor.py:186} INFO - Started process (PID=4200) to work on /opt/airflow/dags/bash_python.py
[2026-08-18T07:18:59.724+0000] {processor.py:914} INFO - Processing file /opt/airflow/dags/bash_python.py for tasks to queue
[2026-08-18T07:18:59.726+0000] {logging_mixin.py:190} INFO - [2026-08-18T07:18:59.726+0000] {dagbag.py:588} INFO - Filling up the DagBag from /opt/airflow/dags/bash_python.py
[2026-08-18T07:18:59.743+0000] {processor.py:925} INFO - DAG(s) 'download_rocket_launches' retrieved from /opt/airflow/dags/bash_python.py
[2026-08-18T07:18:59.771+0000] {logging_mixin.py:190} INFO - [2026-08-18T07:18:59.771+0000] {dag.py:3239} INFO - Sync 1 DAGs
[2026-08-18T07:18:59.788+0000] {logging_mixin.py:190} INFO - [2026-08-18T07:18:59.787+0000] {dag.py:4180} INFO - Setting next_dagrun for download_rocket_launches to None, run_after=None
[2026-08-18T07:18:59.807+0000] {processor.py:208} INFO - Processing /opt/airflow/dags/bash_python.py took 0.090 seconds
[2026-08-18T07:19:30.080+0000] {processor.py:186} INFO - Started process (PID=4211) to work on /opt/airflow/dags/bash_python.py
[2026-08-18T07:19:30.082+0000] {processor.py:914} INFO - Processing file /opt/airflow/dags/bash_python.py for tasks to queue
[2026-08-18T07:19:30.084+0000] {logging_mixin.py:190} INFO - [2026-08-18T07:19:30.084+0000] {dagbag.py:588} INFO - Filling up the DagBag from /opt/airflow/dags/bash_python.py
[2026-08-18T07:19:30.101+0000] {processor.py:925} INFO - DAG(s) 'download_rocket_launches' retrieved from /opt/airflow/dags/bash_python.py
[2026-08-18T07:19:30.126+0000] {logging_mixin.py:190} INFO - [2026-08-18T07:19:30.126+0000] {dag.py:3239} INFO - Sync 1 DAGs
[2026-08-18T07:19:30.138+0000] {logging_mixin.py:190} INFO - [2026-08-18T07:19:30.137+0000] {dag.py:4180} INFO - Setting next_dagrun for download_rocket_launches to None, run_after=None
[2026-08-18T07:19:30.169+0000] {processor.py:208} INFO - Processing /opt/airflow/dags/bash_python.py took 0.094 seconds
[2026-08-18T07:20:00.425+0000] {processor.py:186} INFO - Started process (PID=4222) to work on /opt/airflow/dags/bash_python.py
[2026-08-18T07:20:00.427+0000] {processor.py:914} INFO - Processing file /opt/airflow/dags/bash_python.py for tasks to queue
[2026-08-18T07:20:00.431+0000] {logging_mixin.py:190} INFO - [2026-08-18T07:20:00.431+0000] {dagbag.py:588} INFO - Filling up the DagBag from /opt/airflow/dags/bash_python.py
[2026-08-18T07:20:00.451+0000] {processor.py:925} INFO - DAG(s) 'download_rocket_launches' retrieved from /opt/airflow/dags/bash_python.py
[2026-08-18T07:20:00.495+0000] {logging_mixin.py:190} INFO - [2026-08-18T07:20:00.494+0000] {dag.py:3239} INFO - Sync 1 DAGs
[2026-08-18T07:20:00.724+0000] {logging_mixin.py:190} INFO - [2026-08-18T07:20:00.723+0000] {dag.py:4180} INFO - Setting next_dagrun for download_rocket_launches to None, run_after=None
[2026-08-18T07:20:00.745+0000] {processor.py:208} INFO - Processing /opt/airflow/dags/bash_python.py took 0.328 seconds
[2026-08-18T07:20:31.035+0000] {processor.py:186} INFO - Started process (PID=4233) to work on /opt/airflow/dags/bash_python.py
[2026-08-18T07:20:31.036+0000] {processor.py:914} INFO - Processing file /opt/airflow/dags/bash_python.py for tasks to queue
[2026-08-18T07:20:31.039+0000] {logging_mixin.py:190} INFO - [2026-08-18T07:20:31.038+0000] {dagbag.py:588} INFO - Filling up the DagBag from /opt/airflow/dags/bash_python.py
[2026-08-18T07:20:31.056+0000] {processor.py:925} INFO - DAG(s) 'download_rocket_launches' retrieved from /opt/airflow/dags/bash_python.py
[2026-08-18T07:20:31.083+0000] {logging_mixin.py:190} INFO - [2026-08-18T07:20:31.082+0000] {dag.py:3239} INFO - Sync 1 DAGs
[2026-08-18T07:20:31.101+0000] {logging_mixin.py:190} INFO - [2026-08-18T07:20:31.100+0000] {dag.py:4180} INFO - Setting next_dagrun for download_rocket_launches to None, run_after=None
[2026-08-18T07:20:31.145+0000] {processor.py:208} INFO - Processing /opt/airflow/dags/bash_python.py took 0.115 seconds
[2026-08-18T07:21:01.435+0000] {processor.py:186} INFO - Started process (PID=4244) to work on /opt/airflow/dags/bash_python.py
[2026-08-18T07:21:01.437+0000] {processor.py:914} INFO - Processing file /opt/airflow/dags/bash_python.py for tasks to queue
[2026-08-18T07:21:01.440+0000] {logging_mixin.py:190} INFO - [2026-08-18T07:21:01.440+0000] {dagbag.py:588} INFO - Filling up the DagBag from /opt/airflow/dags/bash_python.py
[2026-08-18T07:21:01.462+0000] {processor.py:925} INFO - DAG(s) 'download_rocket_launches' retrieved from /opt/airflow/dags/bash_python.py
[2026-08-18T07:21:01.501+0000] {logging_mixin.py:190} INFO - [2026-08-18T07:21:01.501+0000] {dag.py:3239} INFO - Sync 1 DAGs
[2026-08-18T07:21:01.520+0000] {logging_mixin.py:190} INFO - [2026-08-18T07:21:01.519+0000] {dag.py:4180} INFO - Setting next_dagrun for download_rocket_launches to None, run_after=None
[2026-08-18T07:21:01.568+0000] {processor.py:208} INFO - Processing /opt/airflow/dags/bash_python.py took 0.142 seconds
[2026-08-18T07:21:31.821+0000] {processor.py:186} INFO - Started process (PID=4255) to work on /opt/airflow/dags/bash_python.py
[2026-08-18T07:21:31.822+0000] {processor.py:914} INFO - Processing file /opt/airflow/dags/bash_python.py for tasks to queue
[2026-08-18T07:21:31.824+0000] {logging_mixin.py:190} INFO - [2026-08-18T07:21:31.824+0000] {dagbag.py:588} INFO - Filling up the DagBag from /opt/airflow/dags/bash_python.py
[2026-08-18T07:21:31.840+0000] {processor.py:925} INFO - DAG(s) 'download_rocket_launches' retrieved from /opt/airflow/dags/bash_python.py
[2026-08-18T07:21:31.866+0000] {logging_mixin.py:190} INFO - [2026-08-18T07:21:31.866+0000] {dag.py:3239} INFO - Sync 1 DAGs
[2026-08-18T07:21:31.877+0000] {logging_mixin.py:190} INFO - [2026-08-18T07:21:31.877+0000] {dag.py:4180} INFO - Setting next_dagrun for download_rocket_launches to None, run_after=None
[2026-08-18T07:21:31.906+0000] {processor.py:208} INFO - Processing /opt/airflow/dags/bash_python.py took 0.090 seconds
[2026-08-18T07:22:02.186+0000] {processor.py:186} INFO - Started process (PID=4266) to work on /opt/airflow/dags/bash_python.py
[2026-08-18T07:22:02.188+0000] {processor.py:914} INFO - Processing file /opt/airflow/dags/bash_python.py for tasks to queue
[2026-08-18T07:22:02.191+0000] {logging_mixin.py:190} INFO - [2026-08-18T07:22:02.191+0000] {dagbag.py:588} INFO - Filling up the DagBag from /opt/airflow/dags/bash_python.py
[2026-08-18T07:22:02.212+0000] {processor.py:925} INFO - DAG(s) 'download_rocket_launches' retrieved from /opt/airflow/dags/bash_python.py
[2026-08-18T07:22:02.245+0000] {logging_mixin.py:190} INFO - [2026-08-18T07:22:02.245+0000] {dag.py:3239} INFO - Sync 1 DAGs
[2026-08-18T07:22:02.263+0000] {logging_mixin.py:190} INFO - [2026-08-18T07:22:02.263+0000] {dag.py:4180} INFO - Setting next_dagrun for download_rocket_launches to None, run_after=None
[2026-08-18T07:22:02.313+0000] {processor.py:208} INFO - Processing /opt/airflow/dags/bash_python.py took 0.133 seconds
[2026-08-18T07:22:32.586+0000] {processor.py:186} INFO - Started process (PID=4277) to work on /opt/airflow/dags/bash_python.py
[2026-08-18T07:22:32.589+0000] {processor.py:914} INFO - Processing file /opt/airflow/dags/bash_python.py for tasks to queue
[2026-08-18T07:22:32.595+0000] {logging_mixin.py:190} INFO - [2026-08-18T07:22:32.595+0000] {dagbag.py:588} INFO - Filling up the DagBag from /opt/airflow/dags/bash_python.py
[2026-08-18T07:22:32.618+0000] {processor.py:925} INFO - DAG(s) 'download_rocket_launches' retrieved from /opt/airflow/dags/bash_python.py
[2026-08-18T07:22:32.653+0000] {logging_mixin.py:190} INFO - [2026-08-18T07:22:32.653+0000] {dag.py:3239} INFO - Sync 1 DAGs
[2026-08-18T07:22:32.670+0000] {logging_mixin.py:190} INFO - [2026-08-18T07:22:32.669+0000] {dag.py:4180} INFO - Setting next_dagrun for download_rocket_launches to None, run_after=None
[2026-08-18T07:22:32.841+0000] {processor.py:208} INFO - Processing /opt/airflow/dags/bash_python.py took 0.264 seconds
[2026-08-18T07:23:03.157+0000] {processor.py:186} INFO - Started process (PID=4288) to work on /opt/airflow/dags/bash_python.py
[2026-08-18T07:23:03.158+0000] {processor.py:914} INFO - Processing file /opt/airflow/dags/bash_python.py for tasks to queue
[2026-08-18T07:23:03.160+0000] {logging_mixin.py:190} INFO - [2026-08-18T07:23:03.160+0000] {dagbag.py:588} INFO - Filling up the DagBag from /opt/airflow/dags/bash_python.py
[2026-08-18T07:23:03.178+0000] {processor.py:925} INFO - DAG(s) 'download_rocket_launches' retrieved from /opt/airflow/dags/bash_python.py
[2026-08-18T07:23:03.204+0000] {logging_mixin.py:190} INFO - [2026-08-18T07:23:03.203+0000] {dag.py:3239} INFO - Sync 1 DAGs
[2026-08-18T07:23:03.368+0000] {logging_mixin.py:190} INFO - [2026-08-18T07:23:03.367+0000] {dag.py:4180} INFO - Setting next_dagrun for download_rocket_launches to None, run_after=None
[2026-08-18T07:23:03.388+0000] {processor.py:208} INFO - Processing /opt/airflow/dags/bash_python.py took 0.236 seconds
[2026-08-18T07:23:34.207+0000] {processor.py:186} INFO - Started process (PID=4305) to work on /opt/airflow/dags/bash_python.py
[2026-08-18T07:23:34.208+0000] {processor.py:914} INFO - Processing file /opt/airflow/dags/bash_python.py for tasks to queue
[2026-08-18T07:23:34.210+0000] {logging_mixin.py:190} INFO - [2026-08-18T07:23:34.210+0000] {dagbag.py:588} INFO - Filling up the DagBag from /opt/airflow/dags/bash_python.py
[2026-08-18T07:23:34.248+0000] {processor.py:925} INFO - DAG(s) 'download_rocket_launches' retrieved from /opt/airflow/dags/bash_python.py
[2026-08-18T07:23:34.278+0000] {logging_mixin.py:190} INFO - [2026-08-18T07:23:34.278+0000] {dag.py:3239} INFO - Sync 1 DAGs
[2026-08-18T07:23:34.291+0000] {logging_mixin.py:190} INFO - [2026-08-18T07:23:34.291+0000] {dag.py:4180} INFO - Setting next_dagrun for download_rocket_launches to None, run_after=None
[2026-08-18T07:23:34.315+0000] {processor.py:208} INFO - Processing /opt/airflow/dags/bash_python.py took 0.113 seconds
[2026-08-18T07:24:04.407+0000] {processor.py:186} INFO - Started process (PID=4316) to work on /opt/airflow/dags/bash_python.py
[2026-08-18T07:24:04.409+0000] {processor.py:914} INFO - Processing file /opt/airflow/dags/bash_python.py for tasks to queue
[2026-08-18T07:24:04.413+0000] {logging_mixin.py:190} INFO - [2026-08-18T07:24:04.413+0000] {dagbag.py:588} INFO - Filling up the DagBag from /opt/airflow/dags/bash_python.py
[2026-08-18T07:24:04.432+0000] {processor.py:925} INFO - DAG(s) 'download_rocket_launches' retrieved from /opt/airflow/dags/bash_python.py
[2026-08-18T07:24:04.457+0000] {logging_mixin.py:190} INFO - [2026-08-18T07:24:04.457+0000] {dag.py:3239} INFO - Sync 1 DAGs
[2026-08-18T07:24:04.469+0000] {logging_mixin.py:190} INFO - [2026-08-18T07:24:04.469+0000] {dag.py:4180} INFO - Setting next_dagrun for download_rocket_launches to None, run_after=None
[2026-08-18T07:24:04.506+0000] {processor.py:208} INFO - Processing /opt/airflow/dags/bash_python.py took 0.106 seconds
[2026-08-18T07:24:34.797+0000] {processor.py:186} INFO - Started process (PID=4333) to work on /opt/airflow/dags/bash_python.py
[2026-08-18T07:24:34.799+0000] {processor.py:914} INFO - Processing file /opt/airflow/dags/bash_python.py for tasks to queue
[2026-08-18T07:24:34.801+0000] {logging_mixin.py:190} INFO - [2026-08-18T07:24:34.801+0000] {dagbag.py:588} INFO - Filling up the DagBag from /opt/airflow/dags/bash_python.py
[2026-08-18T07:24:34.823+0000] {processor.py:925} INFO - DAG(s) 'download_rocket_launches' retrieved from /opt/airflow/dags/bash_python.py
[2026-08-18T07:24:34.885+0000] {logging_mixin.py:190} INFO - [2026-08-18T07:24:34.884+0000] {dag.py:3239} INFO - Sync 1 DAGs
[2026-08-18T07:24:34.903+0000] {logging_mixin.py:190} INFO - [2026-08-18T07:24:34.902+0000] {dag.py:4180} INFO - Setting next_dagrun for download_rocket_launches to None, run_after=None
[2026-08-18T07:24:34.957+0000] {processor.py:208} INFO - Processing /opt/airflow/dags/bash_python.py took 0.167 seconds
[2026-08-18T07:25:05.298+0000] {processor.py:186} INFO - Started process (PID=4365) to work on /opt/airflow/dags/bash_python.py
[2026-08-18T07:25:05.300+0000] {processor.py:914} INFO - Processing file /opt/airflow/dags/bash_python.py for tasks to queue
[2026-08-18T07:25:05.303+0000] {logging_mixin.py:190} INFO - [2026-08-18T07:25:05.302+0000] {dagbag.py:588} INFO - Filling up the DagBag from /opt/airflow/dags/bash_python.py
[2026-08-18T07:25:05.326+0000] {processor.py:925} INFO - DAG(s) 'download_rocket_launches' retrieved from /opt/airflow/dags/bash_python.py
[2026-08-18T07:25:05.366+0000] {logging_mixin.py:190} INFO - [2026-08-18T07:25:05.366+0000] {dag.py:3239} INFO - Sync 1 DAGs
[2026-08-18T07:25:05.384+0000] {logging_mixin.py:190} INFO - [2026-08-18T07:25:05.384+0000] {dag.py:4180} INFO - Setting next_dagrun for download_rocket_launches to None, run_after=None
[2026-08-18T07:25:05.413+0000] {processor.py:208} INFO - Processing /opt/airflow/dags/bash_python.py took 0.124 seconds
[2026-08-18T07:25:35.751+0000] {processor.py:186} INFO - Started process (PID=4379) to work on /opt/airflow/dags/bash_python.py
[2026-08-18T07:25:35.753+0000] {processor.py:914} INFO - Processing file /opt/airflow/dags/bash_python.py for tasks to queue
[2026-08-18T07:25:35.757+0000] {logging_mixin.py:190} INFO - [2026-08-18T07:25:35.756+0000] {dagbag.py:588} INFO - Filling up the DagBag from /opt/airflow/dags/bash_python.py
[2026-08-18T07:25:35.774+0000] {processor.py:925} INFO - DAG(s) 'download_rocket_launches' retrieved from /opt/airflow/dags/bash_python.py
[2026-08-18T07:25:35.812+0000] {logging_mixin.py:190} INFO - [2026-08-18T07:25:35.812+0000] {dag.py:3239} INFO - Sync 1 DAGs
[2026-08-18T07:25:36.002+0000] {logging_mixin.py:190} INFO - [2026-08-18T07:25:36.002+0000] {dag.py:4180} INFO - Setting next_dagrun for download_rocket_launches to None, run_after=None
[2026-08-18T07:25:36.031+0000] {processor.py:208} INFO - Processing /opt/airflow/dags/bash_python.py took 0.287 seconds
[2026-08-18T07:26:06.103+0000] {processor.py:186} INFO - Started process (PID=4395) to work on /opt/airflow/dags/bash_python.py
[2026-08-18T07:26:06.105+0000] {processor.py:914} INFO - Processing file /opt/airflow/dags/bash_python.py for tasks to queue
[2026-08-18T07:26:06.108+0000] {logging_mixin.py:190} INFO - [2026-08-18T07:26:06.108+0000] {dagbag.py:588} INFO - Filling up the DagBag from /opt/airflow/dags/bash_python.py
[2026-08-18T07:26:06.129+0000] {processor.py:925} INFO - DAG(s) 'download_rocket_launches' retrieved from /opt/airflow/dags/bash_python.py
[2026-08-18T07:26:06.166+0000] {logging_mixin.py:190} INFO - [2026-08-18T07:26:06.166+0000] {dag.py:3239} INFO - Sync 1 DAGs
[2026-08-18T07:26:06.184+0000] {logging_mixin.py:190} INFO - [2026-08-18T07:26:06.184+0000] {dag.py:4180} INFO - Setting next_dagrun for download_rocket_launches to None, run_after=None
[2026-08-18T07:26:06.213+0000] {processor.py:208} INFO - Processing /opt/airflow/dags/bash_python.py took 0.117 seconds
[2026-08-18T07:26:36.307+0000] {processor.py:186} INFO - Started process (PID=4412) to work on /opt/airflow/dags/bash_python.py
[2026-08-18T07:26:36.308+0000] {processor.py:914} INFO - Processing file /opt/airflow/dags/bash_python.py for tasks to queue
[2026-08-18T07:26:36.310+0000] {logging_mixin.py:190} INFO - [2026-08-18T07:26:36.310+0000] {dagbag.py:588} INFO - Filling up the DagBag from /opt/airflow/dags/bash_python.py
[2026-08-18T07:26:36.328+0000] {processor.py:925} INFO - DAG(s) 'download_rocket_launches' retrieved from /opt/airflow/dags/bash_python.py
[2026-08-18T07:26:36.363+0000] {logging_mixin.py:190} INFO - [2026-08-18T07:26:36.363+0000] {dag.py:3239} INFO - Sync 1 DAGs
[2026-08-18T07:26:36.376+0000] {logging_mixin.py:190} INFO - [2026-08-18T07:26:36.376+0000] {dag.py:4180} INFO - Setting next_dagrun for download_rocket_launches to None, run_after=None
[2026-08-18T07:26:36.393+0000] {processor.py:208} INFO - Processing /opt/airflow/dags/bash_python.py took 0.093 seconds
[2026-08-18T07:27:07.197+0000] {processor.py:186} INFO - Started process (PID=4429) to work on /opt/airflow/dags/bash_python.py
[2026-08-18T07:27:07.199+0000] {processor.py:914} INFO - Processing file /opt/airflow/dags/bash_python.py for tasks to queue
[2026-08-18T07:27:07.203+0000] {logging_mixin.py:190} INFO - [2026-08-18T07:27:07.203+0000] {dagbag.py:588} INFO - Filling up the DagBag from /opt/airflow/dags/bash_python.py
[2026-08-18T07:27:07.226+0000] {processor.py:925} INFO - DAG(s) 'download_rocket_launches' retrieved from /opt/airflow/dags/bash_python.py
[2026-08-18T07:27:07.260+0000] {logging_mixin.py:190} INFO - [2026-08-18T07:27:07.260+0000] {dag.py:3239} INFO - Sync 1 DAGs
[2026-08-18T07:27:07.277+0000] {logging_mixin.py:190} INFO - [2026-08-18T07:27:07.276+0000] {dag.py:4180} INFO - Setting next_dagrun for download_rocket_launches to None, run_after=None
[2026-08-18T07:27:07.302+0000] {processor.py:208} INFO - Processing /opt/airflow/dags/bash_python.py took 0.113 seconds
[2026-08-18T07:27:37.602+0000] {processor.py:186} INFO - Started process (PID=4444) to work on /opt/airflow/dags/bash_python.py
[2026-08-18T07:27:37.604+0000] {processor.py:914} INFO - Processing file /opt/airflow/dags/bash_python.py for tasks to queue
[2026-08-18T07:27:37.606+0000] {logging_mixin.py:190} INFO - [2026-08-18T07:27:37.606+0000] {dagbag.py:588} INFO - Filling up the DagBag from /opt/airflow/dags/bash_python.py
[2026-08-18T07:27:37.625+0000] {processor.py:925} INFO - DAG(s) 'download_rocket_launches' retrieved from /opt/airflow/dags/bash_python.py
[2026-08-18T07:27:37.653+0000] {logging_mixin.py:190} INFO - [2026-08-18T07:27:37.653+0000] {dag.py:3239} INFO - Sync 1 DAGs
[2026-08-18T07:27:37.667+0000] {logging_mixin.py:190} INFO - [2026-08-18T07:27:37.667+0000] {dag.py:4180} INFO - Setting next_dagrun for download_rocket_launches to None, run_after=None
[2026-08-18T07:27:37.686+0000] {processor.py:208} INFO - Processing /opt/airflow/dags/bash_python.py took 0.089 seconds
[2026-08-18T07:28:07.928+0000] {processor.py:186} INFO - Started process (PID=4452) to work on /opt/airflow/dags/bash_python.py
[2026-08-18T07:28:07.930+0000] {processor.py:914} INFO - Processing file /opt/airflow/dags/bash_python.py for tasks to queue
[2026-08-18T07:28:07.933+0000] {logging_mixin.py:190} INFO - [2026-08-18T07:28:07.933+0000] {dagbag.py:588} INFO - Filling up the DagBag from /opt/airflow/dags/bash_python.py
[2026-08-18T07:28:07.959+0000] {processor.py:925} INFO - DAG(s) 'download_rocket_launches' retrieved from /opt/airflow/dags/bash_python.py
[2026-08-18T07:28:08.002+0000] {logging_mixin.py:190} INFO - [2026-08-18T07:28:08.001+0000] {dag.py:3239} INFO - Sync 1 DAGs
[2026-08-18T07:28:08.021+0000] {logging_mixin.py:190} INFO - [2026-08-18T07:28:08.021+0000] {dag.py:4180} INFO - Setting next_dagrun for download_rocket_launches to None, run_after=None
[2026-08-18T07:28:08.253+0000] {processor.py:208} INFO - Processing /opt/airflow/dags/bash_python.py took 0.334 seconds
[2026-08-18T07:28:38.593+0000] {processor.py:186} INFO - Started process (PID=4467) to work on /opt/airflow/dags/bash_python.py
[2026-08-18T07:28:38.594+0000] {processor.py:914} INFO - Processing file /opt/airflow/dags/bash_python.py for tasks to queue
[2026-08-18T07:28:38.597+0000] {logging_mixin.py:190} INFO - [2026-08-18T07:28:38.597+0000] {dagbag.py:588} INFO - Filling up the DagBag from /opt/airflow/dags/bash_python.py
[2026-08-18T07:28:38.617+0000] {processor.py:925} INFO - DAG(s) 'download_rocket_launches' retrieved from /opt/airflow/dags/bash_python.py
[2026-08-18T07:28:38.651+0000] {logging_mixin.py:190} INFO - [2026-08-18T07:28:38.651+0000] {dag.py:3239} INFO - Sync 1 DAGs
[2026-08-18T07:28:38.850+0000] {logging_mixin.py:190} INFO - [2026-08-18T07:28:38.850+0000] {dag.py:4180} INFO - Setting next_dagrun for download_rocket_launches to None, run_after=None
[2026-08-18T07:28:38.868+0000] {processor.py:208} INFO - Processing /opt/airflow/dags/bash_python.py took 0.284 seconds
[2026-08-18T07:29:09.375+0000] {processor.py:186} INFO - Started process (PID=4481) to work on /opt/airflow/dags/bash_python.py
[2026-08-18T07:29:09.377+0000] {processor.py:914} INFO - Processing file /opt/airflow/dags/bash_python.py for tasks to queue
[2026-08-18T07:29:09.379+0000] {logging_mixin.py:190} INFO - [2026-08-18T07:29:09.379+0000] {dagbag.py:588} INFO - Filling up the DagBag from /opt/airflow/dags/bash_python.py
[2026-08-18T07:29:09.395+0000] {processor.py:925} INFO - DAG(s) 'download_rocket_launches' retrieved from /opt/airflow/dags/bash_python.py
[2026-08-18T07:29:09.424+0000] {logging_mixin.py:190} INFO - [2026-08-18T07:29:09.424+0000] {dag.py:3239} INFO - Sync 1 DAGs
[2026-08-18T07:29:09.439+0000] {logging_mixin.py:190} INFO - [2026-08-18T07:29:09.438+0000] {dag.py:4180} INFO - Setting next_dagrun for download_rocket_launches to None, run_after=None
[2026-08-18T07:29:09.455+0000] {processor.py:208} INFO - Processing /opt/airflow/dags/bash_python.py took 0.085 seconds
[2026-08-18T07:29:39.703+0000] {processor.py:186} INFO - Started process (PID=4496) to work on /opt/airflow/dags/bash_python.py
[2026-08-18T07:29:39.704+0000] {processor.py:914} INFO - Processing file /opt/airflow/dags/bash_python.py for tasks to queue
[2026-08-18T07:29:39.707+0000] {logging_mixin.py:190} INFO - [2026-08-18T07:29:39.707+0000] {dagbag.py:588} INFO - Filling up the DagBag from /opt/airflow/dags/bash_python.py
[2026-08-18T07:29:39.723+0000] {processor.py:925} INFO - DAG(s) 'download_rocket_launches' retrieved from /opt/airflow/dags/bash_python.py
[2026-08-18T07:29:39.753+0000] {logging_mixin.py:190} INFO - [2026-08-18T07:29:39.753+0000] {dag.py:3239} INFO - Sync 1 DAGs
[2026-08-18T07:29:39.765+0000] {logging_mixin.py:190} INFO - [2026-08-18T07:29:39.765+0000] {dag.py:4180} INFO - Setting next_dagrun for download_rocket_launches to None, run_after=None
[2026-08-18T07:29:39.782+0000] {processor.py:208} INFO - Processing /opt/airflow/dags/bash_python.py took 0.084 seconds
[2026-08-18T07:30:09.944+0000] {processor.py:186} INFO - Started process (PID=4528) to work on /opt/airflow/dags/bash_python.py
[2026-08-18T07:30:09.945+0000] {processor.py:914} INFO - Processing file /opt/airflow/dags/bash_python.py for tasks to queue
[2026-08-18T07:30:09.949+0000] {logging_mixin.py:190} INFO - [2026-08-18T07:30:09.949+0000] {dagbag.py:588} INFO - Filling up the DagBag from /opt/airflow/dags/bash_python.py
[2026-08-18T07:30:09.970+0000] {processor.py:925} INFO - DAG(s) 'download_rocket_launches' retrieved from /opt/airflow/dags/bash_python.py
[2026-08-18T07:30:10.006+0000] {logging_mixin.py:190} INFO - [2026-08-18T07:30:10.006+0000] {dag.py:3239} INFO - Sync 1 DAGs
[2026-08-18T07:30:10.023+0000] {logging_mixin.py:190} INFO - [2026-08-18T07:30:10.022+0000] {dag.py:4180} INFO - Setting next_dagrun for download_rocket_launches to None, run_after=None
[2026-08-18T07:30:10.047+0000] {processor.py:208} INFO - Processing /opt/airflow/dags/bash_python.py took 0.111 seconds
[2026-08-18T07:30:40.342+0000] {processor.py:186} INFO - Started process (PID=4543) to work on /opt/airflow/dags/bash_python.py
[2026-08-18T07:30:40.344+0000] {processor.py:914} INFO - Processing file /opt/airflow/dags/bash_python.py for tasks to queue
[2026-08-18T07:30:40.348+0000] {logging_mixin.py:190} INFO - [2026-08-18T07:30:40.347+0000] {dagbag.py:588} INFO - Filling up the DagBag from /opt/airflow/dags/bash_python.py
[2026-08-18T07:30:40.379+0000] {processor.py:925} INFO - DAG(s) 'download_rocket_launches' retrieved from /opt/airflow/dags/bash_python.py
[2026-08-18T07:30:40.429+0000] {logging_mixin.py:190} INFO - [2026-08-18T07:30:40.429+0000] {dag.py:3239} INFO - Sync 1 DAGs
[2026-08-18T07:30:40.450+0000] {logging_mixin.py:190} INFO - [2026-08-18T07:30:40.449+0000] {dag.py:4180} INFO - Setting next_dagrun for download_rocket_launches to None, run_after=None
[2026-08-18T07:30:40.505+0000] {processor.py:208} INFO - Processing /opt/airflow/dags/bash_python.py took 0.171 seconds
[2026-08-18T07:31:10.784+0000] {processor.py:186} INFO - Started process (PID=4554) to work on /opt/airflow/dags/bash_python.py
[2026-08-18T07:31:10.785+0000] {processor.py:914} INFO - Processing file /opt/airflow/dags/bash_python.py for tasks to queue
[2026-08-18T07:31:10.787+0000] {logging_mixin.py:190} INFO - [2026-08-18T07:31:10.787+0000] {dagbag.py:588} INFO - Filling up the DagBag from /opt/airflow/dags/bash_python.py
[2026-08-18T07:31:10.806+0000] {processor.py:925} INFO - DAG(s) 'download_rocket_launches' retrieved from /opt/airflow/dags/bash_python.py
[2026-08-18T07:31:10.832+0000] {logging_mixin.py:190} INFO - [2026-08-18T07:31:10.831+0000] {dag.py:3239} INFO - Sync 1 DAGs
[2026-08-18T07:31:10.995+0000] {logging_mixin.py:190} INFO - [2026-08-18T07:31:10.995+0000] {dag.py:4180} INFO - Setting next_dagrun for download_rocket_launches to None, run_after=None
[2026-08-18T07:31:11.011+0000] {processor.py:208} INFO - Processing /opt/airflow/dags/bash_python.py took 0.232 seconds
[2026-08-18T07:31:41.281+0000] {processor.py:186} INFO - Started process (PID=4569) to work on /opt/airflow/dags/bash_python.py
[2026-08-18T07:31:41.282+0000] {processor.py:914} INFO - Processing file /opt/airflow/dags/bash_python.py for tasks to queue
[2026-08-18T07:31:41.285+0000] {logging_mixin.py:190} INFO - [2026-08-18T07:31:41.284+0000] {dagbag.py:588} INFO - Filling up the DagBag from /opt/airflow/dags/bash_python.py
[2026-08-18T07:31:41.301+0000] {processor.py:925} INFO - DAG(s) 'download_rocket_launches' retrieved from /opt/airflow/dags/bash_python.py
[2026-08-18T07:31:41.330+0000] {logging_mixin.py:190} INFO - [2026-08-18T07:31:41.330+0000] {dag.py:3239} INFO - Sync 1 DAGs
[2026-08-18T07:31:41.343+0000] {logging_mixin.py:190} INFO - [2026-08-18T07:31:41.342+0000] {dag.py:4180} INFO - Setting next_dagrun for download_rocket_launches to None, run_after=None
[2026-08-18T07:31:41.359+0000] {processor.py:208} INFO - Processing /opt/airflow/dags/bash_python.py took 0.085 seconds
[2026-08-18T07:32:11.609+0000] {processor.py:186} INFO - Started process (PID=4580) to work on /opt/airflow/dags/bash_python.py
[2026-08-18T07:32:11.612+0000] {processor.py:914} INFO - Processing file /opt/airflow/dags/bash_python.py for tasks to queue
[2026-08-18T07:32:11.616+0000] {logging_mixin.py:190} INFO - [2026-08-18T07:32:11.615+0000] {dagbag.py:588} INFO - Filling up the DagBag from /opt/airflow/dags/bash_python.py
[2026-08-18T07:32:11.637+0000] {processor.py:925} INFO - DAG(s) 'download_rocket_launches' retrieved from /opt/airflow/dags/bash_python.py
[2026-08-18T07:32:11.676+0000] {logging_mixin.py:190} INFO - [2026-08-18T07:32:11.676+0000] {dag.py:3239} INFO - Sync 1 DAGs
[2026-08-18T07:32:11.694+0000] {logging_mixin.py:190} INFO - [2026-08-18T07:32:11.694+0000] {dag.py:4180} INFO - Setting next_dagrun for download_rocket_launches to None, run_after=None
[2026-08-18T07:32:11.717+0000] {processor.py:208} INFO - Processing /opt/airflow/dags/bash_python.py took 0.114 seconds
[2026-08-18T07:32:42.063+0000] {processor.py:186} INFO - Started process (PID=4595) to work on /opt/airflow/dags/bash_python.py
[2026-08-18T07:32:42.065+0000] {processor.py:914} INFO - Processing file /opt/airflow/dags/bash_python.py for tasks to queue
[2026-08-18T07:32:42.070+0000] {logging_mixin.py:190} INFO - [2026-08-18T07:32:42.070+0000] {dagbag.py:588} INFO - Filling up the DagBag from /opt/airflow/dags/bash_python.py
[2026-08-18T07:32:42.094+0000] {processor.py:925} INFO - DAG(s) 'download_rocket_launches' retrieved from /opt/airflow/dags/bash_python.py
[2026-08-18T07:32:42.135+0000] {logging_mixin.py:190} INFO - [2026-08-18T07:32:42.134+0000] {dag.py:3239} INFO - Sync 1 DAGs
[2026-08-18T07:32:42.147+0000] {logging_mixin.py:190} INFO - [2026-08-18T07:32:42.147+0000] {dag.py:4180} INFO - Setting next_dagrun for download_rocket_launches to None, run_after=None
[2026-08-18T07:32:42.186+0000] {processor.py:208} INFO - Processing /opt/airflow/dags/bash_python.py took 0.129 seconds
[2026-08-18T07:33:12.452+0000] {processor.py:186} INFO - Started process (PID=4606) to work on /opt/airflow/dags/bash_python.py
[2026-08-18T07:33:12.453+0000] {processor.py:914} INFO - Processing file /opt/airflow/dags/bash_python.py for tasks to queue
[2026-08-18T07:33:12.456+0000] {logging_mixin.py:190} INFO - [2026-08-18T07:33:12.455+0000] {dagbag.py:588} INFO - Filling up the DagBag from /opt/airflow/dags/bash_python.py
[2026-08-18T07:33:12.472+0000] {processor.py:925} INFO - DAG(s) 'download_rocket_launches' retrieved from /opt/airflow/dags/bash_python.py
[2026-08-18T07:33:12.499+0000] {logging_mixin.py:190} INFO - [2026-08-18T07:33:12.499+0000] {dag.py:3239} INFO - Sync 1 DAGs
[2026-08-18T07:33:12.511+0000] {logging_mixin.py:190} INFO - [2026-08-18T07:33:12.511+0000] {dag.py:4180} INFO - Setting next_dagrun for download_rocket_launches to None, run_after=None
[2026-08-18T07:33:12.549+0000] {processor.py:208} INFO - Processing /opt/airflow/dags/bash_python.py took 0.102 seconds
[2026-08-18T07:33:42.729+0000] {processor.py:186} INFO - Started process (PID=4614) to work on /opt/airflow/dags/bash_python.py
[2026-08-18T07:33:42.730+0000] {processor.py:914} INFO - Processing file /opt/airflow/dags/bash_python.py for tasks to queue
[2026-08-18T07:33:42.733+0000] {logging_mixin.py:190} INFO - [2026-08-18T07:33:42.733+0000] {dagbag.py:588} INFO - Filling up the DagBag from /opt/airflow/dags/bash_python.py
[2026-08-18T07:33:42.755+0000] {processor.py:925} INFO - DAG(s) 'download_rocket_launches' retrieved from /opt/airflow/dags/bash_python.py
[2026-08-18T07:33:42.795+0000] {logging_mixin.py:190} INFO - [2026-08-18T07:33:42.795+0000] {dag.py:3239} INFO - Sync 1 DAGs
[2026-08-18T07:33:42.815+0000] {logging_mixin.py:190} INFO - [2026-08-18T07:33:42.814+0000] {dag.py:4180} INFO - Setting next_dagrun for download_rocket_launches to None, run_after=None
[2026-08-18T07:33:43.045+0000] {processor.py:208} INFO - Processing /opt/airflow/dags/bash_python.py took 0.324 seconds
[2026-08-18T07:34:13.323+0000] {processor.py:186} INFO - Started process (PID=4632) to work on /opt/airflow/dags/bash_python.py
[2026-08-18T07:34:13.325+0000] {processor.py:914} INFO - Processing file /opt/airflow/dags/bash_python.py for tasks to queue
[2026-08-18T07:34:13.328+0000] {logging_mixin.py:190} INFO - [2026-08-18T07:34:13.328+0000] {dagbag.py:588} INFO - Filling up the DagBag from /opt/airflow/dags/bash_python.py
[2026-08-18T07:34:13.349+0000] {processor.py:925} INFO - DAG(s) 'download_rocket_launches' retrieved from /opt/airflow/dags/bash_python.py
[2026-08-18T07:34:13.385+0000] {logging_mixin.py:190} INFO - [2026-08-18T07:34:13.384+0000] {dag.py:3239} INFO - Sync 1 DAGs
[2026-08-18T07:34:13.649+0000] {logging_mixin.py:190} INFO - [2026-08-18T07:34:13.648+0000] {dag.py:4180} INFO - Setting next_dagrun for download_rocket_launches to None, run_after=None
[2026-08-18T07:34:13.673+0000] {processor.py:208} INFO - Processing /opt/airflow/dags/bash_python.py took 0.357 seconds
[2026-08-18T07:34:43.975+0000] {processor.py:186} INFO - Started process (PID=4643) to work on /opt/airflow/dags/bash_python.py
[2026-08-18T07:34:43.977+0000] {processor.py:914} INFO - Processing file /opt/airflow/dags/bash_python.py for tasks to queue
[2026-08-18T07:34:43.979+0000] {logging_mixin.py:190} INFO - [2026-08-18T07:34:43.979+0000] {dagbag.py:588} INFO - Filling up the DagBag from /opt/airflow/dags/bash_python.py
[2026-08-18T07:34:43.997+0000] {processor.py:925} INFO - DAG(s) 'download_rocket_launches' retrieved from /opt/airflow/dags/bash_python.py
[2026-08-18T07:34:44.024+0000] {logging_mixin.py:190} INFO - [2026-08-18T07:34:44.024+0000] {dag.py:3239} INFO - Sync 1 DAGs
[2026-08-18T07:34:44.037+0000] {logging_mixin.py:190} INFO - [2026-08-18T07:34:44.037+0000] {dag.py:4180} INFO - Setting next_dagrun for download_rocket_launches to None, run_after=None
[2026-08-18T07:34:44.077+0000] {processor.py:208} INFO - Processing /opt/airflow/dags/bash_python.py took 0.107 seconds
[2026-08-18T07:35:14.352+0000] {processor.py:186} INFO - Started process (PID=4658) to work on /opt/airflow/dags/bash_python.py
[2026-08-18T07:35:14.354+0000] {processor.py:914} INFO - Processing file /opt/airflow/dags/bash_python.py for tasks to queue
[2026-08-18T07:35:14.358+0000] {logging_mixin.py:190} INFO - [2026-08-18T07:35:14.358+0000] {dagbag.py:588} INFO - Filling up the DagBag from /opt/airflow/dags/bash_python.py
[2026-08-18T07:35:14.381+0000] {processor.py:925} INFO - DAG(s) 'download_rocket_launches' retrieved from /opt/airflow/dags/bash_python.py
[2026-08-18T07:35:14.416+0000] {logging_mixin.py:190} INFO - [2026-08-18T07:35:14.416+0000] {dag.py:3239} INFO - Sync 1 DAGs
[2026-08-18T07:35:14.433+0000] {logging_mixin.py:190} INFO - [2026-08-18T07:35:14.432+0000] {dag.py:4180} INFO - Setting next_dagrun for download_rocket_launches to None, run_after=None
[2026-08-18T07:35:14.479+0000] {processor.py:208} INFO - Processing /opt/airflow/dags/bash_python.py took 0.136 seconds
[2026-08-18T07:35:44.820+0000] {processor.py:186} INFO - Started process (PID=4669) to work on /opt/airflow/dags/bash_python.py
[2026-08-18T07:35:44.822+0000] {processor.py:914} INFO - Processing file /opt/airflow/dags/bash_python.py for tasks to queue
[2026-08-18T07:35:44.828+0000] {logging_mixin.py:190} INFO - [2026-08-18T07:35:44.827+0000] {dagbag.py:588} INFO - Filling up the DagBag from /opt/airflow/dags/bash_python.py
[2026-08-18T07:35:44.854+0000] {processor.py:925} INFO - DAG(s) 'download_rocket_launches' retrieved from /opt/airflow/dags/bash_python.py
[2026-08-18T07:35:44.895+0000] {logging_mixin.py:190} INFO - [2026-08-18T07:35:44.895+0000] {dag.py:3239} INFO - Sync 1 DAGs
[2026-08-18T07:35:44.910+0000] {logging_mixin.py:190} INFO - [2026-08-18T07:35:44.909+0000] {dag.py:4180} INFO - Setting next_dagrun for download_rocket_launches to None, run_after=None
[2026-08-18T07:35:44.953+0000] {processor.py:208} INFO - Processing /opt/airflow/dags/bash_python.py took 0.144 seconds
[2026-08-18T07:36:15.263+0000] {processor.py:186} INFO - Started process (PID=4684) to work on /opt/airflow/dags/bash_python.py
[2026-08-18T07:36:15.266+0000] {processor.py:914} INFO - Processing file /opt/airflow/dags/bash_python.py for tasks to queue
[2026-08-18T07:36:15.269+0000] {logging_mixin.py:190} INFO - [2026-08-18T07:36:15.269+0000] {dagbag.py:588} INFO - Filling up the DagBag from /opt/airflow/dags/bash_python.py
[2026-08-18T07:36:15.294+0000] {processor.py:925} INFO - DAG(s) 'download_rocket_launches' retrieved from /opt/airflow/dags/bash_python.py
[2026-08-18T07:36:15.339+0000] {logging_mixin.py:190} INFO - [2026-08-18T07:36:15.339+0000] {dag.py:3239} INFO - Sync 1 DAGs
[2026-08-18T07:36:15.359+0000] {logging_mixin.py:190} INFO - [2026-08-18T07:36:15.358+0000] {dag.py:4180} INFO - Setting next_dagrun for download_rocket_launches to None, run_after=None
[2026-08-18T07:36:15.413+0000] {processor.py:208} INFO - Processing /opt/airflow/dags/bash_python.py took 0.160 seconds
[2026-08-18T07:36:45.724+0000] {processor.py:186} INFO - Started process (PID=4695) to work on /opt/airflow/dags/bash_python.py
[2026-08-18T07:36:45.726+0000] {processor.py:914} INFO - Processing file /opt/airflow/dags/bash_python.py for tasks to queue
[2026-08-18T07:36:45.729+0000] {logging_mixin.py:190} INFO - [2026-08-18T07:36:45.728+0000] {dagbag.py:588} INFO - Filling up the DagBag from /opt/airflow/dags/bash_python.py
[2026-08-18T07:36:45.745+0000] {processor.py:925} INFO - DAG(s) 'download_rocket_launches' retrieved from /opt/airflow/dags/bash_python.py
[2026-08-18T07:36:45.779+0000] {logging_mixin.py:190} INFO - [2026-08-18T07:36:45.779+0000] {dag.py:3239} INFO - Sync 1 DAGs
[2026-08-18T07:36:46.078+0000] {logging_mixin.py:190} INFO - [2026-08-18T07:36:46.078+0000] {dag.py:4180} INFO - Setting next_dagrun for download_rocket_launches to None, run_after=None
[2026-08-18T07:36:46.104+0000] {processor.py:208} INFO - Processing /opt/airflow/dags/bash_python.py took 0.385 seconds
[2026-08-18T07:37:16.188+0000] {processor.py:186} INFO - Started process (PID=4712) to work on /opt/airflow/dags/bash_python.py
[2026-08-18T07:37:16.189+0000] {processor.py:914} INFO - Processing file /opt/airflow/dags/bash_python.py for tasks to queue
[2026-08-18T07:37:16.193+0000] {logging_mixin.py:190} INFO - [2026-08-18T07:37:16.192+0000] {dagbag.py:588} INFO - Filling up the DagBag from /opt/airflow/dags/bash_python.py
[2026-08-18T07:37:16.210+0000] {processor.py:925} INFO - DAG(s) 'download_rocket_launches' retrieved from /opt/airflow/dags/bash_python.py
[2026-08-18T07:37:16.239+0000] {logging_mixin.py:190} INFO - [2026-08-18T07:37:16.239+0000] {dag.py:3239} INFO - Sync 1 DAGs
[2026-08-18T07:37:16.252+0000] {logging_mixin.py:190} INFO - [2026-08-18T07:37:16.252+0000] {dag.py:4180} INFO - Setting next_dagrun for download_rocket_launches to None, run_after=None
[2026-08-18T07:37:16.269+0000] {processor.py:208} INFO - Processing /opt/airflow/dags/bash_python.py took 0.089 seconds
