[2026-08-07T08:05:02.806+0000] {processor.py:186} INFO - Started process (PID=175) to work on /opt/airflow/dags/bash_python.py
[2026-08-07T08:05:02.809+0000] {processor.py:914} INFO - Processing file /opt/airflow/dags/bash_python.py for tasks to queue
[2026-08-07T08:05:02.812+0000] {logging_mixin.py:190} INFO - [2026-08-07T08:05:02.812+0000] {dagbag.py:588} INFO - Filling up the DagBag from /opt/airflow/dags/bash_python.py
[2026-08-07T08:05:02.843+0000] {processor.py:925} INFO - DAG(s) 'download_rocket_launches' retrieved from /opt/airflow/dags/bash_python.py
[2026-08-07T08:05:03.042+0000] {logging_mixin.py:190} INFO - [2026-08-07T08:05:03.042+0000] {dag.py:3239} INFO - Sync 1 DAGs
[2026-08-07T08:05:03.065+0000] {logging_mixin.py:190} INFO - [2026-08-07T08:05:03.064+0000] {dag.py:4180} INFO - Setting next_dagrun for download_rocket_launches to None, run_after=None
[2026-08-07T08:05:03.094+0000] {processor.py:208} INFO - Processing /opt/airflow/dags/bash_python.py took 0.299 seconds
[2026-08-07T08:05:33.365+0000] {processor.py:186} INFO - Started process (PID=180) to work on /opt/airflow/dags/bash_python.py
[2026-08-07T08:05:33.367+0000] {processor.py:914} INFO - Processing file /opt/airflow/dags/bash_python.py for tasks to queue
[2026-08-07T08:05:33.373+0000] {logging_mixin.py:190} INFO - [2026-08-07T08:05:33.372+0000] {dagbag.py:588} INFO - Filling up the DagBag from /opt/airflow/dags/bash_python.py
[2026-08-07T08:05:33.403+0000] {processor.py:925} INFO - DAG(s) 'download_rocket_launches' retrieved from /opt/airflow/dags/bash_python.py
[2026-08-07T08:05:33.450+0000] {logging_mixin.py:190} INFO - [2026-08-07T08:05:33.449+0000] {dag.py:3239} INFO - Sync 1 DAGs
[2026-08-07T08:05:33.472+0000] {logging_mixin.py:190} INFO - [2026-08-07T08:05:33.472+0000] {dag.py:4180} INFO - Setting next_dagrun for download_rocket_launches to None, run_after=None
[2026-08-07T08:05:33.502+0000] {processor.py:208} INFO - Processing /opt/airflow/dags/bash_python.py took 0.147 seconds
[2026-08-07T08:06:03.603+0000] {processor.py:186} INFO - Started process (PID=185) to work on /opt/airflow/dags/bash_python.py
[2026-08-07T08:06:03.604+0000] {processor.py:914} INFO - Processing file /opt/airflow/dags/bash_python.py for tasks to queue
[2026-08-07T08:06:03.608+0000] {logging_mixin.py:190} INFO - [2026-08-07T08:06:03.608+0000] {dagbag.py:588} INFO - Filling up the DagBag from /opt/airflow/dags/bash_python.py
[2026-08-07T08:06:03.630+0000] {processor.py:925} INFO - DAG(s) 'download_rocket_launches' retrieved from /opt/airflow/dags/bash_python.py
[2026-08-07T08:06:03.670+0000] {logging_mixin.py:190} INFO - [2026-08-07T08:06:03.670+0000] {dag.py:3239} INFO - Sync 1 DAGs
[2026-08-07T08:06:03.693+0000] {logging_mixin.py:190} INFO - [2026-08-07T08:06:03.692+0000] {dag.py:4180} INFO - Setting next_dagrun for download_rocket_launches to None, run_after=None
[2026-08-07T08:06:03.745+0000] {processor.py:208} INFO - Processing /opt/airflow/dags/bash_python.py took 0.147 seconds
[2026-08-07T08:06:34.014+0000] {processor.py:186} INFO - Started process (PID=190) to work on /opt/airflow/dags/bash_python.py
[2026-08-07T08:06:34.016+0000] {processor.py:914} INFO - Processing file /opt/airflow/dags/bash_python.py for tasks to queue
[2026-08-07T08:06:34.020+0000] {logging_mixin.py:190} INFO - [2026-08-07T08:06:34.019+0000] {dagbag.py:588} INFO - Filling up the DagBag from /opt/airflow/dags/bash_python.py
[2026-08-07T08:06:34.043+0000] {processor.py:925} INFO - DAG(s) 'download_rocket_launches' retrieved from /opt/airflow/dags/bash_python.py
[2026-08-07T08:06:34.085+0000] {logging_mixin.py:190} INFO - [2026-08-07T08:06:34.084+0000] {dag.py:3239} INFO - Sync 1 DAGs
[2026-08-07T08:06:34.106+0000] {logging_mixin.py:190} INFO - [2026-08-07T08:06:34.106+0000] {dag.py:4180} INFO - Setting next_dagrun for download_rocket_launches to None, run_after=None
[2026-08-07T08:06:34.136+0000] {processor.py:208} INFO - Processing /opt/airflow/dags/bash_python.py took 0.129 seconds
[2026-08-07T08:07:04.270+0000] {processor.py:186} INFO - Started process (PID=195) to work on /opt/airflow/dags/bash_python.py
[2026-08-07T08:07:04.276+0000] {processor.py:914} INFO - Processing file /opt/airflow/dags/bash_python.py for tasks to queue
[2026-08-07T08:07:04.281+0000] {logging_mixin.py:190} INFO - [2026-08-07T08:07:04.281+0000] {dagbag.py:588} INFO - Filling up the DagBag from /opt/airflow/dags/bash_python.py
[2026-08-07T08:07:04.308+0000] {processor.py:925} INFO - DAG(s) 'download_rocket_launches' retrieved from /opt/airflow/dags/bash_python.py
[2026-08-07T08:07:04.359+0000] {logging_mixin.py:190} INFO - [2026-08-07T08:07:04.358+0000] {dag.py:3239} INFO - Sync 1 DAGs
[2026-08-07T08:07:04.382+0000] {logging_mixin.py:190} INFO - [2026-08-07T08:07:04.381+0000] {dag.py:4180} INFO - Setting next_dagrun for download_rocket_launches to None, run_after=None
[2026-08-07T08:07:04.411+0000] {processor.py:208} INFO - Processing /opt/airflow/dags/bash_python.py took 0.151 seconds
[2026-08-07T08:07:34.620+0000] {processor.py:186} INFO - Started process (PID=200) to work on /opt/airflow/dags/bash_python.py
[2026-08-07T08:07:34.623+0000] {processor.py:914} INFO - Processing file /opt/airflow/dags/bash_python.py for tasks to queue
[2026-08-07T08:07:34.628+0000] {logging_mixin.py:190} INFO - [2026-08-07T08:07:34.627+0000] {dagbag.py:588} INFO - Filling up the DagBag from /opt/airflow/dags/bash_python.py
[2026-08-07T08:07:34.655+0000] {processor.py:925} INFO - DAG(s) 'download_rocket_launches' retrieved from /opt/airflow/dags/bash_python.py
[2026-08-07T08:07:34.707+0000] {logging_mixin.py:190} INFO - [2026-08-07T08:07:34.707+0000] {dag.py:3239} INFO - Sync 1 DAGs
[2026-08-07T08:07:34.728+0000] {logging_mixin.py:190} INFO - [2026-08-07T08:07:34.728+0000] {dag.py:4180} INFO - Setting next_dagrun for download_rocket_launches to None, run_after=None
[2026-08-07T08:07:34.756+0000] {processor.py:208} INFO - Processing /opt/airflow/dags/bash_python.py took 0.145 seconds
[2026-08-07T08:08:04.909+0000] {processor.py:186} INFO - Started process (PID=205) to work on /opt/airflow/dags/bash_python.py
[2026-08-07T08:08:04.912+0000] {processor.py:914} INFO - Processing file /opt/airflow/dags/bash_python.py for tasks to queue
[2026-08-07T08:08:04.917+0000] {logging_mixin.py:190} INFO - [2026-08-07T08:08:04.916+0000] {dagbag.py:588} INFO - Filling up the DagBag from /opt/airflow/dags/bash_python.py
[2026-08-07T08:08:04.942+0000] {processor.py:925} INFO - DAG(s) 'download_rocket_launches' retrieved from /opt/airflow/dags/bash_python.py
[2026-08-07T08:08:04.982+0000] {logging_mixin.py:190} INFO - [2026-08-07T08:08:04.981+0000] {dag.py:3239} INFO - Sync 1 DAGs
[2026-08-07T08:08:05.002+0000] {logging_mixin.py:190} INFO - [2026-08-07T08:08:05.002+0000] {dag.py:4180} INFO - Setting next_dagrun for download_rocket_launches to None, run_after=None
[2026-08-07T08:08:05.030+0000] {processor.py:208} INFO - Processing /opt/airflow/dags/bash_python.py took 0.132 seconds
[2026-08-07T08:08:35.234+0000] {processor.py:186} INFO - Started process (PID=210) to work on /opt/airflow/dags/bash_python.py
[2026-08-07T08:08:35.235+0000] {processor.py:914} INFO - Processing file /opt/airflow/dags/bash_python.py for tasks to queue
[2026-08-07T08:08:35.241+0000] {logging_mixin.py:190} INFO - [2026-08-07T08:08:35.240+0000] {dagbag.py:588} INFO - Filling up the DagBag from /opt/airflow/dags/bash_python.py
[2026-08-07T08:08:35.269+0000] {processor.py:925} INFO - DAG(s) 'download_rocket_launches' retrieved from /opt/airflow/dags/bash_python.py
[2026-08-07T08:08:35.305+0000] {logging_mixin.py:190} INFO - [2026-08-07T08:08:35.305+0000] {dag.py:3239} INFO - Sync 1 DAGs
[2026-08-07T08:08:35.328+0000] {logging_mixin.py:190} INFO - [2026-08-07T08:08:35.327+0000] {dag.py:4180} INFO - Setting next_dagrun for download_rocket_launches to None, run_after=None
[2026-08-07T08:08:35.352+0000] {processor.py:208} INFO - Processing /opt/airflow/dags/bash_python.py took 0.128 seconds
[2026-08-07T08:09:05.518+0000] {processor.py:186} INFO - Started process (PID=215) to work on /opt/airflow/dags/bash_python.py
[2026-08-07T08:09:05.519+0000] {processor.py:914} INFO - Processing file /opt/airflow/dags/bash_python.py for tasks to queue
[2026-08-07T08:09:05.524+0000] {logging_mixin.py:190} INFO - [2026-08-07T08:09:05.523+0000] {dagbag.py:588} INFO - Filling up the DagBag from /opt/airflow/dags/bash_python.py
[2026-08-07T08:09:05.567+0000] {processor.py:925} INFO - DAG(s) 'download_rocket_launches' retrieved from /opt/airflow/dags/bash_python.py
[2026-08-07T08:09:05.604+0000] {logging_mixin.py:190} INFO - [2026-08-07T08:09:05.604+0000] {dag.py:3239} INFO - Sync 1 DAGs
[2026-08-07T08:09:05.620+0000] {logging_mixin.py:190} INFO - [2026-08-07T08:09:05.620+0000] {dag.py:4180} INFO - Setting next_dagrun for download_rocket_launches to None, run_after=None
[2026-08-07T08:09:05.637+0000] {processor.py:208} INFO - Processing /opt/airflow/dags/bash_python.py took 0.128 seconds
[2026-08-07T08:09:35.809+0000] {processor.py:186} INFO - Started process (PID=220) to work on /opt/airflow/dags/bash_python.py
[2026-08-07T08:09:35.810+0000] {processor.py:914} INFO - Processing file /opt/airflow/dags/bash_python.py for tasks to queue
[2026-08-07T08:09:35.815+0000] {logging_mixin.py:190} INFO - [2026-08-07T08:09:35.814+0000] {dagbag.py:588} INFO - Filling up the DagBag from /opt/airflow/dags/bash_python.py
[2026-08-07T08:09:35.840+0000] {processor.py:925} INFO - DAG(s) 'download_rocket_launches' retrieved from /opt/airflow/dags/bash_python.py
[2026-08-07T08:09:35.879+0000] {logging_mixin.py:190} INFO - [2026-08-07T08:09:35.878+0000] {dag.py:3239} INFO - Sync 1 DAGs
[2026-08-07T08:09:35.900+0000] {logging_mixin.py:190} INFO - [2026-08-07T08:09:35.900+0000] {dag.py:4180} INFO - Setting next_dagrun for download_rocket_launches to None, run_after=None
[2026-08-07T08:09:35.953+0000] {processor.py:208} INFO - Processing /opt/airflow/dags/bash_python.py took 0.155 seconds
[2026-08-07T08:10:06.150+0000] {processor.py:186} INFO - Started process (PID=225) to work on /opt/airflow/dags/bash_python.py
[2026-08-07T08:10:06.151+0000] {processor.py:914} INFO - Processing file /opt/airflow/dags/bash_python.py for tasks to queue
[2026-08-07T08:10:06.154+0000] {logging_mixin.py:190} INFO - [2026-08-07T08:10:06.154+0000] {dagbag.py:588} INFO - Filling up the DagBag from /opt/airflow/dags/bash_python.py
[2026-08-07T08:10:06.177+0000] {processor.py:925} INFO - DAG(s) 'download_rocket_launches' retrieved from /opt/airflow/dags/bash_python.py
[2026-08-07T08:10:06.230+0000] {logging_mixin.py:190} INFO - [2026-08-07T08:10:06.229+0000] {dag.py:3239} INFO - Sync 1 DAGs
[2026-08-07T08:10:06.249+0000] {logging_mixin.py:190} INFO - [2026-08-07T08:10:06.248+0000] {dag.py:4180} INFO - Setting next_dagrun for download_rocket_launches to None, run_after=None
[2026-08-07T08:10:06.297+0000] {processor.py:208} INFO - Processing /opt/airflow/dags/bash_python.py took 0.156 seconds
[2026-08-07T08:10:36.420+0000] {processor.py:186} INFO - Started process (PID=230) to work on /opt/airflow/dags/bash_python.py
[2026-08-07T08:10:36.422+0000] {processor.py:914} INFO - Processing file /opt/airflow/dags/bash_python.py for tasks to queue
[2026-08-07T08:10:36.427+0000] {logging_mixin.py:190} INFO - [2026-08-07T08:10:36.426+0000] {dagbag.py:588} INFO - Filling up the DagBag from /opt/airflow/dags/bash_python.py
[2026-08-07T08:10:36.454+0000] {processor.py:925} INFO - DAG(s) 'download_rocket_launches' retrieved from /opt/airflow/dags/bash_python.py
[2026-08-07T08:10:36.498+0000] {logging_mixin.py:190} INFO - [2026-08-07T08:10:36.497+0000] {dag.py:3239} INFO - Sync 1 DAGs
[2026-08-07T08:10:36.521+0000] {logging_mixin.py:190} INFO - [2026-08-07T08:10:36.521+0000] {dag.py:4180} INFO - Setting next_dagrun for download_rocket_launches to None, run_after=None
[2026-08-07T08:10:36.548+0000] {processor.py:208} INFO - Processing /opt/airflow/dags/bash_python.py took 0.139 seconds
[2026-08-07T08:11:06.775+0000] {processor.py:186} INFO - Started process (PID=235) to work on /opt/airflow/dags/bash_python.py
[2026-08-07T08:11:06.778+0000] {processor.py:914} INFO - Processing file /opt/airflow/dags/bash_python.py for tasks to queue
[2026-08-07T08:11:06.783+0000] {logging_mixin.py:190} INFO - [2026-08-07T08:11:06.782+0000] {dagbag.py:588} INFO - Filling up the DagBag from /opt/airflow/dags/bash_python.py
[2026-08-07T08:11:06.809+0000] {processor.py:925} INFO - DAG(s) 'download_rocket_launches' retrieved from /opt/airflow/dags/bash_python.py
[2026-08-07T08:11:06.858+0000] {logging_mixin.py:190} INFO - [2026-08-07T08:11:06.857+0000] {dag.py:3239} INFO - Sync 1 DAGs
[2026-08-07T08:11:06.884+0000] {logging_mixin.py:190} INFO - [2026-08-07T08:11:06.884+0000] {dag.py:4180} INFO - Setting next_dagrun for download_rocket_launches to None, run_after=None
[2026-08-07T08:11:06.914+0000] {processor.py:208} INFO - Processing /opt/airflow/dags/bash_python.py took 0.146 seconds
[2026-08-07T08:11:37.032+0000] {processor.py:186} INFO - Started process (PID=240) to work on /opt/airflow/dags/bash_python.py
[2026-08-07T08:11:37.033+0000] {processor.py:914} INFO - Processing file /opt/airflow/dags/bash_python.py for tasks to queue
[2026-08-07T08:11:37.037+0000] {logging_mixin.py:190} INFO - [2026-08-07T08:11:37.037+0000] {dagbag.py:588} INFO - Filling up the DagBag from /opt/airflow/dags/bash_python.py
[2026-08-07T08:11:37.063+0000] {processor.py:925} INFO - DAG(s) 'download_rocket_launches' retrieved from /opt/airflow/dags/bash_python.py
[2026-08-07T08:11:37.107+0000] {logging_mixin.py:190} INFO - [2026-08-07T08:11:37.106+0000] {dag.py:3239} INFO - Sync 1 DAGs
[2026-08-07T08:11:37.127+0000] {logging_mixin.py:190} INFO - [2026-08-07T08:11:37.126+0000] {dag.py:4180} INFO - Setting next_dagrun for download_rocket_launches to None, run_after=None
[2026-08-07T08:11:37.178+0000] {processor.py:208} INFO - Processing /opt/airflow/dags/bash_python.py took 0.153 seconds
[2026-08-07T08:12:07.406+0000] {processor.py:186} INFO - Started process (PID=245) to work on /opt/airflow/dags/bash_python.py
[2026-08-07T08:12:07.408+0000] {processor.py:914} INFO - Processing file /opt/airflow/dags/bash_python.py for tasks to queue
[2026-08-07T08:12:07.412+0000] {logging_mixin.py:190} INFO - [2026-08-07T08:12:07.411+0000] {dagbag.py:588} INFO - Filling up the DagBag from /opt/airflow/dags/bash_python.py
[2026-08-07T08:12:07.439+0000] {processor.py:925} INFO - DAG(s) 'download_rocket_launches' retrieved from /opt/airflow/dags/bash_python.py
[2026-08-07T08:12:07.480+0000] {logging_mixin.py:190} INFO - [2026-08-07T08:12:07.480+0000] {dag.py:3239} INFO - Sync 1 DAGs
[2026-08-07T08:12:07.496+0000] {logging_mixin.py:190} INFO - [2026-08-07T08:12:07.496+0000] {dag.py:4180} INFO - Setting next_dagrun for download_rocket_launches to None, run_after=None
[2026-08-07T08:12:07.541+0000] {processor.py:208} INFO - Processing /opt/airflow/dags/bash_python.py took 0.144 seconds
[2026-08-07T08:12:37.653+0000] {processor.py:186} INFO - Started process (PID=250) to work on /opt/airflow/dags/bash_python.py
[2026-08-07T08:12:37.654+0000] {processor.py:914} INFO - Processing file /opt/airflow/dags/bash_python.py for tasks to queue
[2026-08-07T08:12:37.657+0000] {logging_mixin.py:190} INFO - [2026-08-07T08:12:37.657+0000] {dagbag.py:588} INFO - Filling up the DagBag from /opt/airflow/dags/bash_python.py
[2026-08-07T08:12:37.675+0000] {processor.py:925} INFO - DAG(s) 'download_rocket_launches' retrieved from /opt/airflow/dags/bash_python.py
[2026-08-07T08:12:37.705+0000] {logging_mixin.py:190} INFO - [2026-08-07T08:12:37.705+0000] {dag.py:3239} INFO - Sync 1 DAGs
[2026-08-07T08:12:37.718+0000] {logging_mixin.py:190} INFO - [2026-08-07T08:12:37.718+0000] {dag.py:4180} INFO - Setting next_dagrun for download_rocket_launches to None, run_after=None
[2026-08-07T08:12:37.759+0000] {processor.py:208} INFO - Processing /opt/airflow/dags/bash_python.py took 0.113 seconds
[2026-08-07T08:13:08.044+0000] {processor.py:186} INFO - Started process (PID=255) to work on /opt/airflow/dags/bash_python.py
[2026-08-07T08:13:08.046+0000] {processor.py:914} INFO - Processing file /opt/airflow/dags/bash_python.py for tasks to queue
[2026-08-07T08:13:08.049+0000] {logging_mixin.py:190} INFO - [2026-08-07T08:13:08.048+0000] {dagbag.py:588} INFO - Filling up the DagBag from /opt/airflow/dags/bash_python.py
[2026-08-07T08:13:08.067+0000] {processor.py:925} INFO - DAG(s) 'download_rocket_launches' retrieved from /opt/airflow/dags/bash_python.py
[2026-08-07T08:13:08.115+0000] {logging_mixin.py:190} INFO - [2026-08-07T08:13:08.115+0000] {dag.py:3239} INFO - Sync 1 DAGs
[2026-08-07T08:13:08.133+0000] {logging_mixin.py:190} INFO - [2026-08-07T08:13:08.133+0000] {dag.py:4180} INFO - Setting next_dagrun for download_rocket_launches to None, run_after=None
[2026-08-07T08:13:08.161+0000] {processor.py:208} INFO - Processing /opt/airflow/dags/bash_python.py took 0.124 seconds
[2026-08-07T08:13:38.299+0000] {processor.py:186} INFO - Started process (PID=260) to work on /opt/airflow/dags/bash_python.py
[2026-08-07T08:13:38.300+0000] {processor.py:914} INFO - Processing file /opt/airflow/dags/bash_python.py for tasks to queue
[2026-08-07T08:13:38.302+0000] {logging_mixin.py:190} INFO - [2026-08-07T08:13:38.302+0000] {dagbag.py:588} INFO - Filling up the DagBag from /opt/airflow/dags/bash_python.py
[2026-08-07T08:13:38.317+0000] {processor.py:925} INFO - DAG(s) 'download_rocket_launches' retrieved from /opt/airflow/dags/bash_python.py
[2026-08-07T08:13:38.343+0000] {logging_mixin.py:190} INFO - [2026-08-07T08:13:38.343+0000] {dag.py:3239} INFO - Sync 1 DAGs
[2026-08-07T08:13:38.361+0000] {logging_mixin.py:190} INFO - [2026-08-07T08:13:38.361+0000] {dag.py:4180} INFO - Setting next_dagrun for download_rocket_launches to None, run_after=None
[2026-08-07T08:13:38.409+0000] {processor.py:208} INFO - Processing /opt/airflow/dags/bash_python.py took 0.115 seconds
[2026-08-07T08:14:08.673+0000] {processor.py:186} INFO - Started process (PID=265) to work on /opt/airflow/dags/bash_python.py
[2026-08-07T08:14:08.675+0000] {processor.py:914} INFO - Processing file /opt/airflow/dags/bash_python.py for tasks to queue
[2026-08-07T08:14:08.678+0000] {logging_mixin.py:190} INFO - [2026-08-07T08:14:08.678+0000] {dagbag.py:588} INFO - Filling up the DagBag from /opt/airflow/dags/bash_python.py
[2026-08-07T08:14:08.697+0000] {processor.py:925} INFO - DAG(s) 'download_rocket_launches' retrieved from /opt/airflow/dags/bash_python.py
[2026-08-07T08:14:08.735+0000] {logging_mixin.py:190} INFO - [2026-08-07T08:14:08.734+0000] {dag.py:3239} INFO - Sync 1 DAGs
[2026-08-07T08:14:08.747+0000] {logging_mixin.py:190} INFO - [2026-08-07T08:14:08.747+0000] {dag.py:4180} INFO - Setting next_dagrun for download_rocket_launches to None, run_after=None
[2026-08-07T08:14:08.785+0000] {processor.py:208} INFO - Processing /opt/airflow/dags/bash_python.py took 0.118 seconds
[2026-08-07T08:14:38.932+0000] {processor.py:186} INFO - Started process (PID=270) to work on /opt/airflow/dags/bash_python.py
[2026-08-07T08:14:38.934+0000] {processor.py:914} INFO - Processing file /opt/airflow/dags/bash_python.py for tasks to queue
[2026-08-07T08:14:38.937+0000] {logging_mixin.py:190} INFO - [2026-08-07T08:14:38.936+0000] {dagbag.py:588} INFO - Filling up the DagBag from /opt/airflow/dags/bash_python.py
[2026-08-07T08:14:38.958+0000] {processor.py:925} INFO - DAG(s) 'download_rocket_launches' retrieved from /opt/airflow/dags/bash_python.py
[2026-08-07T08:14:39.008+0000] {logging_mixin.py:190} INFO - [2026-08-07T08:14:39.007+0000] {dag.py:3239} INFO - Sync 1 DAGs
[2026-08-07T08:14:39.030+0000] {logging_mixin.py:190} INFO - [2026-08-07T08:14:39.029+0000] {dag.py:4180} INFO - Setting next_dagrun for download_rocket_launches to None, run_after=None
[2026-08-07T08:14:39.075+0000] {processor.py:208} INFO - Processing /opt/airflow/dags/bash_python.py took 0.150 seconds
[2026-08-07T08:15:09.332+0000] {processor.py:186} INFO - Started process (PID=280) to work on /opt/airflow/dags/bash_python.py
[2026-08-07T08:15:09.333+0000] {processor.py:914} INFO - Processing file /opt/airflow/dags/bash_python.py for tasks to queue
[2026-08-07T08:15:09.336+0000] {logging_mixin.py:190} INFO - [2026-08-07T08:15:09.336+0000] {dagbag.py:588} INFO - Filling up the DagBag from /opt/airflow/dags/bash_python.py
[2026-08-07T08:15:09.358+0000] {processor.py:925} INFO - DAG(s) 'download_rocket_launches' retrieved from /opt/airflow/dags/bash_python.py
[2026-08-07T08:15:09.399+0000] {logging_mixin.py:190} INFO - [2026-08-07T08:15:09.398+0000] {dag.py:3239} INFO - Sync 1 DAGs
[2026-08-07T08:15:09.416+0000] {logging_mixin.py:190} INFO - [2026-08-07T08:15:09.416+0000] {dag.py:4180} INFO - Setting next_dagrun for download_rocket_launches to None, run_after=None
[2026-08-07T08:15:09.442+0000] {processor.py:208} INFO - Processing /opt/airflow/dags/bash_python.py took 0.117 seconds
[2026-08-07T08:34:20.910+0000] {processor.py:186} INFO - Started process (PID=293) to work on /opt/airflow/dags/bash_python.py
[2026-08-07T08:34:20.915+0000] {processor.py:914} INFO - Processing file /opt/airflow/dags/bash_python.py for tasks to queue
[2026-08-07T08:34:20.923+0000] {logging_mixin.py:190} INFO - [2026-08-07T08:34:20.922+0000] {dagbag.py:588} INFO - Filling up the DagBag from /opt/airflow/dags/bash_python.py
[2026-08-07T08:34:20.969+0000] {processor.py:925} INFO - DAG(s) 'download_rocket_launches' retrieved from /opt/airflow/dags/bash_python.py
[2026-08-07T08:34:21.029+0000] {logging_mixin.py:190} INFO - [2026-08-07T08:34:21.029+0000] {dag.py:3239} INFO - Sync 1 DAGs
[2026-08-07T08:34:21.052+0000] {logging_mixin.py:190} INFO - [2026-08-07T08:34:21.052+0000] {dag.py:4180} INFO - Setting next_dagrun for download_rocket_launches to None, run_after=None
[2026-08-07T08:34:21.082+0000] {processor.py:208} INFO - Processing /opt/airflow/dags/bash_python.py took 0.190 seconds
[2026-08-07T08:34:51.335+0000] {processor.py:186} INFO - Started process (PID=303) to work on /opt/airflow/dags/bash_python.py
[2026-08-07T08:34:51.336+0000] {processor.py:914} INFO - Processing file /opt/airflow/dags/bash_python.py for tasks to queue
[2026-08-07T08:34:51.339+0000] {logging_mixin.py:190} INFO - [2026-08-07T08:34:51.339+0000] {dagbag.py:588} INFO - Filling up the DagBag from /opt/airflow/dags/bash_python.py
[2026-08-07T08:34:51.358+0000] {processor.py:925} INFO - DAG(s) 'download_rocket_launches' retrieved from /opt/airflow/dags/bash_python.py
[2026-08-07T08:34:51.392+0000] {logging_mixin.py:190} INFO - [2026-08-07T08:34:51.392+0000] {dag.py:3239} INFO - Sync 1 DAGs
[2026-08-07T08:34:51.407+0000] {logging_mixin.py:190} INFO - [2026-08-07T08:34:51.407+0000] {dag.py:4180} INFO - Setting next_dagrun for download_rocket_launches to None, run_after=None
[2026-08-07T08:34:51.425+0000] {processor.py:208} INFO - Processing /opt/airflow/dags/bash_python.py took 0.099 seconds
[2026-08-07T08:35:21.708+0000] {processor.py:186} INFO - Started process (PID=313) to work on /opt/airflow/dags/bash_python.py
[2026-08-07T08:35:21.710+0000] {processor.py:914} INFO - Processing file /opt/airflow/dags/bash_python.py for tasks to queue
[2026-08-07T08:35:21.713+0000] {logging_mixin.py:190} INFO - [2026-08-07T08:35:21.712+0000] {dagbag.py:588} INFO - Filling up the DagBag from /opt/airflow/dags/bash_python.py
[2026-08-07T08:35:21.734+0000] {processor.py:925} INFO - DAG(s) 'download_rocket_launches' retrieved from /opt/airflow/dags/bash_python.py
[2026-08-07T08:35:21.765+0000] {logging_mixin.py:190} INFO - [2026-08-07T08:35:21.765+0000] {dag.py:3239} INFO - Sync 1 DAGs
[2026-08-07T08:35:21.777+0000] {logging_mixin.py:190} INFO - [2026-08-07T08:35:21.777+0000] {dag.py:4180} INFO - Setting next_dagrun for download_rocket_launches to None, run_after=None
[2026-08-07T08:35:21.793+0000] {processor.py:208} INFO - Processing /opt/airflow/dags/bash_python.py took 0.100 seconds
[2026-08-07T08:35:52.082+0000] {processor.py:186} INFO - Started process (PID=325) to work on /opt/airflow/dags/bash_python.py
[2026-08-07T08:35:52.083+0000] {processor.py:914} INFO - Processing file /opt/airflow/dags/bash_python.py for tasks to queue
[2026-08-07T08:35:52.085+0000] {logging_mixin.py:190} INFO - [2026-08-07T08:35:52.085+0000] {dagbag.py:588} INFO - Filling up the DagBag from /opt/airflow/dags/bash_python.py
[2026-08-07T08:35:52.101+0000] {processor.py:925} INFO - DAG(s) 'download_rocket_launches' retrieved from /opt/airflow/dags/bash_python.py
[2026-08-07T08:35:52.131+0000] {logging_mixin.py:190} INFO - [2026-08-07T08:35:52.130+0000] {dag.py:3239} INFO - Sync 1 DAGs
[2026-08-07T08:35:52.149+0000] {logging_mixin.py:190} INFO - [2026-08-07T08:35:52.149+0000] {dag.py:4180} INFO - Setting next_dagrun for download_rocket_launches to None, run_after=None
[2026-08-07T08:35:52.194+0000] {processor.py:208} INFO - Processing /opt/airflow/dags/bash_python.py took 0.118 seconds
[2026-08-07T08:36:22.425+0000] {processor.py:186} INFO - Started process (PID=335) to work on /opt/airflow/dags/bash_python.py
[2026-08-07T08:36:22.426+0000] {processor.py:914} INFO - Processing file /opt/airflow/dags/bash_python.py for tasks to queue
[2026-08-07T08:36:22.430+0000] {logging_mixin.py:190} INFO - [2026-08-07T08:36:22.429+0000] {dagbag.py:588} INFO - Filling up the DagBag from /opt/airflow/dags/bash_python.py
[2026-08-07T08:36:22.445+0000] {processor.py:925} INFO - DAG(s) 'download_rocket_launches' retrieved from /opt/airflow/dags/bash_python.py
[2026-08-07T08:36:22.471+0000] {logging_mixin.py:190} INFO - [2026-08-07T08:36:22.470+0000] {dag.py:3239} INFO - Sync 1 DAGs
[2026-08-07T08:36:22.483+0000] {logging_mixin.py:190} INFO - [2026-08-07T08:36:22.482+0000] {dag.py:4180} INFO - Setting next_dagrun for download_rocket_launches to None, run_after=None
[2026-08-07T08:36:22.522+0000] {processor.py:208} INFO - Processing /opt/airflow/dags/bash_python.py took 0.103 seconds
[2026-08-07T08:36:52.774+0000] {processor.py:186} INFO - Started process (PID=345) to work on /opt/airflow/dags/bash_python.py
[2026-08-07T08:36:52.775+0000] {processor.py:914} INFO - Processing file /opt/airflow/dags/bash_python.py for tasks to queue
[2026-08-07T08:36:52.778+0000] {logging_mixin.py:190} INFO - [2026-08-07T08:36:52.778+0000] {dagbag.py:588} INFO - Filling up the DagBag from /opt/airflow/dags/bash_python.py
[2026-08-07T08:36:52.796+0000] {processor.py:925} INFO - DAG(s) 'download_rocket_launches' retrieved from /opt/airflow/dags/bash_python.py
[2026-08-07T08:36:52.830+0000] {logging_mixin.py:190} INFO - [2026-08-07T08:36:52.829+0000] {dag.py:3239} INFO - Sync 1 DAGs
[2026-08-07T08:36:52.842+0000] {logging_mixin.py:190} INFO - [2026-08-07T08:36:52.842+0000] {dag.py:4180} INFO - Setting next_dagrun for download_rocket_launches to None, run_after=None
[2026-08-07T08:36:52.880+0000] {processor.py:208} INFO - Processing /opt/airflow/dags/bash_python.py took 0.111 seconds
[2026-08-07T08:37:23.120+0000] {processor.py:186} INFO - Started process (PID=355) to work on /opt/airflow/dags/bash_python.py
[2026-08-07T08:37:23.121+0000] {processor.py:914} INFO - Processing file /opt/airflow/dags/bash_python.py for tasks to queue
[2026-08-07T08:37:23.124+0000] {logging_mixin.py:190} INFO - [2026-08-07T08:37:23.123+0000] {dagbag.py:588} INFO - Filling up the DagBag from /opt/airflow/dags/bash_python.py
[2026-08-07T08:37:23.138+0000] {processor.py:925} INFO - DAG(s) 'download_rocket_launches' retrieved from /opt/airflow/dags/bash_python.py
[2026-08-07T08:37:23.167+0000] {logging_mixin.py:190} INFO - [2026-08-07T08:37:23.166+0000] {dag.py:3239} INFO - Sync 1 DAGs
[2026-08-07T08:37:23.179+0000] {logging_mixin.py:190} INFO - [2026-08-07T08:37:23.179+0000] {dag.py:4180} INFO - Setting next_dagrun for download_rocket_launches to None, run_after=None
[2026-08-07T08:37:23.222+0000] {processor.py:208} INFO - Processing /opt/airflow/dags/bash_python.py took 0.106 seconds
[2026-08-07T08:37:53.467+0000] {processor.py:186} INFO - Started process (PID=365) to work on /opt/airflow/dags/bash_python.py
[2026-08-07T08:37:53.468+0000] {processor.py:914} INFO - Processing file /opt/airflow/dags/bash_python.py for tasks to queue
[2026-08-07T08:37:53.471+0000] {logging_mixin.py:190} INFO - [2026-08-07T08:37:53.470+0000] {dagbag.py:588} INFO - Filling up the DagBag from /opt/airflow/dags/bash_python.py
[2026-08-07T08:37:53.489+0000] {processor.py:925} INFO - DAG(s) 'download_rocket_launches' retrieved from /opt/airflow/dags/bash_python.py
[2026-08-07T08:37:53.519+0000] {logging_mixin.py:190} INFO - [2026-08-07T08:37:53.519+0000] {dag.py:3239} INFO - Sync 1 DAGs
[2026-08-07T08:37:53.533+0000] {logging_mixin.py:190} INFO - [2026-08-07T08:37:53.533+0000] {dag.py:4180} INFO - Setting next_dagrun for download_rocket_launches to None, run_after=None
[2026-08-07T08:37:53.572+0000] {processor.py:208} INFO - Processing /opt/airflow/dags/bash_python.py took 0.110 seconds
[2026-08-07T08:38:23.809+0000] {processor.py:186} INFO - Started process (PID=375) to work on /opt/airflow/dags/bash_python.py
[2026-08-07T08:38:23.812+0000] {processor.py:914} INFO - Processing file /opt/airflow/dags/bash_python.py for tasks to queue
[2026-08-07T08:38:23.817+0000] {logging_mixin.py:190} INFO - [2026-08-07T08:38:23.816+0000] {dagbag.py:588} INFO - Filling up the DagBag from /opt/airflow/dags/bash_python.py
[2026-08-07T08:38:23.841+0000] {processor.py:925} INFO - DAG(s) 'download_rocket_launches' retrieved from /opt/airflow/dags/bash_python.py
[2026-08-07T08:38:23.877+0000] {logging_mixin.py:190} INFO - [2026-08-07T08:38:23.876+0000] {dag.py:3239} INFO - Sync 1 DAGs
[2026-08-07T08:38:23.894+0000] {logging_mixin.py:190} INFO - [2026-08-07T08:38:23.894+0000] {dag.py:4180} INFO - Setting next_dagrun for download_rocket_launches to None, run_after=None
[2026-08-07T08:38:23.943+0000] {processor.py:208} INFO - Processing /opt/airflow/dags/bash_python.py took 0.141 seconds
[2026-08-07T08:38:54.205+0000] {processor.py:186} INFO - Started process (PID=385) to work on /opt/airflow/dags/bash_python.py
[2026-08-07T08:38:54.207+0000] {processor.py:914} INFO - Processing file /opt/airflow/dags/bash_python.py for tasks to queue
[2026-08-07T08:38:54.209+0000] {logging_mixin.py:190} INFO - [2026-08-07T08:38:54.209+0000] {dagbag.py:588} INFO - Filling up the DagBag from /opt/airflow/dags/bash_python.py
[2026-08-07T08:38:54.225+0000] {processor.py:925} INFO - DAG(s) 'download_rocket_launches' retrieved from /opt/airflow/dags/bash_python.py
[2026-08-07T08:38:54.250+0000] {logging_mixin.py:190} INFO - [2026-08-07T08:38:54.250+0000] {dag.py:3239} INFO - Sync 1 DAGs
[2026-08-07T08:38:54.262+0000] {logging_mixin.py:190} INFO - [2026-08-07T08:38:54.261+0000] {dag.py:4180} INFO - Setting next_dagrun for download_rocket_launches to None, run_after=None
[2026-08-07T08:38:54.299+0000] {processor.py:208} INFO - Processing /opt/airflow/dags/bash_python.py took 0.100 seconds
[2026-08-07T08:39:24.606+0000] {processor.py:186} INFO - Started process (PID=395) to work on /opt/airflow/dags/bash_python.py
[2026-08-07T08:39:24.608+0000] {processor.py:914} INFO - Processing file /opt/airflow/dags/bash_python.py for tasks to queue
[2026-08-07T08:39:24.611+0000] {logging_mixin.py:190} INFO - [2026-08-07T08:39:24.611+0000] {dagbag.py:588} INFO - Filling up the DagBag from /opt/airflow/dags/bash_python.py
[2026-08-07T08:39:24.630+0000] {processor.py:925} INFO - DAG(s) 'download_rocket_launches' retrieved from /opt/airflow/dags/bash_python.py
[2026-08-07T08:39:24.664+0000] {logging_mixin.py:190} INFO - [2026-08-07T08:39:24.664+0000] {dag.py:3239} INFO - Sync 1 DAGs
[2026-08-07T08:39:24.689+0000] {logging_mixin.py:190} INFO - [2026-08-07T08:39:24.689+0000] {dag.py:4180} INFO - Setting next_dagrun for download_rocket_launches to None, run_after=None
[2026-08-07T08:39:24.717+0000] {processor.py:208} INFO - Processing /opt/airflow/dags/bash_python.py took 0.119 seconds
[2026-08-07T08:39:54.882+0000] {processor.py:186} INFO - Started process (PID=405) to work on /opt/airflow/dags/bash_python.py
[2026-08-07T08:39:54.884+0000] {processor.py:914} INFO - Processing file /opt/airflow/dags/bash_python.py for tasks to queue
[2026-08-07T08:39:54.887+0000] {logging_mixin.py:190} INFO - [2026-08-07T08:39:54.887+0000] {dagbag.py:588} INFO - Filling up the DagBag from /opt/airflow/dags/bash_python.py
[2026-08-07T08:39:54.915+0000] {processor.py:925} INFO - DAG(s) 'download_rocket_launches' retrieved from /opt/airflow/dags/bash_python.py
[2026-08-07T08:39:54.954+0000] {logging_mixin.py:190} INFO - [2026-08-07T08:39:54.954+0000] {dag.py:3239} INFO - Sync 1 DAGs
[2026-08-07T08:39:54.971+0000] {logging_mixin.py:190} INFO - [2026-08-07T08:39:54.971+0000] {dag.py:4180} INFO - Setting next_dagrun for download_rocket_launches to None, run_after=None
[2026-08-07T08:39:55.019+0000] {processor.py:208} INFO - Processing /opt/airflow/dags/bash_python.py took 0.145 seconds
[2026-08-07T08:40:25.267+0000] {processor.py:186} INFO - Started process (PID=415) to work on /opt/airflow/dags/bash_python.py
[2026-08-07T08:40:25.268+0000] {processor.py:914} INFO - Processing file /opt/airflow/dags/bash_python.py for tasks to queue
[2026-08-07T08:40:25.270+0000] {logging_mixin.py:190} INFO - [2026-08-07T08:40:25.270+0000] {dagbag.py:588} INFO - Filling up the DagBag from /opt/airflow/dags/bash_python.py
[2026-08-07T08:40:25.285+0000] {processor.py:925} INFO - DAG(s) 'download_rocket_launches' retrieved from /opt/airflow/dags/bash_python.py
[2026-08-07T08:40:25.310+0000] {logging_mixin.py:190} INFO - [2026-08-07T08:40:25.310+0000] {dag.py:3239} INFO - Sync 1 DAGs
[2026-08-07T08:40:25.323+0000] {logging_mixin.py:190} INFO - [2026-08-07T08:40:25.323+0000] {dag.py:4180} INFO - Setting next_dagrun for download_rocket_launches to None, run_after=None
[2026-08-07T08:40:25.361+0000] {processor.py:208} INFO - Processing /opt/airflow/dags/bash_python.py took 0.100 seconds
[2026-08-07T08:40:55.600+0000] {processor.py:186} INFO - Started process (PID=425) to work on /opt/airflow/dags/bash_python.py
[2026-08-07T08:40:55.601+0000] {processor.py:914} INFO - Processing file /opt/airflow/dags/bash_python.py for tasks to queue
[2026-08-07T08:40:55.603+0000] {logging_mixin.py:190} INFO - [2026-08-07T08:40:55.603+0000] {dagbag.py:588} INFO - Filling up the DagBag from /opt/airflow/dags/bash_python.py
[2026-08-07T08:40:55.621+0000] {processor.py:925} INFO - DAG(s) 'download_rocket_launches' retrieved from /opt/airflow/dags/bash_python.py
[2026-08-07T08:40:55.645+0000] {logging_mixin.py:190} INFO - [2026-08-07T08:40:55.645+0000] {dag.py:3239} INFO - Sync 1 DAGs
[2026-08-07T08:40:55.656+0000] {logging_mixin.py:190} INFO - [2026-08-07T08:40:55.656+0000] {dag.py:4180} INFO - Setting next_dagrun for download_rocket_launches to None, run_after=None
[2026-08-07T08:40:55.693+0000] {processor.py:208} INFO - Processing /opt/airflow/dags/bash_python.py took 0.098 seconds
[2026-08-07T08:41:25.980+0000] {processor.py:186} INFO - Started process (PID=435) to work on /opt/airflow/dags/bash_python.py
[2026-08-07T08:41:25.981+0000] {processor.py:914} INFO - Processing file /opt/airflow/dags/bash_python.py for tasks to queue
[2026-08-07T08:41:25.985+0000] {logging_mixin.py:190} INFO - [2026-08-07T08:41:25.984+0000] {dagbag.py:588} INFO - Filling up the DagBag from /opt/airflow/dags/bash_python.py
[2026-08-07T08:41:26.002+0000] {processor.py:925} INFO - DAG(s) 'download_rocket_launches' retrieved from /opt/airflow/dags/bash_python.py
[2026-08-07T08:41:26.028+0000] {logging_mixin.py:190} INFO - [2026-08-07T08:41:26.028+0000] {dag.py:3239} INFO - Sync 1 DAGs
[2026-08-07T08:41:26.040+0000] {logging_mixin.py:190} INFO - [2026-08-07T08:41:26.040+0000] {dag.py:4180} INFO - Setting next_dagrun for download_rocket_launches to None, run_after=None
[2026-08-07T08:41:26.079+0000] {processor.py:208} INFO - Processing /opt/airflow/dags/bash_python.py took 0.106 seconds
[2026-08-07T08:41:56.239+0000] {processor.py:186} INFO - Started process (PID=445) to work on /opt/airflow/dags/bash_python.py
[2026-08-07T08:41:56.240+0000] {processor.py:914} INFO - Processing file /opt/airflow/dags/bash_python.py for tasks to queue
[2026-08-07T08:41:56.243+0000] {logging_mixin.py:190} INFO - [2026-08-07T08:41:56.243+0000] {dagbag.py:588} INFO - Filling up the DagBag from /opt/airflow/dags/bash_python.py
[2026-08-07T08:41:56.262+0000] {processor.py:925} INFO - DAG(s) 'download_rocket_launches' retrieved from /opt/airflow/dags/bash_python.py
[2026-08-07T08:41:56.297+0000] {logging_mixin.py:190} INFO - [2026-08-07T08:41:56.296+0000] {dag.py:3239} INFO - Sync 1 DAGs
[2026-08-07T08:41:56.313+0000] {logging_mixin.py:190} INFO - [2026-08-07T08:41:56.313+0000] {dag.py:4180} INFO - Setting next_dagrun for download_rocket_launches to None, run_after=None
[2026-08-07T08:41:56.357+0000] {processor.py:208} INFO - Processing /opt/airflow/dags/bash_python.py took 0.124 seconds
[2026-08-07T08:42:26.641+0000] {processor.py:186} INFO - Started process (PID=455) to work on /opt/airflow/dags/bash_python.py
[2026-08-07T08:42:26.642+0000] {processor.py:914} INFO - Processing file /opt/airflow/dags/bash_python.py for tasks to queue
[2026-08-07T08:42:26.645+0000] {logging_mixin.py:190} INFO - [2026-08-07T08:42:26.644+0000] {dagbag.py:588} INFO - Filling up the DagBag from /opt/airflow/dags/bash_python.py
[2026-08-07T08:42:26.662+0000] {processor.py:925} INFO - DAG(s) 'download_rocket_launches' retrieved from /opt/airflow/dags/bash_python.py
[2026-08-07T08:42:26.686+0000] {logging_mixin.py:190} INFO - [2026-08-07T08:42:26.686+0000] {dag.py:3239} INFO - Sync 1 DAGs
[2026-08-07T08:42:26.697+0000] {logging_mixin.py:190} INFO - [2026-08-07T08:42:26.697+0000] {dag.py:4180} INFO - Setting next_dagrun for download_rocket_launches to None, run_after=None
[2026-08-07T08:42:26.713+0000] {processor.py:208} INFO - Processing /opt/airflow/dags/bash_python.py took 0.076 seconds
[2026-08-07T08:42:56.873+0000] {processor.py:186} INFO - Started process (PID=465) to work on /opt/airflow/dags/bash_python.py
[2026-08-07T08:42:56.874+0000] {processor.py:914} INFO - Processing file /opt/airflow/dags/bash_python.py for tasks to queue
[2026-08-07T08:42:56.876+0000] {logging_mixin.py:190} INFO - [2026-08-07T08:42:56.876+0000] {dagbag.py:588} INFO - Filling up the DagBag from /opt/airflow/dags/bash_python.py
[2026-08-07T08:42:56.893+0000] {processor.py:925} INFO - DAG(s) 'download_rocket_launches' retrieved from /opt/airflow/dags/bash_python.py
[2026-08-07T08:42:56.921+0000] {logging_mixin.py:190} INFO - [2026-08-07T08:42:56.921+0000] {dag.py:3239} INFO - Sync 1 DAGs
[2026-08-07T08:42:56.934+0000] {logging_mixin.py:190} INFO - [2026-08-07T08:42:56.934+0000] {dag.py:4180} INFO - Setting next_dagrun for download_rocket_launches to None, run_after=None
[2026-08-07T08:42:56.974+0000] {processor.py:208} INFO - Processing /opt/airflow/dags/bash_python.py took 0.106 seconds
[2026-08-07T08:43:27.257+0000] {processor.py:186} INFO - Started process (PID=475) to work on /opt/airflow/dags/bash_python.py
[2026-08-07T08:43:27.258+0000] {processor.py:914} INFO - Processing file /opt/airflow/dags/bash_python.py for tasks to queue
[2026-08-07T08:43:27.260+0000] {logging_mixin.py:190} INFO - [2026-08-07T08:43:27.260+0000] {dagbag.py:588} INFO - Filling up the DagBag from /opt/airflow/dags/bash_python.py
[2026-08-07T08:43:27.277+0000] {processor.py:925} INFO - DAG(s) 'download_rocket_launches' retrieved from /opt/airflow/dags/bash_python.py
[2026-08-07T08:43:27.303+0000] {logging_mixin.py:190} INFO - [2026-08-07T08:43:27.302+0000] {dag.py:3239} INFO - Sync 1 DAGs
[2026-08-07T08:43:27.315+0000] {logging_mixin.py:190} INFO - [2026-08-07T08:43:27.315+0000] {dag.py:4180} INFO - Setting next_dagrun for download_rocket_launches to None, run_after=None
[2026-08-07T08:43:27.334+0000] {processor.py:208} INFO - Processing /opt/airflow/dags/bash_python.py took 0.082 seconds
[2026-08-07T08:43:57.591+0000] {processor.py:186} INFO - Started process (PID=485) to work on /opt/airflow/dags/bash_python.py
[2026-08-07T08:43:57.593+0000] {processor.py:914} INFO - Processing file /opt/airflow/dags/bash_python.py for tasks to queue
[2026-08-07T08:43:57.597+0000] {logging_mixin.py:190} INFO - [2026-08-07T08:43:57.596+0000] {dagbag.py:588} INFO - Filling up the DagBag from /opt/airflow/dags/bash_python.py
[2026-08-07T08:43:57.614+0000] {processor.py:925} INFO - DAG(s) 'download_rocket_launches' retrieved from /opt/airflow/dags/bash_python.py
[2026-08-07T08:43:57.639+0000] {logging_mixin.py:190} INFO - [2026-08-07T08:43:57.639+0000] {dag.py:3239} INFO - Sync 1 DAGs
[2026-08-07T08:43:57.652+0000] {logging_mixin.py:190} INFO - [2026-08-07T08:43:57.652+0000] {dag.py:4180} INFO - Setting next_dagrun for download_rocket_launches to None, run_after=None
[2026-08-07T08:43:57.688+0000] {processor.py:208} INFO - Processing /opt/airflow/dags/bash_python.py took 0.101 seconds
[2026-08-07T08:44:28.001+0000] {processor.py:186} INFO - Started process (PID=495) to work on /opt/airflow/dags/bash_python.py
[2026-08-07T08:44:28.002+0000] {processor.py:914} INFO - Processing file /opt/airflow/dags/bash_python.py for tasks to queue
[2026-08-07T08:44:28.004+0000] {logging_mixin.py:190} INFO - [2026-08-07T08:44:28.004+0000] {dagbag.py:588} INFO - Filling up the DagBag from /opt/airflow/dags/bash_python.py
[2026-08-07T08:44:28.019+0000] {processor.py:925} INFO - DAG(s) 'download_rocket_launches' retrieved from /opt/airflow/dags/bash_python.py
[2026-08-07T08:44:28.044+0000] {logging_mixin.py:190} INFO - [2026-08-07T08:44:28.044+0000] {dag.py:3239} INFO - Sync 1 DAGs
[2026-08-07T08:44:28.055+0000] {logging_mixin.py:190} INFO - [2026-08-07T08:44:28.055+0000] {dag.py:4180} INFO - Setting next_dagrun for download_rocket_launches to None, run_after=None
[2026-08-07T08:44:28.093+0000] {processor.py:208} INFO - Processing /opt/airflow/dags/bash_python.py took 0.097 seconds
[2026-08-07T08:44:58.372+0000] {processor.py:186} INFO - Started process (PID=510) to work on /opt/airflow/dags/bash_python.py
[2026-08-07T08:44:58.373+0000] {processor.py:914} INFO - Processing file /opt/airflow/dags/bash_python.py for tasks to queue
[2026-08-07T08:44:58.376+0000] {logging_mixin.py:190} INFO - [2026-08-07T08:44:58.375+0000] {dagbag.py:588} INFO - Filling up the DagBag from /opt/airflow/dags/bash_python.py
[2026-08-07T08:44:58.391+0000] {processor.py:925} INFO - DAG(s) 'download_rocket_launches' retrieved from /opt/airflow/dags/bash_python.py
[2026-08-07T08:44:58.419+0000] {logging_mixin.py:190} INFO - [2026-08-07T08:44:58.419+0000] {dag.py:3239} INFO - Sync 1 DAGs
[2026-08-07T08:44:58.431+0000] {logging_mixin.py:190} INFO - [2026-08-07T08:44:58.430+0000] {dag.py:4180} INFO - Setting next_dagrun for download_rocket_launches to None, run_after=None
[2026-08-07T08:44:58.468+0000] {processor.py:208} INFO - Processing /opt/airflow/dags/bash_python.py took 0.102 seconds
[2026-08-07T08:45:28.732+0000] {processor.py:186} INFO - Started process (PID=520) to work on /opt/airflow/dags/bash_python.py
[2026-08-07T08:45:28.734+0000] {processor.py:914} INFO - Processing file /opt/airflow/dags/bash_python.py for tasks to queue
[2026-08-07T08:45:28.738+0000] {logging_mixin.py:190} INFO - [2026-08-07T08:45:28.737+0000] {dagbag.py:588} INFO - Filling up the DagBag from /opt/airflow/dags/bash_python.py
[2026-08-07T08:45:28.760+0000] {processor.py:925} INFO - DAG(s) 'download_rocket_launches' retrieved from /opt/airflow/dags/bash_python.py
[2026-08-07T08:45:28.796+0000] {logging_mixin.py:190} INFO - [2026-08-07T08:45:28.795+0000] {dag.py:3239} INFO - Sync 1 DAGs
[2026-08-07T08:45:28.813+0000] {logging_mixin.py:190} INFO - [2026-08-07T08:45:28.812+0000] {dag.py:4180} INFO - Setting next_dagrun for download_rocket_launches to None, run_after=None
[2026-08-07T08:45:28.837+0000] {processor.py:208} INFO - Processing /opt/airflow/dags/bash_python.py took 0.113 seconds
[2026-08-07T08:45:59.149+0000] {processor.py:186} INFO - Started process (PID=535) to work on /opt/airflow/dags/bash_python.py
[2026-08-07T08:45:59.151+0000] {processor.py:914} INFO - Processing file /opt/airflow/dags/bash_python.py for tasks to queue
[2026-08-07T08:45:59.157+0000] {logging_mixin.py:190} INFO - [2026-08-07T08:45:59.156+0000] {dagbag.py:588} INFO - Filling up the DagBag from /opt/airflow/dags/bash_python.py
[2026-08-07T08:45:59.175+0000] {processor.py:925} INFO - DAG(s) 'download_rocket_launches' retrieved from /opt/airflow/dags/bash_python.py
[2026-08-07T08:45:59.205+0000] {logging_mixin.py:190} INFO - [2026-08-07T08:45:59.204+0000] {dag.py:3239} INFO - Sync 1 DAGs
[2026-08-07T08:45:59.217+0000] {logging_mixin.py:190} INFO - [2026-08-07T08:45:59.217+0000] {dag.py:4180} INFO - Setting next_dagrun for download_rocket_launches to None, run_after=None
[2026-08-07T08:45:59.260+0000] {processor.py:208} INFO - Processing /opt/airflow/dags/bash_python.py took 0.118 seconds
[2026-08-07T08:46:29.519+0000] {processor.py:186} INFO - Started process (PID=545) to work on /opt/airflow/dags/bash_python.py
[2026-08-07T08:46:29.520+0000] {processor.py:914} INFO - Processing file /opt/airflow/dags/bash_python.py for tasks to queue
[2026-08-07T08:46:29.522+0000] {logging_mixin.py:190} INFO - [2026-08-07T08:46:29.522+0000] {dagbag.py:588} INFO - Filling up the DagBag from /opt/airflow/dags/bash_python.py
[2026-08-07T08:46:29.538+0000] {processor.py:925} INFO - DAG(s) 'download_rocket_launches' retrieved from /opt/airflow/dags/bash_python.py
[2026-08-07T08:46:29.567+0000] {logging_mixin.py:190} INFO - [2026-08-07T08:46:29.566+0000] {dag.py:3239} INFO - Sync 1 DAGs
[2026-08-07T08:46:29.582+0000] {logging_mixin.py:190} INFO - [2026-08-07T08:46:29.582+0000] {dag.py:4180} INFO - Setting next_dagrun for download_rocket_launches to None, run_after=None
[2026-08-07T08:46:29.620+0000] {processor.py:208} INFO - Processing /opt/airflow/dags/bash_python.py took 0.106 seconds
[2026-08-07T08:46:59.879+0000] {processor.py:186} INFO - Started process (PID=560) to work on /opt/airflow/dags/bash_python.py
[2026-08-07T08:46:59.897+0000] {processor.py:914} INFO - Processing file /opt/airflow/dags/bash_python.py for tasks to queue
[2026-08-07T08:46:59.901+0000] {logging_mixin.py:190} INFO - [2026-08-07T08:46:59.901+0000] {dagbag.py:588} INFO - Filling up the DagBag from /opt/airflow/dags/bash_python.py
[2026-08-07T08:46:59.922+0000] {processor.py:925} INFO - DAG(s) 'download_rocket_launches' retrieved from /opt/airflow/dags/bash_python.py
[2026-08-07T08:46:59.952+0000] {logging_mixin.py:190} INFO - [2026-08-07T08:46:59.952+0000] {dag.py:3239} INFO - Sync 1 DAGs
[2026-08-07T08:46:59.965+0000] {logging_mixin.py:190} INFO - [2026-08-07T08:46:59.965+0000] {dag.py:4180} INFO - Setting next_dagrun for download_rocket_launches to None, run_after=None
[2026-08-07T08:46:59.988+0000] {processor.py:208} INFO - Processing /opt/airflow/dags/bash_python.py took 0.118 seconds
[2026-08-07T08:47:30.301+0000] {processor.py:186} INFO - Started process (PID=570) to work on /opt/airflow/dags/bash_python.py
[2026-08-07T08:47:30.304+0000] {processor.py:914} INFO - Processing file /opt/airflow/dags/bash_python.py for tasks to queue
[2026-08-07T08:47:30.308+0000] {logging_mixin.py:190} INFO - [2026-08-07T08:47:30.307+0000] {dagbag.py:588} INFO - Filling up the DagBag from /opt/airflow/dags/bash_python.py
[2026-08-07T08:47:30.330+0000] {processor.py:925} INFO - DAG(s) 'download_rocket_launches' retrieved from /opt/airflow/dags/bash_python.py
[2026-08-07T08:47:30.368+0000] {logging_mixin.py:190} INFO - [2026-08-07T08:47:30.368+0000] {dag.py:3239} INFO - Sync 1 DAGs
[2026-08-07T08:47:30.391+0000] {logging_mixin.py:190} INFO - [2026-08-07T08:47:30.391+0000] {dag.py:4180} INFO - Setting next_dagrun for download_rocket_launches to None, run_after=None
[2026-08-07T08:47:30.441+0000] {processor.py:208} INFO - Processing /opt/airflow/dags/bash_python.py took 0.149 seconds
[2026-08-07T08:48:00.731+0000] {processor.py:186} INFO - Started process (PID=580) to work on /opt/airflow/dags/bash_python.py
[2026-08-07T08:48:00.732+0000] {processor.py:914} INFO - Processing file /opt/airflow/dags/bash_python.py for tasks to queue
[2026-08-07T08:48:00.734+0000] {logging_mixin.py:190} INFO - [2026-08-07T08:48:00.734+0000] {dagbag.py:588} INFO - Filling up the DagBag from /opt/airflow/dags/bash_python.py
[2026-08-07T08:48:00.758+0000] {processor.py:925} INFO - DAG(s) 'download_rocket_launches' retrieved from /opt/airflow/dags/bash_python.py
[2026-08-07T08:48:00.785+0000] {logging_mixin.py:190} INFO - [2026-08-07T08:48:00.785+0000] {dag.py:3239} INFO - Sync 1 DAGs
[2026-08-07T08:48:00.800+0000] {logging_mixin.py:190} INFO - [2026-08-07T08:48:00.800+0000] {dag.py:4180} INFO - Setting next_dagrun for download_rocket_launches to None, run_after=None
[2026-08-07T08:48:00.840+0000] {processor.py:208} INFO - Processing /opt/airflow/dags/bash_python.py took 0.114 seconds
[2026-08-07T08:48:31.021+0000] {processor.py:186} INFO - Started process (PID=590) to work on /opt/airflow/dags/bash_python.py
[2026-08-07T08:48:31.022+0000] {processor.py:914} INFO - Processing file /opt/airflow/dags/bash_python.py for tasks to queue
[2026-08-07T08:48:31.025+0000] {logging_mixin.py:190} INFO - [2026-08-07T08:48:31.024+0000] {dagbag.py:588} INFO - Filling up the DagBag from /opt/airflow/dags/bash_python.py
[2026-08-07T08:48:31.043+0000] {processor.py:925} INFO - DAG(s) 'download_rocket_launches' retrieved from /opt/airflow/dags/bash_python.py
[2026-08-07T08:48:31.074+0000] {logging_mixin.py:190} INFO - [2026-08-07T08:48:31.074+0000] {dag.py:3239} INFO - Sync 1 DAGs
[2026-08-07T08:48:31.092+0000] {logging_mixin.py:190} INFO - [2026-08-07T08:48:31.092+0000] {dag.py:4180} INFO - Setting next_dagrun for download_rocket_launches to None, run_after=None
[2026-08-07T08:48:31.137+0000] {processor.py:208} INFO - Processing /opt/airflow/dags/bash_python.py took 0.122 seconds
[2026-08-07T08:49:01.872+0000] {processor.py:186} INFO - Started process (PID=605) to work on /opt/airflow/dags/bash_python.py
[2026-08-07T08:49:01.873+0000] {processor.py:914} INFO - Processing file /opt/airflow/dags/bash_python.py for tasks to queue
[2026-08-07T08:49:01.875+0000] {logging_mixin.py:190} INFO - [2026-08-07T08:49:01.875+0000] {dagbag.py:588} INFO - Filling up the DagBag from /opt/airflow/dags/bash_python.py
[2026-08-07T08:49:01.891+0000] {processor.py:925} INFO - DAG(s) 'download_rocket_launches' retrieved from /opt/airflow/dags/bash_python.py
[2026-08-07T08:49:01.917+0000] {logging_mixin.py:190} INFO - [2026-08-07T08:49:01.916+0000] {dag.py:3239} INFO - Sync 1 DAGs
[2026-08-07T08:49:01.929+0000] {logging_mixin.py:190} INFO - [2026-08-07T08:49:01.928+0000] {dag.py:4180} INFO - Setting next_dagrun for download_rocket_launches to None, run_after=None
[2026-08-07T08:49:01.968+0000] {processor.py:208} INFO - Processing /opt/airflow/dags/bash_python.py took 0.101 seconds
[2026-08-07T08:49:32.270+0000] {processor.py:186} INFO - Started process (PID=615) to work on /opt/airflow/dags/bash_python.py
[2026-08-07T08:49:32.271+0000] {processor.py:914} INFO - Processing file /opt/airflow/dags/bash_python.py for tasks to queue
[2026-08-07T08:49:32.274+0000] {logging_mixin.py:190} INFO - [2026-08-07T08:49:32.273+0000] {dagbag.py:588} INFO - Filling up the DagBag from /opt/airflow/dags/bash_python.py
[2026-08-07T08:49:32.300+0000] {processor.py:925} INFO - DAG(s) 'download_rocket_launches' retrieved from /opt/airflow/dags/bash_python.py
[2026-08-07T08:49:32.331+0000] {logging_mixin.py:190} INFO - [2026-08-07T08:49:32.331+0000] {dag.py:3239} INFO - Sync 1 DAGs
[2026-08-07T08:49:32.345+0000] {logging_mixin.py:190} INFO - [2026-08-07T08:49:32.345+0000] {dag.py:4180} INFO - Setting next_dagrun for download_rocket_launches to None, run_after=None
[2026-08-07T08:49:32.364+0000] {processor.py:208} INFO - Processing /opt/airflow/dags/bash_python.py took 0.099 seconds
[2026-08-07T09:50:07.800+0000] {processor.py:186} INFO - Started process (PID=628) to work on /opt/airflow/dags/bash_python.py
[2026-08-07T09:50:07.801+0000] {processor.py:914} INFO - Processing file /opt/airflow/dags/bash_python.py for tasks to queue
[2026-08-07T09:50:07.803+0000] {logging_mixin.py:190} INFO - [2026-08-07T09:50:07.803+0000] {dagbag.py:588} INFO - Filling up the DagBag from /opt/airflow/dags/bash_python.py
[2026-08-07T09:50:07.819+0000] {processor.py:925} INFO - DAG(s) 'download_rocket_launches' retrieved from /opt/airflow/dags/bash_python.py
[2026-08-07T09:50:07.845+0000] {logging_mixin.py:190} INFO - [2026-08-07T09:50:07.845+0000] {dag.py:3239} INFO - Sync 1 DAGs
[2026-08-07T09:50:07.857+0000] {logging_mixin.py:190} INFO - [2026-08-07T09:50:07.856+0000] {dag.py:4180} INFO - Setting next_dagrun for download_rocket_launches to None, run_after=None
[2026-08-07T09:50:07.872+0000] {processor.py:208} INFO - Processing /opt/airflow/dags/bash_python.py took 0.076 seconds
[2026-08-07T10:04:26.970+0000] {processor.py:186} INFO - Started process (PID=638) to work on /opt/airflow/dags/bash_python.py
[2026-08-07T10:04:26.972+0000] {processor.py:914} INFO - Processing file /opt/airflow/dags/bash_python.py for tasks to queue
[2026-08-07T10:04:26.977+0000] {logging_mixin.py:190} INFO - [2026-08-07T10:04:26.977+0000] {dagbag.py:588} INFO - Filling up the DagBag from /opt/airflow/dags/bash_python.py
[2026-08-07T10:04:27.009+0000] {processor.py:925} INFO - DAG(s) 'download_rocket_launches' retrieved from /opt/airflow/dags/bash_python.py
[2026-08-07T10:04:27.053+0000] {logging_mixin.py:190} INFO - [2026-08-07T10:04:27.052+0000] {dag.py:3239} INFO - Sync 1 DAGs
[2026-08-07T10:04:27.070+0000] {logging_mixin.py:190} INFO - [2026-08-07T10:04:27.070+0000] {dag.py:4180} INFO - Setting next_dagrun for download_rocket_launches to None, run_after=None
[2026-08-07T10:04:27.091+0000] {processor.py:208} INFO - Processing /opt/airflow/dags/bash_python.py took 0.129 seconds
[2026-08-07T10:05:09.169+0000] {processor.py:186} INFO - Started process (PID=648) to work on /opt/airflow/dags/bash_python.py
[2026-08-07T10:05:09.171+0000] {processor.py:914} INFO - Processing file /opt/airflow/dags/bash_python.py for tasks to queue
[2026-08-07T10:05:09.174+0000] {logging_mixin.py:190} INFO - [2026-08-07T10:05:09.174+0000] {dagbag.py:588} INFO - Filling up the DagBag from /opt/airflow/dags/bash_python.py
[2026-08-07T10:05:09.188+0000] {processor.py:925} INFO - DAG(s) 'download_rocket_launches' retrieved from /opt/airflow/dags/bash_python.py
[2026-08-07T10:05:09.213+0000] {logging_mixin.py:190} INFO - [2026-08-07T10:05:09.213+0000] {dag.py:3239} INFO - Sync 1 DAGs
[2026-08-07T10:05:09.225+0000] {logging_mixin.py:190} INFO - [2026-08-07T10:05:09.224+0000] {dag.py:4180} INFO - Setting next_dagrun for download_rocket_launches to None, run_after=None
[2026-08-07T10:05:09.240+0000] {processor.py:208} INFO - Processing /opt/airflow/dags/bash_python.py took 0.077 seconds
[2026-08-07T10:05:39.461+0000] {processor.py:186} INFO - Started process (PID=658) to work on /opt/airflow/dags/bash_python.py
[2026-08-07T10:05:39.462+0000] {processor.py:914} INFO - Processing file /opt/airflow/dags/bash_python.py for tasks to queue
[2026-08-07T10:05:39.465+0000] {logging_mixin.py:190} INFO - [2026-08-07T10:05:39.465+0000] {dagbag.py:588} INFO - Filling up the DagBag from /opt/airflow/dags/bash_python.py
[2026-08-07T10:05:39.485+0000] {processor.py:925} INFO - DAG(s) 'download_rocket_launches' retrieved from /opt/airflow/dags/bash_python.py
[2026-08-07T10:05:39.518+0000] {logging_mixin.py:190} INFO - [2026-08-07T10:05:39.518+0000] {dag.py:3239} INFO - Sync 1 DAGs
[2026-08-07T10:05:39.532+0000] {logging_mixin.py:190} INFO - [2026-08-07T10:05:39.532+0000] {dag.py:4180} INFO - Setting next_dagrun for download_rocket_launches to None, run_after=None
[2026-08-07T10:05:39.548+0000] {processor.py:208} INFO - Processing /opt/airflow/dags/bash_python.py took 0.093 seconds
[2026-08-07T10:59:23.508+0000] {processor.py:186} INFO - Started process (PID=668) to work on /opt/airflow/dags/bash_python.py
[2026-08-07T10:59:23.510+0000] {processor.py:914} INFO - Processing file /opt/airflow/dags/bash_python.py for tasks to queue
[2026-08-07T10:59:23.516+0000] {logging_mixin.py:190} INFO - [2026-08-07T10:59:23.515+0000] {dagbag.py:588} INFO - Filling up the DagBag from /opt/airflow/dags/bash_python.py
[2026-08-07T10:59:23.542+0000] {processor.py:925} INFO - DAG(s) 'download_rocket_launches' retrieved from /opt/airflow/dags/bash_python.py
[2026-08-07T10:59:23.600+0000] {logging_mixin.py:190} INFO - [2026-08-07T10:59:23.600+0000] {dag.py:3239} INFO - Sync 1 DAGs
[2026-08-07T10:59:23.623+0000] {logging_mixin.py:190} INFO - [2026-08-07T10:59:23.622+0000] {dag.py:4180} INFO - Setting next_dagrun for download_rocket_launches to None, run_after=None
[2026-08-07T10:59:23.655+0000] {processor.py:208} INFO - Processing /opt/airflow/dags/bash_python.py took 0.158 seconds
[2026-08-07T11:01:15.641+0000] {processor.py:186} INFO - Started process (PID=678) to work on /opt/airflow/dags/bash_python.py
[2026-08-07T11:01:15.655+0000] {processor.py:914} INFO - Processing file /opt/airflow/dags/bash_python.py for tasks to queue
[2026-08-07T11:01:15.664+0000] {logging_mixin.py:190} INFO - [2026-08-07T11:01:15.663+0000] {dagbag.py:588} INFO - Filling up the DagBag from /opt/airflow/dags/bash_python.py
[2026-08-07T11:01:15.823+0000] {processor.py:925} INFO - DAG(s) 'download_rocket_launches' retrieved from /opt/airflow/dags/bash_python.py
[2026-08-07T11:01:16.001+0000] {logging_mixin.py:190} INFO - [2026-08-07T11:01:16.000+0000] {dag.py:3239} INFO - Sync 1 DAGs
[2026-08-07T11:01:16.081+0000] {logging_mixin.py:190} INFO - [2026-08-07T11:01:16.081+0000] {dag.py:4180} INFO - Setting next_dagrun for download_rocket_launches to None, run_after=None
[2026-08-07T11:01:16.186+0000] {processor.py:208} INFO - Processing /opt/airflow/dags/bash_python.py took 0.565 seconds
