[2026-08-18T07:16:03.267+0000] {local_task_job_runner.py:123} INFO - ::group::Pre task execution logs
[2026-08-18T07:16:03.305+0000] {taskinstance.py:2614} INFO - Dependencies all met for dep_context=non-requeueable deps ti=<TaskInstance: banking_analytics_pipeline.Transform_data manual__2026-08-18T07:14:56.988629+00:00 [queued]>
[2026-08-18T07:16:03.323+0000] {taskinstance.py:2614} INFO - Dependencies all met for dep_context=requeueable deps ti=<TaskInstance: banking_analytics_pipeline.Transform_data manual__2026-08-18T07:14:56.988629+00:00 [queued]>
[2026-08-18T07:16:03.327+0000] {taskinstance.py:2867} INFO - Starting attempt 2 of 4
[2026-08-18T07:16:03.344+0000] {taskinstance.py:2890} INFO - Executing <Task(PythonOperator): Transform_data> on 2026-08-18 07:14:56.988629+00:00
[2026-08-18T07:16:03.356+0000] {logging_mixin.py:190} WARNING - /home/***/.local/lib/python3.12/site-packages/***/task/task_runner/standard_task_runner.py:70 DeprecationWarning: This process (pid=4116) is multi-threaded, use of fork() may lead to deadlocks in the child.
[2026-08-18T07:16:03.356+0000] {standard_task_runner.py:104} INFO - Running: ['***', 'tasks', 'run', 'banking_analytics_pipeline', 'Transform_data', 'manual__2026-08-18T07:14:56.988629+00:00', '--job-id', '38', '--raw', '--subdir', 'DAGS_FOLDER/sales_validator_dag.py', '--cfg-path', '/tmp/tmp71gmnqkz']
[2026-08-18T07:16:03.358+0000] {standard_task_runner.py:72} INFO - Started process 4118 to run task
[2026-08-18T07:16:03.359+0000] {standard_task_runner.py:105} INFO - Job 38: Subtask Transform_data
[2026-08-18T07:16:03.388+0000] {logging_mixin.py:190} WARNING - /home/***/.local/lib/python3.12/site-packages/***/settings.py:209 DeprecationWarning: The sql_alchemy_conn option in [core] has been moved to the sql_alchemy_conn option in [database] - the old setting has been used, but please update your config.
[2026-08-18T07:16:03.448+0000] {task_command.py:467} INFO - Running <TaskInstance: banking_analytics_pipeline.Transform_data manual__2026-08-18T07:14:56.988629+00:00 [running]> on host c84699b1c1e8
[2026-08-18T07:16:03.557+0000] {taskinstance.py:3134} INFO - Exporting env vars: AIRFLOW_CTX_DAG_OWNER='alex' AIRFLOW_CTX_DAG_ID='banking_analytics_pipeline' AIRFLOW_CTX_TASK_ID='Transform_data' AIRFLOW_CTX_EXECUTION_DATE='2026-08-18T07:14:56.988629+00:00' AIRFLOW_CTX_TRY_NUMBER='2' AIRFLOW_CTX_DAG_RUN_ID='manual__2026-08-18T07:14:56.988629+00:00'
[2026-08-18T07:16:03.560+0000] {taskinstance.py:732} INFO - ::endgroup::
[2026-08-18T07:16:03.602+0000] {logging_mixin.py:190} INFO - Полный путь: {clean_file_data}
[2026-08-18T07:16:03.604+0000] {python.py:240} INFO - Done. Returned value was: None
[2026-08-18T07:16:03.620+0000] {taskinstance.py:341} INFO - ::group::Post task execution logs
[2026-08-18T07:16:03.621+0000] {taskinstance.py:353} INFO - Marking task as SUCCESS. dag_id=banking_analytics_pipeline, task_id=Transform_data, run_id=manual__2026-08-18T07:14:56.988629+00:00, execution_date=20260818T071456, start_date=20260818T071603, end_date=20260818T071603
[2026-08-18T07:16:03.700+0000] {local_task_job_runner.py:266} INFO - Task exited with return code 0
[2026-08-18T07:16:03.723+0000] {taskinstance.py:3901} INFO - 0 downstream tasks scheduled from follow-on schedule check
[2026-08-18T07:16:03.728+0000] {local_task_job_runner.py:245} INFO - ::endgroup::
