[2026-08-18T07:15:00.844+0000] {local_task_job_runner.py:123} INFO - ::group::Pre task execution logs
[2026-08-18T07:15:00.874+0000] {taskinstance.py:2614} INFO - Dependencies all met for dep_context=non-requeueable deps ti=<TaskInstance: banking_analytics_pipeline.Transform_data manual__2026-08-18T07:14:56.988629+00:00 [queued]>
[2026-08-18T07:15:00.886+0000] {taskinstance.py:2614} INFO - Dependencies all met for dep_context=requeueable deps ti=<TaskInstance: banking_analytics_pipeline.Transform_data manual__2026-08-18T07:14:56.988629+00:00 [queued]>
[2026-08-18T07:15:00.888+0000] {taskinstance.py:2867} INFO - Starting attempt 1 of 3
[2026-08-18T07:15:00.904+0000] {taskinstance.py:2890} INFO - Executing <Task(PythonOperator): Transform_data> on 2026-08-18 07:14:56.988629+00:00
[2026-08-18T07:15:00.920+0000] {logging_mixin.py:190} WARNING - /home/***/.local/lib/python3.12/site-packages/***/task/task_runner/standard_task_runner.py:70 DeprecationWarning: This process (pid=4077) is multi-threaded, use of fork() may lead to deadlocks in the child.
[2026-08-18T07:15:00.919+0000] {standard_task_runner.py:104} INFO - Running: ['***', 'tasks', 'run', 'banking_analytics_pipeline', 'Transform_data', 'manual__2026-08-18T07:14:56.988629+00:00', '--job-id', '36', '--raw', '--subdir', 'DAGS_FOLDER/sales_validator_dag.py', '--cfg-path', '/tmp/tmp0cduqyrd']
[2026-08-18T07:15:00.922+0000] {standard_task_runner.py:72} INFO - Started process 4079 to run task
[2026-08-18T07:15:00.923+0000] {standard_task_runner.py:105} INFO - Job 36: Subtask Transform_data
[2026-08-18T07:15:00.944+0000] {logging_mixin.py:190} WARNING - /home/***/.local/lib/python3.12/site-packages/***/settings.py:209 DeprecationWarning: The sql_alchemy_conn option in [core] has been moved to the sql_alchemy_conn option in [database] - the old setting has been used, but please update your config.
[2026-08-18T07:15:01.002+0000] {task_command.py:467} INFO - Running <TaskInstance: banking_analytics_pipeline.Transform_data manual__2026-08-18T07:14:56.988629+00:00 [running]> on host c84699b1c1e8
[2026-08-18T07:15:01.116+0000] {taskinstance.py:3134} INFO - Exporting env vars: AIRFLOW_CTX_DAG_OWNER='alex' AIRFLOW_CTX_DAG_ID='banking_analytics_pipeline' AIRFLOW_CTX_TASK_ID='Transform_data' AIRFLOW_CTX_EXECUTION_DATE='2026-08-18T07:14:56.988629+00:00' AIRFLOW_CTX_TRY_NUMBER='1' AIRFLOW_CTX_DAG_RUN_ID='manual__2026-08-18T07:14:56.988629+00:00'
[2026-08-18T07:15:01.119+0000] {taskinstance.py:732} INFO - ::endgroup::
[2026-08-18T07:15:01.182+0000] {logging_mixin.py:190} INFO - Полный путь f'{home}/data/raw/euro_{execution_data}.json'
[2026-08-18T07:15:01.184+0000] {python.py:240} INFO - Done. Returned value was: None
[2026-08-18T07:15:01.204+0000] {taskinstance.py:341} INFO - ::group::Post task execution logs
[2026-08-18T07:15:01.206+0000] {taskinstance.py:353} INFO - Marking task as SUCCESS. dag_id=banking_analytics_pipeline, task_id=Transform_data, run_id=manual__2026-08-18T07:14:56.988629+00:00, execution_date=20260818T071456, start_date=20260818T071500, end_date=20260818T071501
[2026-08-18T07:15:01.300+0000] {local_task_job_runner.py:266} INFO - Task exited with return code 0
[2026-08-18T07:15:01.321+0000] {taskinstance.py:3901} INFO - 0 downstream tasks scheduled from follow-on schedule check
[2026-08-18T07:15:01.326+0000] {local_task_job_runner.py:245} INFO - ::endgroup::
