[2026-08-20T11:30:15.058+0000] {processor.py:186} INFO - Started process (PID=2015) to work on /opt/airflow/dags/bash_python.py
[2026-08-20T11:30:15.061+0000] {processor.py:914} INFO - Processing file /opt/airflow/dags/bash_python.py for tasks to queue
[2026-08-20T11:30:15.074+0000] {logging_mixin.py:190} INFO - [2026-08-20T11:30:15.073+0000] {dagbag.py:588} INFO - Filling up the DagBag from /opt/airflow/dags/bash_python.py
[2026-08-20T11:30:15.118+0000] {processor.py:925} INFO - DAG(s) 'download_rocket_launches' retrieved from /opt/airflow/dags/bash_python.py
[2026-08-20T11:30:16.296+0000] {logging_mixin.py:190} INFO - [2026-08-20T11:30:16.295+0000] {dag.py:3239} INFO - Sync 1 DAGs
[2026-08-20T11:30:16.337+0000] {logging_mixin.py:190} INFO - [2026-08-20T11:30:16.336+0000] {dag.py:4180} INFO - Setting next_dagrun for download_rocket_launches to None, run_after=None
[2026-08-20T11:30:16.415+0000] {processor.py:208} INFO - Processing /opt/airflow/dags/bash_python.py took 1.373 seconds
[2026-08-20T11:30:46.714+0000] {processor.py:186} INFO - Started process (PID=2036) to work on /opt/airflow/dags/bash_python.py
[2026-08-20T11:30:46.716+0000] {processor.py:914} INFO - Processing file /opt/airflow/dags/bash_python.py for tasks to queue
[2026-08-20T11:30:46.719+0000] {logging_mixin.py:190} INFO - [2026-08-20T11:30:46.719+0000] {dagbag.py:588} INFO - Filling up the DagBag from /opt/airflow/dags/bash_python.py
[2026-08-20T11:30:46.738+0000] {processor.py:925} INFO - DAG(s) 'download_rocket_launches' retrieved from /opt/airflow/dags/bash_python.py
[2026-08-20T11:30:46.769+0000] {logging_mixin.py:190} INFO - [2026-08-20T11:30:46.768+0000] {dag.py:3239} INFO - Sync 1 DAGs
[2026-08-20T11:30:46.787+0000] {logging_mixin.py:190} INFO - [2026-08-20T11:30:46.786+0000] {dag.py:4180} INFO - Setting next_dagrun for download_rocket_launches to None, run_after=None
[2026-08-20T11:30:46.815+0000] {processor.py:208} INFO - Processing /opt/airflow/dags/bash_python.py took 0.108 seconds
[2026-08-20T11:31:17.078+0000] {processor.py:186} INFO - Started process (PID=2047) to work on /opt/airflow/dags/bash_python.py
[2026-08-20T11:31:17.080+0000] {processor.py:914} INFO - Processing file /opt/airflow/dags/bash_python.py for tasks to queue
[2026-08-20T11:31:17.084+0000] {logging_mixin.py:190} INFO - [2026-08-20T11:31:17.083+0000] {dagbag.py:588} INFO - Filling up the DagBag from /opt/airflow/dags/bash_python.py
[2026-08-20T11:31:17.104+0000] {processor.py:925} INFO - DAG(s) 'download_rocket_launches' retrieved from /opt/airflow/dags/bash_python.py
[2026-08-20T11:31:17.136+0000] {logging_mixin.py:190} INFO - [2026-08-20T11:31:17.135+0000] {dag.py:3239} INFO - Sync 1 DAGs
[2026-08-20T11:31:17.151+0000] {logging_mixin.py:190} INFO - [2026-08-20T11:31:17.151+0000] {dag.py:4180} INFO - Setting next_dagrun for download_rocket_launches to None, run_after=None
[2026-08-20T11:31:17.175+0000] {processor.py:208} INFO - Processing /opt/airflow/dags/bash_python.py took 0.104 seconds
[2026-08-20T11:31:47.471+0000] {processor.py:186} INFO - Started process (PID=2075) to work on /opt/airflow/dags/bash_python.py
[2026-08-20T11:31:47.474+0000] {processor.py:914} INFO - Processing file /opt/airflow/dags/bash_python.py for tasks to queue
[2026-08-20T11:31:47.478+0000] {logging_mixin.py:190} INFO - [2026-08-20T11:31:47.477+0000] {dagbag.py:588} INFO - Filling up the DagBag from /opt/airflow/dags/bash_python.py
[2026-08-20T11:31:47.506+0000] {processor.py:925} INFO - DAG(s) 'download_rocket_launches' retrieved from /opt/airflow/dags/bash_python.py
[2026-08-20T11:31:47.550+0000] {logging_mixin.py:190} INFO - [2026-08-20T11:31:47.549+0000] {dag.py:3239} INFO - Sync 1 DAGs
[2026-08-20T11:31:47.575+0000] {logging_mixin.py:190} INFO - [2026-08-20T11:31:47.575+0000] {dag.py:4180} INFO - Setting next_dagrun for download_rocket_launches to None, run_after=None
[2026-08-20T11:31:47.611+0000] {processor.py:208} INFO - Processing /opt/airflow/dags/bash_python.py took 0.151 seconds
[2026-08-20T11:32:17.829+0000] {processor.py:186} INFO - Started process (PID=2086) to work on /opt/airflow/dags/bash_python.py
[2026-08-20T11:32:17.832+0000] {processor.py:914} INFO - Processing file /opt/airflow/dags/bash_python.py for tasks to queue
[2026-08-20T11:32:17.838+0000] {logging_mixin.py:190} INFO - [2026-08-20T11:32:17.837+0000] {dagbag.py:588} INFO - Filling up the DagBag from /opt/airflow/dags/bash_python.py
[2026-08-20T11:32:17.865+0000] {processor.py:925} INFO - DAG(s) 'download_rocket_launches' retrieved from /opt/airflow/dags/bash_python.py
[2026-08-20T11:32:17.909+0000] {logging_mixin.py:190} INFO - [2026-08-20T11:32:17.909+0000] {dag.py:3239} INFO - Sync 1 DAGs
[2026-08-20T11:32:17.926+0000] {logging_mixin.py:190} INFO - [2026-08-20T11:32:17.925+0000] {dag.py:4180} INFO - Setting next_dagrun for download_rocket_launches to None, run_after=None
[2026-08-20T11:32:17.974+0000] {processor.py:208} INFO - Processing /opt/airflow/dags/bash_python.py took 0.153 seconds
[2026-08-20T11:32:48.281+0000] {processor.py:186} INFO - Started process (PID=2097) to work on /opt/airflow/dags/bash_python.py
[2026-08-20T11:32:48.283+0000] {processor.py:914} INFO - Processing file /opt/airflow/dags/bash_python.py for tasks to queue
[2026-08-20T11:32:48.286+0000] {logging_mixin.py:190} INFO - [2026-08-20T11:32:48.286+0000] {dagbag.py:588} INFO - Filling up the DagBag from /opt/airflow/dags/bash_python.py
[2026-08-20T11:32:48.303+0000] {processor.py:925} INFO - DAG(s) 'download_rocket_launches' retrieved from /opt/airflow/dags/bash_python.py
[2026-08-20T11:32:48.336+0000] {logging_mixin.py:190} INFO - [2026-08-20T11:32:48.336+0000] {dag.py:3239} INFO - Sync 1 DAGs
[2026-08-20T11:32:48.354+0000] {logging_mixin.py:190} INFO - [2026-08-20T11:32:48.354+0000] {dag.py:4180} INFO - Setting next_dagrun for download_rocket_launches to None, run_after=None
[2026-08-20T11:32:48.393+0000] {processor.py:208} INFO - Processing /opt/airflow/dags/bash_python.py took 0.119 seconds
[2026-08-20T11:33:18.756+0000] {processor.py:186} INFO - Started process (PID=2108) to work on /opt/airflow/dags/bash_python.py
[2026-08-20T11:33:18.757+0000] {processor.py:914} INFO - Processing file /opt/airflow/dags/bash_python.py for tasks to queue
[2026-08-20T11:33:18.760+0000] {logging_mixin.py:190} INFO - [2026-08-20T11:33:18.760+0000] {dagbag.py:588} INFO - Filling up the DagBag from /opt/airflow/dags/bash_python.py
[2026-08-20T11:33:18.780+0000] {processor.py:925} INFO - DAG(s) 'download_rocket_launches' retrieved from /opt/airflow/dags/bash_python.py
[2026-08-20T11:33:18.808+0000] {logging_mixin.py:190} INFO - [2026-08-20T11:33:18.807+0000] {dag.py:3239} INFO - Sync 1 DAGs
[2026-08-20T11:33:18.821+0000] {logging_mixin.py:190} INFO - [2026-08-20T11:33:18.821+0000] {dag.py:4180} INFO - Setting next_dagrun for download_rocket_launches to None, run_after=None
[2026-08-20T11:33:18.841+0000] {processor.py:208} INFO - Processing /opt/airflow/dags/bash_python.py took 0.090 seconds
[2026-08-20T11:33:49.102+0000] {processor.py:186} INFO - Started process (PID=2119) to work on /opt/airflow/dags/bash_python.py
[2026-08-20T11:33:49.104+0000] {processor.py:914} INFO - Processing file /opt/airflow/dags/bash_python.py for tasks to queue
[2026-08-20T11:33:49.106+0000] {logging_mixin.py:190} INFO - [2026-08-20T11:33:49.106+0000] {dagbag.py:588} INFO - Filling up the DagBag from /opt/airflow/dags/bash_python.py
[2026-08-20T11:33:49.123+0000] {processor.py:925} INFO - DAG(s) 'download_rocket_launches' retrieved from /opt/airflow/dags/bash_python.py
[2026-08-20T11:33:49.155+0000] {logging_mixin.py:190} INFO - [2026-08-20T11:33:49.155+0000] {dag.py:3239} INFO - Sync 1 DAGs
[2026-08-20T11:33:49.169+0000] {logging_mixin.py:190} INFO - [2026-08-20T11:33:49.169+0000] {dag.py:4180} INFO - Setting next_dagrun for download_rocket_launches to None, run_after=None
[2026-08-20T11:33:49.190+0000] {processor.py:208} INFO - Processing /opt/airflow/dags/bash_python.py took 0.094 seconds
[2026-08-20T11:34:19.475+0000] {processor.py:186} INFO - Started process (PID=2130) to work on /opt/airflow/dags/bash_python.py
[2026-08-20T11:34:19.476+0000] {processor.py:914} INFO - Processing file /opt/airflow/dags/bash_python.py for tasks to queue
[2026-08-20T11:34:19.478+0000] {logging_mixin.py:190} INFO - [2026-08-20T11:34:19.478+0000] {dagbag.py:588} INFO - Filling up the DagBag from /opt/airflow/dags/bash_python.py
[2026-08-20T11:34:19.498+0000] {processor.py:925} INFO - DAG(s) 'download_rocket_launches' retrieved from /opt/airflow/dags/bash_python.py
[2026-08-20T11:34:19.528+0000] {logging_mixin.py:190} INFO - [2026-08-20T11:34:19.528+0000] {dag.py:3239} INFO - Sync 1 DAGs
[2026-08-20T11:34:19.542+0000] {logging_mixin.py:190} INFO - [2026-08-20T11:34:19.542+0000] {dag.py:4180} INFO - Setting next_dagrun for download_rocket_launches to None, run_after=None
[2026-08-20T11:34:19.560+0000] {processor.py:208} INFO - Processing /opt/airflow/dags/bash_python.py took 0.091 seconds
[2026-08-20T11:34:49.825+0000] {processor.py:186} INFO - Started process (PID=2141) to work on /opt/airflow/dags/bash_python.py
[2026-08-20T11:34:49.827+0000] {processor.py:914} INFO - Processing file /opt/airflow/dags/bash_python.py for tasks to queue
[2026-08-20T11:34:49.829+0000] {logging_mixin.py:190} INFO - [2026-08-20T11:34:49.829+0000] {dagbag.py:588} INFO - Filling up the DagBag from /opt/airflow/dags/bash_python.py
[2026-08-20T11:34:49.848+0000] {processor.py:925} INFO - DAG(s) 'download_rocket_launches' retrieved from /opt/airflow/dags/bash_python.py
[2026-08-20T11:34:49.883+0000] {logging_mixin.py:190} INFO - [2026-08-20T11:34:49.883+0000] {dag.py:3239} INFO - Sync 1 DAGs
[2026-08-20T11:34:49.895+0000] {logging_mixin.py:190} INFO - [2026-08-20T11:34:49.895+0000] {dag.py:4180} INFO - Setting next_dagrun for download_rocket_launches to None, run_after=None
[2026-08-20T11:34:49.937+0000] {processor.py:208} INFO - Processing /opt/airflow/dags/bash_python.py took 0.117 seconds
[2026-08-20T11:35:20.265+0000] {processor.py:186} INFO - Started process (PID=2152) to work on /opt/airflow/dags/bash_python.py
[2026-08-20T11:35:20.267+0000] {processor.py:914} INFO - Processing file /opt/airflow/dags/bash_python.py for tasks to queue
[2026-08-20T11:35:20.272+0000] {logging_mixin.py:190} INFO - [2026-08-20T11:35:20.272+0000] {dagbag.py:588} INFO - Filling up the DagBag from /opt/airflow/dags/bash_python.py
[2026-08-20T11:35:20.302+0000] {processor.py:925} INFO - DAG(s) 'download_rocket_launches' retrieved from /opt/airflow/dags/bash_python.py
[2026-08-20T11:35:20.341+0000] {logging_mixin.py:190} INFO - [2026-08-20T11:35:20.341+0000] {dag.py:3239} INFO - Sync 1 DAGs
[2026-08-20T11:35:20.361+0000] {logging_mixin.py:190} INFO - [2026-08-20T11:35:20.360+0000] {dag.py:4180} INFO - Setting next_dagrun for download_rocket_launches to None, run_after=None
[2026-08-20T11:35:20.404+0000] {processor.py:208} INFO - Processing /opt/airflow/dags/bash_python.py took 0.146 seconds
[2026-08-20T11:35:50.718+0000] {processor.py:186} INFO - Started process (PID=2163) to work on /opt/airflow/dags/bash_python.py
[2026-08-20T11:35:50.720+0000] {processor.py:914} INFO - Processing file /opt/airflow/dags/bash_python.py for tasks to queue
[2026-08-20T11:35:50.722+0000] {logging_mixin.py:190} INFO - [2026-08-20T11:35:50.722+0000] {dagbag.py:588} INFO - Filling up the DagBag from /opt/airflow/dags/bash_python.py
[2026-08-20T11:35:50.738+0000] {processor.py:925} INFO - DAG(s) 'download_rocket_launches' retrieved from /opt/airflow/dags/bash_python.py
[2026-08-20T11:35:50.768+0000] {logging_mixin.py:190} INFO - [2026-08-20T11:35:50.767+0000] {dag.py:3239} INFO - Sync 1 DAGs
[2026-08-20T11:35:50.780+0000] {logging_mixin.py:190} INFO - [2026-08-20T11:35:50.780+0000] {dag.py:4180} INFO - Setting next_dagrun for download_rocket_launches to None, run_after=None
[2026-08-20T11:35:50.798+0000] {processor.py:208} INFO - Processing /opt/airflow/dags/bash_python.py took 0.085 seconds
[2026-08-20T11:36:20.925+0000] {processor.py:186} INFO - Started process (PID=2186) to work on /opt/airflow/dags/bash_python.py
[2026-08-20T11:36:20.927+0000] {processor.py:914} INFO - Processing file /opt/airflow/dags/bash_python.py for tasks to queue
[2026-08-20T11:36:20.934+0000] {logging_mixin.py:190} INFO - [2026-08-20T11:36:20.933+0000] {dagbag.py:588} INFO - Filling up the DagBag from /opt/airflow/dags/bash_python.py
[2026-08-20T11:36:20.955+0000] {processor.py:925} INFO - DAG(s) 'download_rocket_launches' retrieved from /opt/airflow/dags/bash_python.py
[2026-08-20T11:36:20.984+0000] {logging_mixin.py:190} INFO - [2026-08-20T11:36:20.983+0000] {dag.py:3239} INFO - Sync 1 DAGs
[2026-08-20T11:36:21.000+0000] {logging_mixin.py:190} INFO - [2026-08-20T11:36:20.999+0000] {dag.py:4180} INFO - Setting next_dagrun for download_rocket_launches to None, run_after=None
[2026-08-20T11:36:21.023+0000] {processor.py:208} INFO - Processing /opt/airflow/dags/bash_python.py took 0.106 seconds
[2026-08-20T11:36:51.324+0000] {processor.py:186} INFO - Started process (PID=2197) to work on /opt/airflow/dags/bash_python.py
[2026-08-20T11:36:51.326+0000] {processor.py:914} INFO - Processing file /opt/airflow/dags/bash_python.py for tasks to queue
[2026-08-20T11:36:51.328+0000] {logging_mixin.py:190} INFO - [2026-08-20T11:36:51.328+0000] {dagbag.py:588} INFO - Filling up the DagBag from /opt/airflow/dags/bash_python.py
[2026-08-20T11:36:51.347+0000] {processor.py:925} INFO - DAG(s) 'download_rocket_launches' retrieved from /opt/airflow/dags/bash_python.py
[2026-08-20T11:36:51.375+0000] {logging_mixin.py:190} INFO - [2026-08-20T11:36:51.375+0000] {dag.py:3239} INFO - Sync 1 DAGs
[2026-08-20T11:36:51.388+0000] {logging_mixin.py:190} INFO - [2026-08-20T11:36:51.388+0000] {dag.py:4180} INFO - Setting next_dagrun for download_rocket_launches to None, run_after=None
[2026-08-20T11:36:51.429+0000] {processor.py:208} INFO - Processing /opt/airflow/dags/bash_python.py took 0.110 seconds
[2026-08-20T11:37:21.725+0000] {processor.py:186} INFO - Started process (PID=2223) to work on /opt/airflow/dags/bash_python.py
[2026-08-20T11:37:21.728+0000] {processor.py:914} INFO - Processing file /opt/airflow/dags/bash_python.py for tasks to queue
[2026-08-20T11:37:21.732+0000] {logging_mixin.py:190} INFO - [2026-08-20T11:37:21.731+0000] {dagbag.py:588} INFO - Filling up the DagBag from /opt/airflow/dags/bash_python.py
[2026-08-20T11:37:21.751+0000] {processor.py:925} INFO - DAG(s) 'download_rocket_launches' retrieved from /opt/airflow/dags/bash_python.py
[2026-08-20T11:37:21.780+0000] {logging_mixin.py:190} INFO - [2026-08-20T11:37:21.780+0000] {dag.py:3239} INFO - Sync 1 DAGs
[2026-08-20T11:37:21.819+0000] {logging_mixin.py:190} INFO - [2026-08-20T11:37:21.819+0000] {dag.py:4180} INFO - Setting next_dagrun for download_rocket_launches to None, run_after=None
[2026-08-20T11:37:21.849+0000] {processor.py:208} INFO - Processing /opt/airflow/dags/bash_python.py took 0.132 seconds
[2026-08-20T11:37:52.145+0000] {processor.py:186} INFO - Started process (PID=2234) to work on /opt/airflow/dags/bash_python.py
[2026-08-20T11:37:52.147+0000] {processor.py:914} INFO - Processing file /opt/airflow/dags/bash_python.py for tasks to queue
[2026-08-20T11:37:52.151+0000] {logging_mixin.py:190} INFO - [2026-08-20T11:37:52.151+0000] {dagbag.py:588} INFO - Filling up the DagBag from /opt/airflow/dags/bash_python.py
[2026-08-20T11:37:52.176+0000] {processor.py:925} INFO - DAG(s) 'download_rocket_launches' retrieved from /opt/airflow/dags/bash_python.py
[2026-08-20T11:37:52.217+0000] {logging_mixin.py:190} INFO - [2026-08-20T11:37:52.217+0000] {dag.py:3239} INFO - Sync 1 DAGs
[2026-08-20T11:37:52.238+0000] {logging_mixin.py:190} INFO - [2026-08-20T11:37:52.238+0000] {dag.py:4180} INFO - Setting next_dagrun for download_rocket_launches to None, run_after=None
[2026-08-20T11:37:52.265+0000] {processor.py:208} INFO - Processing /opt/airflow/dags/bash_python.py took 0.127 seconds
[2026-08-20T11:38:22.636+0000] {processor.py:186} INFO - Started process (PID=2257) to work on /opt/airflow/dags/bash_python.py
[2026-08-20T11:38:22.638+0000] {processor.py:914} INFO - Processing file /opt/airflow/dags/bash_python.py for tasks to queue
[2026-08-20T11:38:22.643+0000] {logging_mixin.py:190} INFO - [2026-08-20T11:38:22.643+0000] {dagbag.py:588} INFO - Filling up the DagBag from /opt/airflow/dags/bash_python.py
[2026-08-20T11:38:22.667+0000] {processor.py:925} INFO - DAG(s) 'download_rocket_launches' retrieved from /opt/airflow/dags/bash_python.py
[2026-08-20T11:38:22.708+0000] {logging_mixin.py:190} INFO - [2026-08-20T11:38:22.708+0000] {dag.py:3239} INFO - Sync 1 DAGs
[2026-08-20T11:38:22.727+0000] {logging_mixin.py:190} INFO - [2026-08-20T11:38:22.727+0000] {dag.py:4180} INFO - Setting next_dagrun for download_rocket_launches to None, run_after=None
[2026-08-20T11:38:22.774+0000] {processor.py:208} INFO - Processing /opt/airflow/dags/bash_python.py took 0.146 seconds
[2026-08-20T11:38:53.129+0000] {processor.py:186} INFO - Started process (PID=2268) to work on /opt/airflow/dags/bash_python.py
[2026-08-20T11:38:53.131+0000] {processor.py:914} INFO - Processing file /opt/airflow/dags/bash_python.py for tasks to queue
[2026-08-20T11:38:53.136+0000] {logging_mixin.py:190} INFO - [2026-08-20T11:38:53.136+0000] {dagbag.py:588} INFO - Filling up the DagBag from /opt/airflow/dags/bash_python.py
[2026-08-20T11:38:53.163+0000] {processor.py:925} INFO - DAG(s) 'download_rocket_launches' retrieved from /opt/airflow/dags/bash_python.py
[2026-08-20T11:38:53.211+0000] {logging_mixin.py:190} INFO - [2026-08-20T11:38:53.211+0000] {dag.py:3239} INFO - Sync 1 DAGs
[2026-08-20T11:38:53.234+0000] {logging_mixin.py:190} INFO - [2026-08-20T11:38:53.234+0000] {dag.py:4180} INFO - Setting next_dagrun for download_rocket_launches to None, run_after=None
[2026-08-20T11:38:53.260+0000] {processor.py:208} INFO - Processing /opt/airflow/dags/bash_python.py took 0.144 seconds
[2026-08-20T11:39:23.587+0000] {processor.py:186} INFO - Started process (PID=2279) to work on /opt/airflow/dags/bash_python.py
[2026-08-20T11:39:23.589+0000] {processor.py:914} INFO - Processing file /opt/airflow/dags/bash_python.py for tasks to queue
[2026-08-20T11:39:23.592+0000] {logging_mixin.py:190} INFO - [2026-08-20T11:39:23.592+0000] {dagbag.py:588} INFO - Filling up the DagBag from /opt/airflow/dags/bash_python.py
[2026-08-20T11:39:23.616+0000] {processor.py:925} INFO - DAG(s) 'download_rocket_launches' retrieved from /opt/airflow/dags/bash_python.py
[2026-08-20T11:39:23.657+0000] {logging_mixin.py:190} INFO - [2026-08-20T11:39:23.657+0000] {dag.py:3239} INFO - Sync 1 DAGs
[2026-08-20T11:39:23.677+0000] {logging_mixin.py:190} INFO - [2026-08-20T11:39:23.676+0000] {dag.py:4180} INFO - Setting next_dagrun for download_rocket_launches to None, run_after=None
[2026-08-20T11:39:23.701+0000] {processor.py:208} INFO - Processing /opt/airflow/dags/bash_python.py took 0.123 seconds
[2026-08-20T11:39:54.011+0000] {processor.py:186} INFO - Started process (PID=2301) to work on /opt/airflow/dags/bash_python.py
[2026-08-20T11:39:54.013+0000] {processor.py:914} INFO - Processing file /opt/airflow/dags/bash_python.py for tasks to queue
[2026-08-20T11:39:54.016+0000] {logging_mixin.py:190} INFO - [2026-08-20T11:39:54.016+0000] {dagbag.py:588} INFO - Filling up the DagBag from /opt/airflow/dags/bash_python.py
[2026-08-20T11:39:54.038+0000] {processor.py:925} INFO - DAG(s) 'download_rocket_launches' retrieved from /opt/airflow/dags/bash_python.py
[2026-08-20T11:39:54.074+0000] {logging_mixin.py:190} INFO - [2026-08-20T11:39:54.074+0000] {dag.py:3239} INFO - Sync 1 DAGs
[2026-08-20T11:39:54.091+0000] {logging_mixin.py:190} INFO - [2026-08-20T11:39:54.091+0000] {dag.py:4180} INFO - Setting next_dagrun for download_rocket_launches to None, run_after=None
[2026-08-20T11:39:54.139+0000] {processor.py:208} INFO - Processing /opt/airflow/dags/bash_python.py took 0.138 seconds
[2026-08-20T11:40:24.521+0000] {processor.py:186} INFO - Started process (PID=2318) to work on /opt/airflow/dags/bash_python.py
[2026-08-20T11:40:24.524+0000] {processor.py:914} INFO - Processing file /opt/airflow/dags/bash_python.py for tasks to queue
[2026-08-20T11:40:24.529+0000] {logging_mixin.py:190} INFO - [2026-08-20T11:40:24.529+0000] {dagbag.py:588} INFO - Filling up the DagBag from /opt/airflow/dags/bash_python.py
[2026-08-20T11:40:24.552+0000] {processor.py:925} INFO - DAG(s) 'download_rocket_launches' retrieved from /opt/airflow/dags/bash_python.py
[2026-08-20T11:40:24.596+0000] {logging_mixin.py:190} INFO - [2026-08-20T11:40:24.595+0000] {dag.py:3239} INFO - Sync 1 DAGs
[2026-08-20T11:40:24.612+0000] {logging_mixin.py:190} INFO - [2026-08-20T11:40:24.612+0000] {dag.py:4180} INFO - Setting next_dagrun for download_rocket_launches to None, run_after=None
[2026-08-20T11:40:24.635+0000] {processor.py:208} INFO - Processing /opt/airflow/dags/bash_python.py took 0.122 seconds
[2026-08-20T11:40:54.946+0000] {processor.py:186} INFO - Started process (PID=2329) to work on /opt/airflow/dags/bash_python.py
[2026-08-20T11:40:54.948+0000] {processor.py:914} INFO - Processing file /opt/airflow/dags/bash_python.py for tasks to queue
[2026-08-20T11:40:54.953+0000] {logging_mixin.py:190} INFO - [2026-08-20T11:40:54.953+0000] {dagbag.py:588} INFO - Filling up the DagBag from /opt/airflow/dags/bash_python.py
[2026-08-20T11:40:54.978+0000] {processor.py:925} INFO - DAG(s) 'download_rocket_launches' retrieved from /opt/airflow/dags/bash_python.py
[2026-08-20T11:40:55.022+0000] {logging_mixin.py:190} INFO - [2026-08-20T11:40:55.022+0000] {dag.py:3239} INFO - Sync 1 DAGs
[2026-08-20T11:40:55.044+0000] {logging_mixin.py:190} INFO - [2026-08-20T11:40:55.043+0000] {dag.py:4180} INFO - Setting next_dagrun for download_rocket_launches to None, run_after=None
[2026-08-20T11:40:55.096+0000] {processor.py:208} INFO - Processing /opt/airflow/dags/bash_python.py took 0.158 seconds
[2026-08-20T11:41:25.423+0000] {processor.py:186} INFO - Started process (PID=2340) to work on /opt/airflow/dags/bash_python.py
[2026-08-20T11:41:25.424+0000] {processor.py:914} INFO - Processing file /opt/airflow/dags/bash_python.py for tasks to queue
[2026-08-20T11:41:25.428+0000] {logging_mixin.py:190} INFO - [2026-08-20T11:41:25.428+0000] {dagbag.py:588} INFO - Filling up the DagBag from /opt/airflow/dags/bash_python.py
[2026-08-20T11:41:25.449+0000] {processor.py:925} INFO - DAG(s) 'download_rocket_launches' retrieved from /opt/airflow/dags/bash_python.py
[2026-08-20T11:41:25.479+0000] {logging_mixin.py:190} INFO - [2026-08-20T11:41:25.479+0000] {dag.py:3239} INFO - Sync 1 DAGs
[2026-08-20T11:41:25.494+0000] {logging_mixin.py:190} INFO - [2026-08-20T11:41:25.493+0000] {dag.py:4180} INFO - Setting next_dagrun for download_rocket_launches to None, run_after=None
[2026-08-20T11:41:25.537+0000] {processor.py:208} INFO - Processing /opt/airflow/dags/bash_python.py took 0.120 seconds
[2026-08-20T11:41:55.838+0000] {processor.py:186} INFO - Started process (PID=2351) to work on /opt/airflow/dags/bash_python.py
[2026-08-20T11:41:55.840+0000] {processor.py:914} INFO - Processing file /opt/airflow/dags/bash_python.py for tasks to queue
[2026-08-20T11:41:55.843+0000] {logging_mixin.py:190} INFO - [2026-08-20T11:41:55.842+0000] {dagbag.py:588} INFO - Filling up the DagBag from /opt/airflow/dags/bash_python.py
[2026-08-20T11:41:55.870+0000] {processor.py:925} INFO - DAG(s) 'download_rocket_launches' retrieved from /opt/airflow/dags/bash_python.py
[2026-08-20T11:41:55.914+0000] {logging_mixin.py:190} INFO - [2026-08-20T11:41:55.913+0000] {dag.py:3239} INFO - Sync 1 DAGs
[2026-08-20T11:41:55.932+0000] {logging_mixin.py:190} INFO - [2026-08-20T11:41:55.932+0000] {dag.py:4180} INFO - Setting next_dagrun for download_rocket_launches to None, run_after=None
[2026-08-20T11:41:55.957+0000] {processor.py:208} INFO - Processing /opt/airflow/dags/bash_python.py took 0.126 seconds
[2026-08-20T11:42:26.277+0000] {processor.py:186} INFO - Started process (PID=2362) to work on /opt/airflow/dags/bash_python.py
[2026-08-20T11:42:26.280+0000] {processor.py:914} INFO - Processing file /opt/airflow/dags/bash_python.py for tasks to queue
[2026-08-20T11:42:26.284+0000] {logging_mixin.py:190} INFO - [2026-08-20T11:42:26.283+0000] {dagbag.py:588} INFO - Filling up the DagBag from /opt/airflow/dags/bash_python.py
[2026-08-20T11:42:26.310+0000] {processor.py:925} INFO - DAG(s) 'download_rocket_launches' retrieved from /opt/airflow/dags/bash_python.py
[2026-08-20T11:42:26.349+0000] {logging_mixin.py:190} INFO - [2026-08-20T11:42:26.349+0000] {dag.py:3239} INFO - Sync 1 DAGs
[2026-08-20T11:42:26.368+0000] {logging_mixin.py:190} INFO - [2026-08-20T11:42:26.367+0000] {dag.py:4180} INFO - Setting next_dagrun for download_rocket_launches to None, run_after=None
[2026-08-20T11:42:26.398+0000] {processor.py:208} INFO - Processing /opt/airflow/dags/bash_python.py took 0.131 seconds
[2026-08-20T11:42:56.717+0000] {processor.py:186} INFO - Started process (PID=2373) to work on /opt/airflow/dags/bash_python.py
[2026-08-20T11:42:56.718+0000] {processor.py:914} INFO - Processing file /opt/airflow/dags/bash_python.py for tasks to queue
[2026-08-20T11:42:56.721+0000] {logging_mixin.py:190} INFO - [2026-08-20T11:42:56.721+0000] {dagbag.py:588} INFO - Filling up the DagBag from /opt/airflow/dags/bash_python.py
[2026-08-20T11:42:56.739+0000] {processor.py:925} INFO - DAG(s) 'download_rocket_launches' retrieved from /opt/airflow/dags/bash_python.py
[2026-08-20T11:42:56.768+0000] {logging_mixin.py:190} INFO - [2026-08-20T11:42:56.768+0000] {dag.py:3239} INFO - Sync 1 DAGs
[2026-08-20T11:42:56.781+0000] {logging_mixin.py:190} INFO - [2026-08-20T11:42:56.781+0000] {dag.py:4180} INFO - Setting next_dagrun for download_rocket_launches to None, run_after=None
[2026-08-20T11:42:56.806+0000] {processor.py:208} INFO - Processing /opt/airflow/dags/bash_python.py took 0.095 seconds
[2026-08-20T11:43:27.097+0000] {processor.py:186} INFO - Started process (PID=2384) to work on /opt/airflow/dags/bash_python.py
[2026-08-20T11:43:27.098+0000] {processor.py:914} INFO - Processing file /opt/airflow/dags/bash_python.py for tasks to queue
[2026-08-20T11:43:27.101+0000] {logging_mixin.py:190} INFO - [2026-08-20T11:43:27.100+0000] {dagbag.py:588} INFO - Filling up the DagBag from /opt/airflow/dags/bash_python.py
[2026-08-20T11:43:27.119+0000] {processor.py:925} INFO - DAG(s) 'download_rocket_launches' retrieved from /opt/airflow/dags/bash_python.py
[2026-08-20T11:43:27.145+0000] {logging_mixin.py:190} INFO - [2026-08-20T11:43:27.144+0000] {dag.py:3239} INFO - Sync 1 DAGs
[2026-08-20T11:43:27.157+0000] {logging_mixin.py:190} INFO - [2026-08-20T11:43:27.157+0000] {dag.py:4180} INFO - Setting next_dagrun for download_rocket_launches to None, run_after=None
[2026-08-20T11:43:27.196+0000] {processor.py:208} INFO - Processing /opt/airflow/dags/bash_python.py took 0.104 seconds
[2026-08-20T11:43:57.459+0000] {processor.py:186} INFO - Started process (PID=2395) to work on /opt/airflow/dags/bash_python.py
[2026-08-20T11:43:57.461+0000] {processor.py:914} INFO - Processing file /opt/airflow/dags/bash_python.py for tasks to queue
[2026-08-20T11:43:57.465+0000] {logging_mixin.py:190} INFO - [2026-08-20T11:43:57.464+0000] {dagbag.py:588} INFO - Filling up the DagBag from /opt/airflow/dags/bash_python.py
[2026-08-20T11:43:57.483+0000] {processor.py:925} INFO - DAG(s) 'download_rocket_launches' retrieved from /opt/airflow/dags/bash_python.py
[2026-08-20T11:43:57.515+0000] {logging_mixin.py:190} INFO - [2026-08-20T11:43:57.514+0000] {dag.py:3239} INFO - Sync 1 DAGs
[2026-08-20T11:43:57.528+0000] {logging_mixin.py:190} INFO - [2026-08-20T11:43:57.528+0000] {dag.py:4180} INFO - Setting next_dagrun for download_rocket_launches to None, run_after=None
[2026-08-20T11:43:57.573+0000] {processor.py:208} INFO - Processing /opt/airflow/dags/bash_python.py took 0.122 seconds
[2026-08-20T11:44:27.859+0000] {processor.py:186} INFO - Started process (PID=2406) to work on /opt/airflow/dags/bash_python.py
[2026-08-20T11:44:27.860+0000] {processor.py:914} INFO - Processing file /opt/airflow/dags/bash_python.py for tasks to queue
[2026-08-20T11:44:27.863+0000] {logging_mixin.py:190} INFO - [2026-08-20T11:44:27.862+0000] {dagbag.py:588} INFO - Filling up the DagBag from /opt/airflow/dags/bash_python.py
[2026-08-20T11:44:27.881+0000] {processor.py:925} INFO - DAG(s) 'download_rocket_launches' retrieved from /opt/airflow/dags/bash_python.py
[2026-08-20T11:44:27.914+0000] {logging_mixin.py:190} INFO - [2026-08-20T11:44:27.914+0000] {dag.py:3239} INFO - Sync 1 DAGs
[2026-08-20T11:44:27.935+0000] {logging_mixin.py:190} INFO - [2026-08-20T11:44:27.934+0000] {dag.py:4180} INFO - Setting next_dagrun for download_rocket_launches to None, run_after=None
[2026-08-20T11:44:27.971+0000] {processor.py:208} INFO - Processing /opt/airflow/dags/bash_python.py took 0.117 seconds
[2026-08-20T11:44:58.265+0000] {processor.py:186} INFO - Started process (PID=2417) to work on /opt/airflow/dags/bash_python.py
[2026-08-20T11:44:58.267+0000] {processor.py:914} INFO - Processing file /opt/airflow/dags/bash_python.py for tasks to queue
[2026-08-20T11:44:58.269+0000] {logging_mixin.py:190} INFO - [2026-08-20T11:44:58.269+0000] {dagbag.py:588} INFO - Filling up the DagBag from /opt/airflow/dags/bash_python.py
[2026-08-20T11:44:58.286+0000] {processor.py:925} INFO - DAG(s) 'download_rocket_launches' retrieved from /opt/airflow/dags/bash_python.py
[2026-08-20T11:44:58.334+0000] {logging_mixin.py:190} INFO - [2026-08-20T11:44:58.334+0000] {dag.py:3239} INFO - Sync 1 DAGs
[2026-08-20T11:44:58.347+0000] {logging_mixin.py:190} INFO - [2026-08-20T11:44:58.346+0000] {dag.py:4180} INFO - Setting next_dagrun for download_rocket_launches to None, run_after=None
[2026-08-20T11:44:58.365+0000] {processor.py:208} INFO - Processing /opt/airflow/dags/bash_python.py took 0.105 seconds
[2026-08-20T11:45:28.668+0000] {processor.py:186} INFO - Started process (PID=2428) to work on /opt/airflow/dags/bash_python.py
[2026-08-20T11:45:28.670+0000] {processor.py:914} INFO - Processing file /opt/airflow/dags/bash_python.py for tasks to queue
[2026-08-20T11:45:28.675+0000] {logging_mixin.py:190} INFO - [2026-08-20T11:45:28.675+0000] {dagbag.py:588} INFO - Filling up the DagBag from /opt/airflow/dags/bash_python.py
[2026-08-20T11:45:28.694+0000] {processor.py:925} INFO - DAG(s) 'download_rocket_launches' retrieved from /opt/airflow/dags/bash_python.py
[2026-08-20T11:45:28.720+0000] {logging_mixin.py:190} INFO - [2026-08-20T11:45:28.720+0000] {dag.py:3239} INFO - Sync 1 DAGs
[2026-08-20T11:45:28.733+0000] {logging_mixin.py:190} INFO - [2026-08-20T11:45:28.733+0000] {dag.py:4180} INFO - Setting next_dagrun for download_rocket_launches to None, run_after=None
[2026-08-20T11:45:28.757+0000] {processor.py:208} INFO - Processing /opt/airflow/dags/bash_python.py took 0.097 seconds
[2026-08-20T11:45:58.979+0000] {processor.py:186} INFO - Started process (PID=2438) to work on /opt/airflow/dags/bash_python.py
[2026-08-20T11:45:58.980+0000] {processor.py:914} INFO - Processing file /opt/airflow/dags/bash_python.py for tasks to queue
[2026-08-20T11:45:58.982+0000] {logging_mixin.py:190} INFO - [2026-08-20T11:45:58.982+0000] {dagbag.py:588} INFO - Filling up the DagBag from /opt/airflow/dags/bash_python.py
[2026-08-20T11:45:59.000+0000] {processor.py:925} INFO - DAG(s) 'download_rocket_launches' retrieved from /opt/airflow/dags/bash_python.py
[2026-08-20T11:45:59.036+0000] {logging_mixin.py:190} INFO - [2026-08-20T11:45:59.035+0000] {dag.py:3239} INFO - Sync 1 DAGs
[2026-08-20T11:45:59.058+0000] {logging_mixin.py:190} INFO - [2026-08-20T11:45:59.057+0000] {dag.py:4180} INFO - Setting next_dagrun for download_rocket_launches to None, run_after=None
[2026-08-20T11:45:59.083+0000] {processor.py:208} INFO - Processing /opt/airflow/dags/bash_python.py took 0.110 seconds
[2026-08-20T11:46:29.478+0000] {processor.py:186} INFO - Started process (PID=2453) to work on /opt/airflow/dags/bash_python.py
[2026-08-20T11:46:29.479+0000] {processor.py:914} INFO - Processing file /opt/airflow/dags/bash_python.py for tasks to queue
[2026-08-20T11:46:29.481+0000] {logging_mixin.py:190} INFO - [2026-08-20T11:46:29.481+0000] {dagbag.py:588} INFO - Filling up the DagBag from /opt/airflow/dags/bash_python.py
[2026-08-20T11:46:29.499+0000] {processor.py:925} INFO - DAG(s) 'download_rocket_launches' retrieved from /opt/airflow/dags/bash_python.py
[2026-08-20T11:46:29.526+0000] {logging_mixin.py:190} INFO - [2026-08-20T11:46:29.526+0000] {dag.py:3239} INFO - Sync 1 DAGs
[2026-08-20T11:46:29.539+0000] {logging_mixin.py:190} INFO - [2026-08-20T11:46:29.539+0000] {dag.py:4180} INFO - Setting next_dagrun for download_rocket_launches to None, run_after=None
[2026-08-20T11:46:29.557+0000] {processor.py:208} INFO - Processing /opt/airflow/dags/bash_python.py took 0.084 seconds
[2026-08-20T11:46:59.752+0000] {processor.py:186} INFO - Started process (PID=2464) to work on /opt/airflow/dags/bash_python.py
[2026-08-20T11:46:59.754+0000] {processor.py:914} INFO - Processing file /opt/airflow/dags/bash_python.py for tasks to queue
[2026-08-20T11:46:59.757+0000] {logging_mixin.py:190} INFO - [2026-08-20T11:46:59.756+0000] {dagbag.py:588} INFO - Filling up the DagBag from /opt/airflow/dags/bash_python.py
[2026-08-20T11:46:59.782+0000] {processor.py:925} INFO - DAG(s) 'download_rocket_launches' retrieved from /opt/airflow/dags/bash_python.py
[2026-08-20T11:46:59.824+0000] {logging_mixin.py:190} INFO - [2026-08-20T11:46:59.824+0000] {dag.py:3239} INFO - Sync 1 DAGs
[2026-08-20T11:46:59.845+0000] {logging_mixin.py:190} INFO - [2026-08-20T11:46:59.844+0000] {dag.py:4180} INFO - Setting next_dagrun for download_rocket_launches to None, run_after=None
[2026-08-20T11:46:59.888+0000] {processor.py:208} INFO - Processing /opt/airflow/dags/bash_python.py took 0.145 seconds
[2026-08-20T11:47:30.183+0000] {processor.py:186} INFO - Started process (PID=2481) to work on /opt/airflow/dags/bash_python.py
[2026-08-20T11:47:30.185+0000] {processor.py:914} INFO - Processing file /opt/airflow/dags/bash_python.py for tasks to queue
[2026-08-20T11:47:30.187+0000] {logging_mixin.py:190} INFO - [2026-08-20T11:47:30.186+0000] {dagbag.py:588} INFO - Filling up the DagBag from /opt/airflow/dags/bash_python.py
[2026-08-20T11:47:30.208+0000] {processor.py:925} INFO - DAG(s) 'download_rocket_launches' retrieved from /opt/airflow/dags/bash_python.py
[2026-08-20T11:47:30.249+0000] {logging_mixin.py:190} INFO - [2026-08-20T11:47:30.249+0000] {dag.py:3239} INFO - Sync 1 DAGs
[2026-08-20T11:47:30.269+0000] {logging_mixin.py:190} INFO - [2026-08-20T11:47:30.268+0000] {dag.py:4180} INFO - Setting next_dagrun for download_rocket_launches to None, run_after=None
[2026-08-20T11:47:30.295+0000] {processor.py:208} INFO - Processing /opt/airflow/dags/bash_python.py took 0.120 seconds
[2026-08-20T11:48:00.599+0000] {processor.py:186} INFO - Started process (PID=2492) to work on /opt/airflow/dags/bash_python.py
[2026-08-20T11:48:00.600+0000] {processor.py:914} INFO - Processing file /opt/airflow/dags/bash_python.py for tasks to queue
[2026-08-20T11:48:00.602+0000] {logging_mixin.py:190} INFO - [2026-08-20T11:48:00.601+0000] {dagbag.py:588} INFO - Filling up the DagBag from /opt/airflow/dags/bash_python.py
[2026-08-20T11:48:00.620+0000] {processor.py:925} INFO - DAG(s) 'download_rocket_launches' retrieved from /opt/airflow/dags/bash_python.py
[2026-08-20T11:48:00.660+0000] {logging_mixin.py:190} INFO - [2026-08-20T11:48:00.660+0000] {dag.py:3239} INFO - Sync 1 DAGs
[2026-08-20T11:48:00.673+0000] {logging_mixin.py:190} INFO - [2026-08-20T11:48:00.673+0000] {dag.py:4180} INFO - Setting next_dagrun for download_rocket_launches to None, run_after=None
[2026-08-20T11:48:00.712+0000] {processor.py:208} INFO - Processing /opt/airflow/dags/bash_python.py took 0.120 seconds
[2026-08-20T11:48:31.626+0000] {processor.py:186} INFO - Started process (PID=2509) to work on /opt/airflow/dags/bash_python.py
[2026-08-20T11:48:31.628+0000] {processor.py:914} INFO - Processing file /opt/airflow/dags/bash_python.py for tasks to queue
[2026-08-20T11:48:31.629+0000] {logging_mixin.py:190} INFO - [2026-08-20T11:48:31.629+0000] {dagbag.py:588} INFO - Filling up the DagBag from /opt/airflow/dags/bash_python.py
[2026-08-20T11:48:31.647+0000] {processor.py:925} INFO - DAG(s) 'download_rocket_launches' retrieved from /opt/airflow/dags/bash_python.py
[2026-08-20T11:48:31.679+0000] {logging_mixin.py:190} INFO - [2026-08-20T11:48:31.678+0000] {dag.py:3239} INFO - Sync 1 DAGs
[2026-08-20T11:48:31.693+0000] {logging_mixin.py:190} INFO - [2026-08-20T11:48:31.693+0000] {dag.py:4180} INFO - Setting next_dagrun for download_rocket_launches to None, run_after=None
[2026-08-20T11:48:31.732+0000] {processor.py:208} INFO - Processing /opt/airflow/dags/bash_python.py took 0.111 seconds
[2026-08-20T11:49:02.018+0000] {processor.py:186} INFO - Started process (PID=2520) to work on /opt/airflow/dags/bash_python.py
[2026-08-20T11:49:02.019+0000] {processor.py:914} INFO - Processing file /opt/airflow/dags/bash_python.py for tasks to queue
[2026-08-20T11:49:02.021+0000] {logging_mixin.py:190} INFO - [2026-08-20T11:49:02.020+0000] {dagbag.py:588} INFO - Filling up the DagBag from /opt/airflow/dags/bash_python.py
[2026-08-20T11:49:02.038+0000] {processor.py:925} INFO - DAG(s) 'download_rocket_launches' retrieved from /opt/airflow/dags/bash_python.py
[2026-08-20T11:49:02.069+0000] {logging_mixin.py:190} INFO - [2026-08-20T11:49:02.069+0000] {dag.py:3239} INFO - Sync 1 DAGs
[2026-08-20T11:49:02.084+0000] {logging_mixin.py:190} INFO - [2026-08-20T11:49:02.083+0000] {dag.py:4180} INFO - Setting next_dagrun for download_rocket_launches to None, run_after=None
[2026-08-20T11:49:02.128+0000] {processor.py:208} INFO - Processing /opt/airflow/dags/bash_python.py took 0.116 seconds
[2026-08-20T11:49:32.479+0000] {processor.py:186} INFO - Started process (PID=2551) to work on /opt/airflow/dags/bash_python.py
[2026-08-20T11:49:32.481+0000] {processor.py:914} INFO - Processing file /opt/airflow/dags/bash_python.py for tasks to queue
[2026-08-20T11:49:32.483+0000] {logging_mixin.py:190} INFO - [2026-08-20T11:49:32.483+0000] {dagbag.py:588} INFO - Filling up the DagBag from /opt/airflow/dags/bash_python.py
[2026-08-20T11:49:32.506+0000] {processor.py:925} INFO - DAG(s) 'download_rocket_launches' retrieved from /opt/airflow/dags/bash_python.py
[2026-08-20T11:49:32.545+0000] {logging_mixin.py:190} INFO - [2026-08-20T11:49:32.544+0000] {dag.py:3239} INFO - Sync 1 DAGs
[2026-08-20T11:49:32.564+0000] {logging_mixin.py:190} INFO - [2026-08-20T11:49:32.563+0000] {dag.py:4180} INFO - Setting next_dagrun for download_rocket_launches to None, run_after=None
[2026-08-20T11:49:32.615+0000] {processor.py:208} INFO - Processing /opt/airflow/dags/bash_python.py took 0.145 seconds
[2026-08-20T11:50:02.941+0000] {processor.py:186} INFO - Started process (PID=2562) to work on /opt/airflow/dags/bash_python.py
[2026-08-20T11:50:02.943+0000] {processor.py:914} INFO - Processing file /opt/airflow/dags/bash_python.py for tasks to queue
[2026-08-20T11:50:02.945+0000] {logging_mixin.py:190} INFO - [2026-08-20T11:50:02.945+0000] {dagbag.py:588} INFO - Filling up the DagBag from /opt/airflow/dags/bash_python.py
[2026-08-20T11:50:02.966+0000] {processor.py:925} INFO - DAG(s) 'download_rocket_launches' retrieved from /opt/airflow/dags/bash_python.py
[2026-08-20T11:50:03.017+0000] {logging_mixin.py:190} INFO - [2026-08-20T11:50:03.017+0000] {dag.py:3239} INFO - Sync 1 DAGs
[2026-08-20T11:50:03.044+0000] {logging_mixin.py:190} INFO - [2026-08-20T11:50:03.043+0000] {dag.py:4180} INFO - Setting next_dagrun for download_rocket_launches to None, run_after=None
[2026-08-20T11:50:03.081+0000] {processor.py:208} INFO - Processing /opt/airflow/dags/bash_python.py took 0.150 seconds
[2026-08-20T11:50:33.345+0000] {processor.py:186} INFO - Started process (PID=2573) to work on /opt/airflow/dags/bash_python.py
[2026-08-20T11:50:33.346+0000] {processor.py:914} INFO - Processing file /opt/airflow/dags/bash_python.py for tasks to queue
[2026-08-20T11:50:33.347+0000] {logging_mixin.py:190} INFO - [2026-08-20T11:50:33.347+0000] {dagbag.py:588} INFO - Filling up the DagBag from /opt/airflow/dags/bash_python.py
[2026-08-20T11:50:33.365+0000] {processor.py:925} INFO - DAG(s) 'download_rocket_launches' retrieved from /opt/airflow/dags/bash_python.py
[2026-08-20T11:50:33.395+0000] {logging_mixin.py:190} INFO - [2026-08-20T11:50:33.395+0000] {dag.py:3239} INFO - Sync 1 DAGs
[2026-08-20T11:50:33.409+0000] {logging_mixin.py:190} INFO - [2026-08-20T11:50:33.409+0000] {dag.py:4180} INFO - Setting next_dagrun for download_rocket_launches to None, run_after=None
[2026-08-20T11:50:33.450+0000] {processor.py:208} INFO - Processing /opt/airflow/dags/bash_python.py took 0.112 seconds
[2026-08-20T11:51:03.742+0000] {processor.py:186} INFO - Started process (PID=2584) to work on /opt/airflow/dags/bash_python.py
[2026-08-20T11:51:03.744+0000] {processor.py:914} INFO - Processing file /opt/airflow/dags/bash_python.py for tasks to queue
[2026-08-20T11:51:03.746+0000] {logging_mixin.py:190} INFO - [2026-08-20T11:51:03.745+0000] {dagbag.py:588} INFO - Filling up the DagBag from /opt/airflow/dags/bash_python.py
[2026-08-20T11:51:03.769+0000] {processor.py:925} INFO - DAG(s) 'download_rocket_launches' retrieved from /opt/airflow/dags/bash_python.py
[2026-08-20T11:51:03.804+0000] {logging_mixin.py:190} INFO - [2026-08-20T11:51:03.803+0000] {dag.py:3239} INFO - Sync 1 DAGs
[2026-08-20T11:51:03.821+0000] {logging_mixin.py:190} INFO - [2026-08-20T11:51:03.821+0000] {dag.py:4180} INFO - Setting next_dagrun for download_rocket_launches to None, run_after=None
[2026-08-20T11:51:03.851+0000] {processor.py:208} INFO - Processing /opt/airflow/dags/bash_python.py took 0.116 seconds
[2026-08-20T11:51:34.167+0000] {processor.py:186} INFO - Started process (PID=2595) to work on /opt/airflow/dags/bash_python.py
[2026-08-20T11:51:34.169+0000] {processor.py:914} INFO - Processing file /opt/airflow/dags/bash_python.py for tasks to queue
[2026-08-20T11:51:34.170+0000] {logging_mixin.py:190} INFO - [2026-08-20T11:51:34.170+0000] {dagbag.py:588} INFO - Filling up the DagBag from /opt/airflow/dags/bash_python.py
[2026-08-20T11:51:34.188+0000] {processor.py:925} INFO - DAG(s) 'download_rocket_launches' retrieved from /opt/airflow/dags/bash_python.py
[2026-08-20T11:51:34.229+0000] {logging_mixin.py:190} INFO - [2026-08-20T11:51:34.229+0000] {dag.py:3239} INFO - Sync 1 DAGs
[2026-08-20T11:51:34.252+0000] {logging_mixin.py:190} INFO - [2026-08-20T11:51:34.251+0000] {dag.py:4180} INFO - Setting next_dagrun for download_rocket_launches to None, run_after=None
[2026-08-20T11:51:34.301+0000] {processor.py:208} INFO - Processing /opt/airflow/dags/bash_python.py took 0.139 seconds
[2026-08-20T11:52:04.619+0000] {processor.py:186} INFO - Started process (PID=2627) to work on /opt/airflow/dags/bash_python.py
[2026-08-20T11:52:04.621+0000] {processor.py:914} INFO - Processing file /opt/airflow/dags/bash_python.py for tasks to queue
[2026-08-20T11:52:04.623+0000] {logging_mixin.py:190} INFO - [2026-08-20T11:52:04.623+0000] {dagbag.py:588} INFO - Filling up the DagBag from /opt/airflow/dags/bash_python.py
[2026-08-20T11:52:04.648+0000] {processor.py:925} INFO - DAG(s) 'download_rocket_launches' retrieved from /opt/airflow/dags/bash_python.py
[2026-08-20T11:52:04.693+0000] {logging_mixin.py:190} INFO - [2026-08-20T11:52:04.692+0000] {dag.py:3239} INFO - Sync 1 DAGs
[2026-08-20T11:52:04.719+0000] {logging_mixin.py:190} INFO - [2026-08-20T11:52:04.719+0000] {dag.py:4180} INFO - Setting next_dagrun for download_rocket_launches to None, run_after=None
[2026-08-20T11:52:04.771+0000] {processor.py:208} INFO - Processing /opt/airflow/dags/bash_python.py took 0.160 seconds
[2026-08-20T11:52:35.077+0000] {processor.py:186} INFO - Started process (PID=2638) to work on /opt/airflow/dags/bash_python.py
[2026-08-20T11:52:35.081+0000] {processor.py:914} INFO - Processing file /opt/airflow/dags/bash_python.py for tasks to queue
[2026-08-20T11:52:35.084+0000] {logging_mixin.py:190} INFO - [2026-08-20T11:52:35.083+0000] {dagbag.py:588} INFO - Filling up the DagBag from /opt/airflow/dags/bash_python.py
[2026-08-20T11:52:35.111+0000] {processor.py:925} INFO - DAG(s) 'download_rocket_launches' retrieved from /opt/airflow/dags/bash_python.py
[2026-08-20T11:52:35.157+0000] {logging_mixin.py:190} INFO - [2026-08-20T11:52:35.156+0000] {dag.py:3239} INFO - Sync 1 DAGs
[2026-08-20T11:52:35.179+0000] {logging_mixin.py:190} INFO - [2026-08-20T11:52:35.179+0000] {dag.py:4180} INFO - Setting next_dagrun for download_rocket_launches to None, run_after=None
[2026-08-20T11:52:35.233+0000] {processor.py:208} INFO - Processing /opt/airflow/dags/bash_python.py took 0.166 seconds
[2026-08-20T11:53:06.073+0000] {processor.py:186} INFO - Started process (PID=2655) to work on /opt/airflow/dags/bash_python.py
[2026-08-20T11:53:06.075+0000] {processor.py:914} INFO - Processing file /opt/airflow/dags/bash_python.py for tasks to queue
[2026-08-20T11:53:06.078+0000] {logging_mixin.py:190} INFO - [2026-08-20T11:53:06.078+0000] {dagbag.py:588} INFO - Filling up the DagBag from /opt/airflow/dags/bash_python.py
[2026-08-20T11:53:06.099+0000] {processor.py:925} INFO - DAG(s) 'download_rocket_launches' retrieved from /opt/airflow/dags/bash_python.py
[2026-08-20T11:53:06.138+0000] {logging_mixin.py:190} INFO - [2026-08-20T11:53:06.138+0000] {dag.py:3239} INFO - Sync 1 DAGs
[2026-08-20T11:53:06.155+0000] {logging_mixin.py:190} INFO - [2026-08-20T11:53:06.155+0000] {dag.py:4180} INFO - Setting next_dagrun for download_rocket_launches to None, run_after=None
[2026-08-20T11:53:06.185+0000] {processor.py:208} INFO - Processing /opt/airflow/dags/bash_python.py took 0.120 seconds
[2026-08-20T11:53:36.470+0000] {processor.py:186} INFO - Started process (PID=2687) to work on /opt/airflow/dags/bash_python.py
[2026-08-20T11:53:36.472+0000] {processor.py:914} INFO - Processing file /opt/airflow/dags/bash_python.py for tasks to queue
[2026-08-20T11:53:36.473+0000] {logging_mixin.py:190} INFO - [2026-08-20T11:53:36.473+0000] {dagbag.py:588} INFO - Filling up the DagBag from /opt/airflow/dags/bash_python.py
[2026-08-20T11:53:36.492+0000] {processor.py:925} INFO - DAG(s) 'download_rocket_launches' retrieved from /opt/airflow/dags/bash_python.py
[2026-08-20T11:53:36.526+0000] {logging_mixin.py:190} INFO - [2026-08-20T11:53:36.525+0000] {dag.py:3239} INFO - Sync 1 DAGs
[2026-08-20T11:53:36.541+0000] {logging_mixin.py:190} INFO - [2026-08-20T11:53:36.540+0000] {dag.py:4180} INFO - Setting next_dagrun for download_rocket_launches to None, run_after=None
[2026-08-20T11:53:36.583+0000] {processor.py:208} INFO - Processing /opt/airflow/dags/bash_python.py took 0.118 seconds
[2026-08-20T11:54:06.889+0000] {processor.py:186} INFO - Started process (PID=2698) to work on /opt/airflow/dags/bash_python.py
[2026-08-20T11:54:06.891+0000] {processor.py:914} INFO - Processing file /opt/airflow/dags/bash_python.py for tasks to queue
[2026-08-20T11:54:06.893+0000] {logging_mixin.py:190} INFO - [2026-08-20T11:54:06.892+0000] {dagbag.py:588} INFO - Filling up the DagBag from /opt/airflow/dags/bash_python.py
[2026-08-20T11:54:06.916+0000] {processor.py:925} INFO - DAG(s) 'download_rocket_launches' retrieved from /opt/airflow/dags/bash_python.py
[2026-08-20T11:54:06.958+0000] {logging_mixin.py:190} INFO - [2026-08-20T11:54:06.958+0000] {dag.py:3239} INFO - Sync 1 DAGs
[2026-08-20T11:54:06.983+0000] {logging_mixin.py:190} INFO - [2026-08-20T11:54:06.983+0000] {dag.py:4180} INFO - Setting next_dagrun for download_rocket_launches to None, run_after=None
[2026-08-20T11:54:07.037+0000] {processor.py:208} INFO - Processing /opt/airflow/dags/bash_python.py took 0.156 seconds
[2026-08-20T11:54:37.338+0000] {processor.py:186} INFO - Started process (PID=2709) to work on /opt/airflow/dags/bash_python.py
[2026-08-20T11:54:37.341+0000] {processor.py:914} INFO - Processing file /opt/airflow/dags/bash_python.py for tasks to queue
[2026-08-20T11:54:37.343+0000] {logging_mixin.py:190} INFO - [2026-08-20T11:54:37.342+0000] {dagbag.py:588} INFO - Filling up the DagBag from /opt/airflow/dags/bash_python.py
[2026-08-20T11:54:37.366+0000] {processor.py:925} INFO - DAG(s) 'download_rocket_launches' retrieved from /opt/airflow/dags/bash_python.py
[2026-08-20T11:54:37.408+0000] {logging_mixin.py:190} INFO - [2026-08-20T11:54:37.408+0000] {dag.py:3239} INFO - Sync 1 DAGs
[2026-08-20T11:54:37.429+0000] {logging_mixin.py:190} INFO - [2026-08-20T11:54:37.428+0000] {dag.py:4180} INFO - Setting next_dagrun for download_rocket_launches to None, run_after=None
[2026-08-20T11:54:37.477+0000] {processor.py:208} INFO - Processing /opt/airflow/dags/bash_python.py took 0.147 seconds
[2026-08-20T11:55:07.767+0000] {processor.py:186} INFO - Started process (PID=2720) to work on /opt/airflow/dags/bash_python.py
[2026-08-20T11:55:07.768+0000] {processor.py:914} INFO - Processing file /opt/airflow/dags/bash_python.py for tasks to queue
[2026-08-20T11:55:07.769+0000] {logging_mixin.py:190} INFO - [2026-08-20T11:55:07.769+0000] {dagbag.py:588} INFO - Filling up the DagBag from /opt/airflow/dags/bash_python.py
[2026-08-20T11:55:07.785+0000] {processor.py:925} INFO - DAG(s) 'download_rocket_launches' retrieved from /opt/airflow/dags/bash_python.py
[2026-08-20T11:55:07.814+0000] {logging_mixin.py:190} INFO - [2026-08-20T11:55:07.813+0000] {dag.py:3239} INFO - Sync 1 DAGs
[2026-08-20T11:55:07.827+0000] {logging_mixin.py:190} INFO - [2026-08-20T11:55:07.826+0000] {dag.py:4180} INFO - Setting next_dagrun for download_rocket_launches to None, run_after=None
[2026-08-20T11:55:07.844+0000] {processor.py:208} INFO - Processing /opt/airflow/dags/bash_python.py took 0.083 seconds
