[2026-08-18T07:05:00.548+0000] {local_task_job_runner.py:123} INFO - ::group::Pre task execution logs
[2026-08-18T07:05:00.571+0000] {taskinstance.py:2614} INFO - Dependencies all met for dep_context=non-requeueable deps ti=<TaskInstance: banking_analytics_pipeline.fetch_data_from_api manual__2026-08-17T13:57:49.286536+00:00 [queued]>
[2026-08-18T07:05:00.585+0000] {taskinstance.py:2614} INFO - Dependencies all met for dep_context=requeueable deps ti=<TaskInstance: banking_analytics_pipeline.fetch_data_from_api manual__2026-08-17T13:57:49.286536+00:00 [queued]>
[2026-08-18T07:05:00.588+0000] {taskinstance.py:2867} INFO - Starting attempt 12 of 14
[2026-08-18T07:05:00.603+0000] {taskinstance.py:2890} INFO - Executing <Task(BashOperator): fetch_data_from_api> on 2026-08-17 13:57:49.286536+00:00
[2026-08-18T07:05:00.618+0000] {logging_mixin.py:190} WARNING - /home/***/.local/lib/python3.12/site-packages/***/task/task_runner/standard_task_runner.py:70 DeprecationWarning: This process (pid=3793) is multi-threaded, use of fork() may lead to deadlocks in the child.
[2026-08-18T07:05:00.619+0000] {standard_task_runner.py:104} INFO - Running: ['***', 'tasks', 'run', 'banking_analytics_pipeline', 'fetch_data_from_api', 'manual__2026-08-17T13:57:49.286536+00:00', '--job-id', '27', '--raw', '--subdir', 'DAGS_FOLDER/sales_validator_dag.py', '--cfg-path', '/tmp/tmpdt88gxog']
[2026-08-18T07:05:00.621+0000] {standard_task_runner.py:72} INFO - Started process 3795 to run task
[2026-08-18T07:05:00.622+0000] {standard_task_runner.py:105} INFO - Job 27: Subtask fetch_data_from_api
[2026-08-18T07:05:00.643+0000] {logging_mixin.py:190} WARNING - /home/***/.local/lib/python3.12/site-packages/***/settings.py:209 DeprecationWarning: The sql_alchemy_conn option in [core] has been moved to the sql_alchemy_conn option in [database] - the old setting has been used, but please update your config.
[2026-08-18T07:05:00.706+0000] {task_command.py:467} INFO - Running <TaskInstance: banking_analytics_pipeline.fetch_data_from_api manual__2026-08-17T13:57:49.286536+00:00 [running]> on host c84699b1c1e8
[2026-08-18T07:05:00.821+0000] {taskinstance.py:3134} INFO - Exporting env vars: AIRFLOW_CTX_DAG_OWNER='alex' AIRFLOW_CTX_DAG_ID='banking_analytics_pipeline' AIRFLOW_CTX_TASK_ID='fetch_data_from_api' AIRFLOW_CTX_EXECUTION_DATE='2026-08-17T13:57:49.286536+00:00' AIRFLOW_CTX_TRY_NUMBER='12' AIRFLOW_CTX_DAG_RUN_ID='manual__2026-08-17T13:57:49.286536+00:00'
[2026-08-18T07:05:00.824+0000] {taskinstance.py:732} INFO - ::endgroup::
[2026-08-18T07:05:00.844+0000] {subprocess.py:78} INFO - Tmp dir root location: /tmp
[2026-08-18T07:05:00.848+0000] {subprocess.py:88} INFO - Running command: ['/usr/bin/bash', '-c', '\n        mkdir -p ~/data/raw\n        mkdir -p ~/data/clean\n        curl https://cdn.jsdelivr.net/npm/@fawazahmed0/currency-api@latest/v1/currencies/eur.json -s > ~/data/raw/euro_2026-08-17.json\n        curl https://cdn.jsdelivr.net/npm/@fawazahmed0/currency-api@latest/v1/currencies/usd.json -s > ~/data/raw/usd_2026-08-17.json\n        ']
[2026-08-18T07:05:00.877+0000] {subprocess.py:99} INFO - Output:
[2026-08-18T07:05:01.601+0000] {subprocess.py:110} INFO - Command exited with return code 0
[2026-08-18T07:05:01.641+0000] {taskinstance.py:341} INFO - ::group::Post task execution logs
[2026-08-18T07:05:01.643+0000] {taskinstance.py:353} INFO - Marking task as SUCCESS. dag_id=banking_analytics_pipeline, task_id=fetch_data_from_api, run_id=manual__2026-08-17T13:57:49.286536+00:00, execution_date=20260817T135749, start_date=20260818T070500, end_date=20260818T070501
[2026-08-18T07:05:01.722+0000] {local_task_job_runner.py:266} INFO - Task exited with return code 0
[2026-08-18T07:05:01.758+0000] {taskinstance.py:3901} INFO - 1 downstream tasks scheduled from follow-on schedule check
[2026-08-18T07:05:01.763+0000] {local_task_job_runner.py:245} INFO - ::endgroup::
