[2026-08-18T07:03:27.459+0000] {local_task_job_runner.py:123} INFO - ::group::Pre task execution logs
[2026-08-18T07:03:27.486+0000] {taskinstance.py:2614} INFO - Dependencies all met for dep_context=non-requeueable deps ti=<TaskInstance: banking_analytics_pipeline.fetch_data_from_api manual__2026-08-17T13:57:49.286536+00:00 [queued]>
[2026-08-18T07:03:27.497+0000] {taskinstance.py:2614} INFO - Dependencies all met for dep_context=requeueable deps ti=<TaskInstance: banking_analytics_pipeline.fetch_data_from_api manual__2026-08-17T13:57:49.286536+00:00 [queued]>
[2026-08-18T07:03:27.499+0000] {taskinstance.py:2867} INFO - Starting attempt 10 of 12
[2026-08-18T07:03:27.514+0000] {taskinstance.py:2890} INFO - Executing <Task(BashOperator): fetch_data_from_api> on 2026-08-17 13:57:49.286536+00:00
[2026-08-18T07:03:27.527+0000] {standard_task_runner.py:104} INFO - Running: ['***', 'tasks', 'run', 'banking_analytics_pipeline', 'fetch_data_from_api', 'manual__2026-08-17T13:57:49.286536+00:00', '--job-id', '25', '--raw', '--subdir', 'DAGS_FOLDER/sales_validator_dag.py', '--cfg-path', '/tmp/tmpfs6aix8j']
[2026-08-18T07:03:27.528+0000] {logging_mixin.py:190} WARNING - /home/***/.local/lib/python3.12/site-packages/***/task/task_runner/standard_task_runner.py:70 DeprecationWarning: This process (pid=3730) is multi-threaded, use of fork() may lead to deadlocks in the child.
[2026-08-18T07:03:27.531+0000] {standard_task_runner.py:105} INFO - Job 25: Subtask fetch_data_from_api
[2026-08-18T07:03:27.531+0000] {standard_task_runner.py:72} INFO - Started process 3732 to run task
[2026-08-18T07:03:27.554+0000] {logging_mixin.py:190} WARNING - /home/***/.local/lib/python3.12/site-packages/***/settings.py:209 DeprecationWarning: The sql_alchemy_conn option in [core] has been moved to the sql_alchemy_conn option in [database] - the old setting has been used, but please update your config.
[2026-08-18T07:03:27.624+0000] {task_command.py:467} INFO - Running <TaskInstance: banking_analytics_pipeline.fetch_data_from_api manual__2026-08-17T13:57:49.286536+00:00 [running]> on host c84699b1c1e8
[2026-08-18T07:03:27.747+0000] {taskinstance.py:3134} INFO - Exporting env vars: AIRFLOW_CTX_DAG_OWNER='alex' AIRFLOW_CTX_DAG_ID='banking_analytics_pipeline' AIRFLOW_CTX_TASK_ID='fetch_data_from_api' AIRFLOW_CTX_EXECUTION_DATE='2026-08-17T13:57:49.286536+00:00' AIRFLOW_CTX_TRY_NUMBER='10' AIRFLOW_CTX_DAG_RUN_ID='manual__2026-08-17T13:57:49.286536+00:00'
[2026-08-18T07:03:27.750+0000] {taskinstance.py:732} INFO - ::endgroup::
[2026-08-18T07:03:27.772+0000] {subprocess.py:78} INFO - Tmp dir root location: /tmp
[2026-08-18T07:03:27.775+0000] {subprocess.py:88} INFO - Running command: ['/usr/bin/bash', '-c', '\n        mkdir -p /data/raw\n        mkdir -p /data/clean\n        curl https://cdn.jsdelivr.net/npm/@fawazahmed0/currency-api@latest/v1/currencies/eur.json -s > /data/raw/euro_2026-08-17.json\n        curl https://cdn.jsdelivr.net/npm/@fawazahmed0/currency-api@latest/v1/currencies/usd.json -s > /data/raw/usd_2026-08-17.json\n        ']
[2026-08-18T07:03:27.809+0000] {subprocess.py:99} INFO - Output:
[2026-08-18T07:03:27.825+0000] {subprocess.py:106} INFO - mkdir: cannot create directory ‘/data’: Permission denied
[2026-08-18T07:03:27.828+0000] {subprocess.py:106} INFO - mkdir: cannot create directory ‘/data’: Permission denied
[2026-08-18T07:03:27.829+0000] {subprocess.py:106} INFO - /usr/bin/bash: line 4: /data/raw/euro_2026-08-17.json: No such file or directory
[2026-08-18T07:03:27.830+0000] {subprocess.py:106} INFO - /usr/bin/bash: line 5: /data/raw/usd_2026-08-17.json: No such file or directory
[2026-08-18T07:03:27.831+0000] {subprocess.py:110} INFO - Command exited with return code 1
[2026-08-18T07:03:27.850+0000] {taskinstance.py:3313} ERROR - Task failed with exception
Traceback (most recent call last):
  File "/home/airflow/.local/lib/python3.12/site-packages/airflow/models/taskinstance.py", line 768, in _execute_task
    result = _execute_callable(context=context, **execute_callable_kwargs)
             ^^^^^^^^^^^^^^^^^^^^^^^^^^^^^^^^^^^^^^^^^^^^^^^^^^^^^^^^^^^^^
  File "/home/airflow/.local/lib/python3.12/site-packages/airflow/models/taskinstance.py", line 734, in _execute_callable
    return ExecutionCallableRunner(
           ^^^^^^^^^^^^^^^^^^^^^^^^
  File "/home/airflow/.local/lib/python3.12/site-packages/airflow/utils/operator_helpers.py", line 252, in run
    return self.func(*args, **kwargs)
           ^^^^^^^^^^^^^^^^^^^^^^^^^^
  File "/home/airflow/.local/lib/python3.12/site-packages/airflow/models/baseoperator.py", line 424, in wrapper
    return func(self, *args, **kwargs)
           ^^^^^^^^^^^^^^^^^^^^^^^^^^^
  File "/home/airflow/.local/lib/python3.12/site-packages/airflow/operators/bash.py", line 276, in execute
    raise AirflowException(
airflow.exceptions.AirflowException: Bash command failed. The command returned a non-zero exit code 1.
[2026-08-18T07:03:27.861+0000] {taskinstance.py:1226} INFO - Marking task as UP_FOR_RETRY. dag_id=banking_analytics_pipeline, task_id=fetch_data_from_api, run_id=manual__2026-08-17T13:57:49.286536+00:00, execution_date=20260817T135749, start_date=20260818T070327, end_date=20260818T070327
[2026-08-18T07:03:27.908+0000] {taskinstance.py:341} INFO - ::group::Post task execution logs
[2026-08-18T07:03:27.910+0000] {standard_task_runner.py:124} ERROR - Failed to execute job 25 for task fetch_data_from_api (Bash command failed. The command returned a non-zero exit code 1.; 3732)
Traceback (most recent call last):
  File "/home/airflow/.local/lib/python3.12/site-packages/airflow/task/task_runner/standard_task_runner.py", line 117, in _start_by_fork
    ret = args.func(args, dag=self.dag)
          ^^^^^^^^^^^^^^^^^^^^^^^^^^^^^
  File "/home/airflow/.local/lib/python3.12/site-packages/airflow/cli/cli_config.py", line 49, in command
    return func(*args, **kwargs)
           ^^^^^^^^^^^^^^^^^^^^^
  File "/home/airflow/.local/lib/python3.12/site-packages/airflow/utils/cli.py", line 116, in wrapper
    return f(*args, **kwargs)
           ^^^^^^^^^^^^^^^^^^
  File "/home/airflow/.local/lib/python3.12/site-packages/airflow/cli/commands/task_command.py", line 483, in task_run
    task_return_code = _run_task_by_selected_method(args, _dag, ti)
                       ^^^^^^^^^^^^^^^^^^^^^^^^^^^^^^^^^^^^^^^^^^^^
  File "/home/airflow/.local/lib/python3.12/site-packages/airflow/cli/commands/task_command.py", line 256, in _run_task_by_selected_method
    return _run_raw_task(args, ti)
           ^^^^^^^^^^^^^^^^^^^^^^^
  File "/home/airflow/.local/lib/python3.12/site-packages/airflow/cli/commands/task_command.py", line 341, in _run_raw_task
    return ti._run_raw_task(
           ^^^^^^^^^^^^^^^^^
  File "/home/airflow/.local/lib/python3.12/site-packages/airflow/utils/session.py", line 97, in wrapper
    return func(*args, session=session, **kwargs)
           ^^^^^^^^^^^^^^^^^^^^^^^^^^^^^^^^^^^^^^
  File "/home/airflow/.local/lib/python3.12/site-packages/airflow/models/taskinstance.py", line 3006, in _run_raw_task
    return _run_raw_task(
           ^^^^^^^^^^^^^^
  File "/home/airflow/.local/lib/python3.12/site-packages/airflow/models/taskinstance.py", line 274, in _run_raw_task
    TaskInstance._execute_task_with_callbacks(
  File "/home/airflow/.local/lib/python3.12/site-packages/airflow/models/taskinstance.py", line 3161, in _execute_task_with_callbacks
    result = self._execute_task(context, task_orig)
             ^^^^^^^^^^^^^^^^^^^^^^^^^^^^^^^^^^^^^^
  File "/home/airflow/.local/lib/python3.12/site-packages/airflow/models/taskinstance.py", line 3185, in _execute_task
    return _execute_task(self, context, task_orig)
           ^^^^^^^^^^^^^^^^^^^^^^^^^^^^^^^^^^^^^^^
  File "/home/airflow/.local/lib/python3.12/site-packages/airflow/models/taskinstance.py", line 768, in _execute_task
    result = _execute_callable(context=context, **execute_callable_kwargs)
             ^^^^^^^^^^^^^^^^^^^^^^^^^^^^^^^^^^^^^^^^^^^^^^^^^^^^^^^^^^^^^
  File "/home/airflow/.local/lib/python3.12/site-packages/airflow/models/taskinstance.py", line 734, in _execute_callable
    return ExecutionCallableRunner(
           ^^^^^^^^^^^^^^^^^^^^^^^^
  File "/home/airflow/.local/lib/python3.12/site-packages/airflow/utils/operator_helpers.py", line 252, in run
    return self.func(*args, **kwargs)
           ^^^^^^^^^^^^^^^^^^^^^^^^^^
  File "/home/airflow/.local/lib/python3.12/site-packages/airflow/models/baseoperator.py", line 424, in wrapper
    return func(self, *args, **kwargs)
           ^^^^^^^^^^^^^^^^^^^^^^^^^^^
  File "/home/airflow/.local/lib/python3.12/site-packages/airflow/operators/bash.py", line 276, in execute
    raise AirflowException(
airflow.exceptions.AirflowException: Bash command failed. The command returned a non-zero exit code 1.
[2026-08-18T07:03:27.950+0000] {local_task_job_runner.py:266} INFO - Task exited with return code 1
[2026-08-18T07:03:27.975+0000] {taskinstance.py:3901} INFO - 0 downstream tasks scheduled from follow-on schedule check
[2026-08-18T07:03:27.980+0000] {local_task_job_runner.py:245} INFO - ::endgroup::
