[2026-08-19T07:46:23.915+0000] {local_task_job_runner.py:123} INFO - ::group::Pre task execution logs
[2026-08-19T07:46:23.932+0000] {taskinstance.py:2614} INFO - Dependencies all met for dep_context=non-requeueable deps ti=<TaskInstance: banking_analytics_pipeline.fetch_data_from_api scheduled__2026-08-18T07:30:00+00:00 [queued]>
[2026-08-19T07:46:23.940+0000] {taskinstance.py:2614} INFO - Dependencies all met for dep_context=requeueable deps ti=<TaskInstance: banking_analytics_pipeline.fetch_data_from_api scheduled__2026-08-18T07:30:00+00:00 [queued]>
[2026-08-19T07:46:23.942+0000] {taskinstance.py:2867} INFO - Starting attempt 2 of 3
[2026-08-19T07:46:23.954+0000] {taskinstance.py:2890} INFO - Executing <Task(BashOperator): fetch_data_from_api> on 2026-08-18 07:30:00+00:00
[2026-08-19T07:46:23.967+0000] {standard_task_runner.py:104} INFO - Running: ['***', 'tasks', 'run', 'banking_analytics_pipeline', 'fetch_data_from_api', 'scheduled__2026-08-18T07:30:00+00:00', '--job-id', '18', '--raw', '--subdir', 'DAGS_FOLDER/sales_validator_dag.py', '--cfg-path', '/tmp/tmp_tskqy2y']
[2026-08-19T07:46:23.968+0000] {logging_mixin.py:190} WARNING - /home/***/.local/lib/python3.12/site-packages/***/task/task_runner/standard_task_runner.py:70 DeprecationWarning: This process (pid=836) is multi-threaded, use of fork() may lead to deadlocks in the child.
[2026-08-19T07:46:23.970+0000] {standard_task_runner.py:105} INFO - Job 18: Subtask fetch_data_from_api
[2026-08-19T07:46:23.971+0000] {standard_task_runner.py:72} INFO - Started process 838 to run task
[2026-08-19T07:46:23.987+0000] {logging_mixin.py:190} WARNING - /home/***/.local/lib/python3.12/site-packages/***/settings.py:209 DeprecationWarning: The sql_alchemy_conn option in [core] has been moved to the sql_alchemy_conn option in [database] - the old setting has been used, but please update your config.
[2026-08-19T07:46:24.036+0000] {task_command.py:467} INFO - Running <TaskInstance: banking_analytics_pipeline.fetch_data_from_api scheduled__2026-08-18T07:30:00+00:00 [running]> on host 608af04afd75
[2026-08-19T07:46:24.038+0000] {logging_mixin.py:190} WARNING - /home/***/.local/lib/python3.12/site-packages/***/settings.py:470 DeprecationWarning: The sql_alchemy_conn option in [core] has been moved to the sql_alchemy_conn option in [database] - the old setting has been used, but please update your config.
[2026-08-19T07:46:24.125+0000] {taskinstance.py:3134} INFO - Exporting env vars: AIRFLOW_CTX_DAG_OWNER='alex' AIRFLOW_CTX_DAG_ID='banking_analytics_pipeline' AIRFLOW_CTX_TASK_ID='fetch_data_from_api' AIRFLOW_CTX_EXECUTION_DATE='2026-08-18T07:30:00+00:00' AIRFLOW_CTX_TRY_NUMBER='2' AIRFLOW_CTX_DAG_RUN_ID='scheduled__2026-08-18T07:30:00+00:00'
[2026-08-19T07:46:24.129+0000] {taskinstance.py:732} INFO - ::endgroup::
[2026-08-19T07:46:24.142+0000] {subprocess.py:78} INFO - Tmp dir root location: /tmp
[2026-08-19T07:46:24.145+0000] {subprocess.py:88} INFO - Running command: ['/usr/bin/bash', '-c', '\n        mkdir -p {DATA_PATH}/raw\n        mkdir -p {DATA_PATH}/clean\n        curl https://raw.githubusercontent.com/fawazahmed0/currency-api/1/latest/currencies/eur.json -s > {DATA_PATH}/raw/euro_2026-08-18.json\n        curl https://raw.githubusercontent.com/fawazahmed0/currency-api/1/latest/currencies/usd.json -s > {DATA_PATH}/raw/usd_2026-08-18.json\n        ']
[2026-08-19T07:46:24.160+0000] {subprocess.py:99} INFO - Output:
[2026-08-19T07:46:25.056+0000] {subprocess.py:110} INFO - Command exited with return code 0
[2026-08-19T07:46:25.086+0000] {taskinstance.py:341} INFO - ::group::Post task execution logs
[2026-08-19T07:46:25.087+0000] {taskinstance.py:353} INFO - Marking task as SUCCESS. dag_id=banking_analytics_pipeline, task_id=fetch_data_from_api, run_id=scheduled__2026-08-18T07:30:00+00:00, execution_date=20260818T073000, start_date=20260819T074623, end_date=20260819T074625
[2026-08-19T07:46:25.151+0000] {local_task_job_runner.py:266} INFO - Task exited with return code 0
[2026-08-19T07:46:25.175+0000] {taskinstance.py:3901} INFO - 1 downstream tasks scheduled from follow-on schedule check
[2026-08-19T07:46:25.178+0000] {local_task_job_runner.py:245} INFO - ::endgroup::
