[2026-08-19T08:08:40.820+0000] {local_task_job_runner.py:123} INFO - ::group::Pre task execution logs
[2026-08-19T08:08:40.840+0000] {taskinstance.py:2614} INFO - Dependencies all met for dep_context=non-requeueable deps ti=<TaskInstance: banking_analytics_pipeline.fetch_data_from_api manual__2026-08-19T08:08:39.854939+00:00 [queued]>
[2026-08-19T08:08:40.850+0000] {taskinstance.py:2614} INFO - Dependencies all met for dep_context=requeueable deps ti=<TaskInstance: banking_analytics_pipeline.fetch_data_from_api manual__2026-08-19T08:08:39.854939+00:00 [queued]>
[2026-08-19T08:08:40.852+0000] {taskinstance.py:2867} INFO - Starting attempt 1 of 3
[2026-08-19T08:08:40.865+0000] {taskinstance.py:2890} INFO - Executing <Task(BashOperator): fetch_data_from_api> on 2026-08-19 08:08:39.854939+00:00
[2026-08-19T08:08:40.877+0000] {logging_mixin.py:190} WARNING - /home/***/.local/lib/python3.12/site-packages/***/task/task_runner/standard_task_runner.py:70 DeprecationWarning: This process (pid=1393) is multi-threaded, use of fork() may lead to deadlocks in the child.
[2026-08-19T08:08:40.877+0000] {standard_task_runner.py:104} INFO - Running: ['***', 'tasks', 'run', 'banking_analytics_pipeline', 'fetch_data_from_api', 'manual__2026-08-19T08:08:39.854939+00:00', '--job-id', '30', '--raw', '--subdir', 'DAGS_FOLDER/sales_validator_dag.py', '--cfg-path', '/tmp/tmpnl1dub_4']
[2026-08-19T08:08:40.880+0000] {standard_task_runner.py:72} INFO - Started process 1397 to run task
[2026-08-19T08:08:40.880+0000] {standard_task_runner.py:105} INFO - Job 30: Subtask fetch_data_from_api
[2026-08-19T08:08:40.899+0000] {logging_mixin.py:190} WARNING - /home/***/.local/lib/python3.12/site-packages/***/settings.py:209 DeprecationWarning: The sql_alchemy_conn option in [core] has been moved to the sql_alchemy_conn option in [database] - the old setting has been used, but please update your config.
[2026-08-19T08:08:40.950+0000] {task_command.py:467} INFO - Running <TaskInstance: banking_analytics_pipeline.fetch_data_from_api manual__2026-08-19T08:08:39.854939+00:00 [running]> on host 608af04afd75
[2026-08-19T08:08:41.043+0000] {taskinstance.py:3134} INFO - Exporting env vars: AIRFLOW_CTX_DAG_OWNER='alex' AIRFLOW_CTX_DAG_ID='banking_analytics_pipeline' AIRFLOW_CTX_TASK_ID='fetch_data_from_api' AIRFLOW_CTX_EXECUTION_DATE='2026-08-19T08:08:39.854939+00:00' AIRFLOW_CTX_TRY_NUMBER='1' AIRFLOW_CTX_DAG_RUN_ID='manual__2026-08-19T08:08:39.854939+00:00'
[2026-08-19T08:08:41.045+0000] {taskinstance.py:732} INFO - ::endgroup::
[2026-08-19T08:08:41.057+0000] {subprocess.py:78} INFO - Tmp dir root location: /tmp
[2026-08-19T08:08:41.060+0000] {subprocess.py:88} INFO - Running command: ['/usr/bin/bash', '-c', '\n        mkdir -p /opt/***/data_download/raw\n        mkdir -p /opt/***/data_download/clean\n        curl https://raw.githubusercontent.com/fawazahmed0/currency-api/1/latest/currencies/eur.json -s > /opt/***/data_download/raw/euro_2026-08-19.json\n        curl https://raw.githubusercontent.com/fawazahmed0/currency-api/1/latest/currencies/usd.json -s > /opt/***/data_download/raw/usd_2026-08-19.json\n        ']
[2026-08-19T08:08:41.082+0000] {subprocess.py:99} INFO - Output:
[2026-08-19T08:08:42.003+0000] {subprocess.py:110} INFO - Command exited with return code 0
[2026-08-19T08:08:42.050+0000] {taskinstance.py:341} INFO - ::group::Post task execution logs
[2026-08-19T08:08:42.052+0000] {taskinstance.py:353} INFO - Marking task as SUCCESS. dag_id=banking_analytics_pipeline, task_id=fetch_data_from_api, run_id=manual__2026-08-19T08:08:39.854939+00:00, execution_date=20260819T080839, start_date=20260819T080840, end_date=20260819T080842
[2026-08-19T08:08:42.141+0000] {local_task_job_runner.py:266} INFO - Task exited with return code 0
[2026-08-19T08:08:42.175+0000] {taskinstance.py:3901} INFO - 1 downstream tasks scheduled from follow-on schedule check
[2026-08-19T08:08:42.179+0000] {local_task_job_runner.py:245} INFO - ::endgroup::
