[2026-08-18T07:16:52.786+0000] {local_task_job_runner.py:123} INFO - ::group::Pre task execution logs
[2026-08-18T07:16:52.818+0000] {taskinstance.py:2614} INFO - Dependencies all met for dep_context=non-requeueable deps ti=<TaskInstance: banking_analytics_pipeline.Transform_data manual__2026-08-18T07:16:49.828484+00:00 [queued]>
[2026-08-18T07:16:52.830+0000] {taskinstance.py:2614} INFO - Dependencies all met for dep_context=requeueable deps ti=<TaskInstance: banking_analytics_pipeline.Transform_data manual__2026-08-18T07:16:49.828484+00:00 [queued]>
[2026-08-18T07:16:52.833+0000] {taskinstance.py:2867} INFO - Starting attempt 1 of 3
[2026-08-18T07:16:52.849+0000] {taskinstance.py:2890} INFO - Executing <Task(PythonOperator): Transform_data> on 2026-08-18 07:16:49.828484+00:00
[2026-08-18T07:16:52.869+0000] {standard_task_runner.py:104} INFO - Running: ['***', 'tasks', 'run', 'banking_analytics_pipeline', 'Transform_data', 'manual__2026-08-18T07:16:49.828484+00:00', '--job-id', '40', '--raw', '--subdir', 'DAGS_FOLDER/sales_validator_dag.py', '--cfg-path', '/tmp/tmp8xchty73']
[2026-08-18T07:16:52.870+0000] {logging_mixin.py:190} WARNING - /home/***/.local/lib/python3.12/site-packages/***/task/task_runner/standard_task_runner.py:70 DeprecationWarning: This process (pid=4150) is multi-threaded, use of fork() may lead to deadlocks in the child.
[2026-08-18T07:16:52.873+0000] {standard_task_runner.py:105} INFO - Job 40: Subtask Transform_data
[2026-08-18T07:16:52.874+0000] {standard_task_runner.py:72} INFO - Started process 4152 to run task
[2026-08-18T07:16:52.897+0000] {logging_mixin.py:190} WARNING - /home/***/.local/lib/python3.12/site-packages/***/settings.py:209 DeprecationWarning: The sql_alchemy_conn option in [core] has been moved to the sql_alchemy_conn option in [database] - the old setting has been used, but please update your config.
[2026-08-18T07:16:52.961+0000] {task_command.py:467} INFO - Running <TaskInstance: banking_analytics_pipeline.Transform_data manual__2026-08-18T07:16:49.828484+00:00 [running]> on host c84699b1c1e8
[2026-08-18T07:16:53.070+0000] {taskinstance.py:3134} INFO - Exporting env vars: AIRFLOW_CTX_DAG_OWNER='alex' AIRFLOW_CTX_DAG_ID='banking_analytics_pipeline' AIRFLOW_CTX_TASK_ID='Transform_data' AIRFLOW_CTX_EXECUTION_DATE='2026-08-18T07:16:49.828484+00:00' AIRFLOW_CTX_TRY_NUMBER='1' AIRFLOW_CTX_DAG_RUN_ID='manual__2026-08-18T07:16:49.828484+00:00'
[2026-08-18T07:16:53.073+0000] {taskinstance.py:732} INFO - ::endgroup::
[2026-08-18T07:16:53.113+0000] {logging_mixin.py:190} INFO - Полный путь: /home/***/data/clean/euro_2026-08-18.parquet
[2026-08-18T07:16:53.114+0000] {python.py:240} INFO - Done. Returned value was: None
[2026-08-18T07:16:53.132+0000] {taskinstance.py:341} INFO - ::group::Post task execution logs
[2026-08-18T07:16:53.134+0000] {taskinstance.py:353} INFO - Marking task as SUCCESS. dag_id=banking_analytics_pipeline, task_id=Transform_data, run_id=manual__2026-08-18T07:16:49.828484+00:00, execution_date=20260818T071649, start_date=20260818T071652, end_date=20260818T071653
[2026-08-18T07:16:53.212+0000] {local_task_job_runner.py:266} INFO - Task exited with return code 0
[2026-08-18T07:16:53.236+0000] {taskinstance.py:3901} INFO - 0 downstream tasks scheduled from follow-on schedule check
[2026-08-18T07:16:53.241+0000] {local_task_job_runner.py:245} INFO - ::endgroup::
