[2026-08-03T13:12:22.566+0000] {processor.py:186} INFO - Started process (PID=175) to work on /opt/airflow/dags/bash_python.py
[2026-08-03T13:12:22.570+0000] {processor.py:914} INFO - Processing file /opt/airflow/dags/bash_python.py for tasks to queue
[2026-08-03T13:12:22.585+0000] {logging_mixin.py:190} INFO - [2026-08-03T13:12:22.584+0000] {dagbag.py:588} INFO - Filling up the DagBag from /opt/airflow/dags/bash_python.py
[2026-08-03T13:12:22.620+0000] {logging_mixin.py:190} INFO - [2026-08-03T13:12:22.613+0000] {dagbag.py:387} ERROR - Failed to import: /opt/airflow/dags/bash_python.py
Traceback (most recent call last):
  File "/home/airflow/.local/lib/python3.12/site-packages/airflow/models/dagbag.py", line 383, in parse
    loader.exec_module(new_module)
  File "<frozen importlib._bootstrap_external>", line 995, in exec_module
  File "<frozen importlib._bootstrap_external>", line 1133, in get_code
  File "<frozen importlib._bootstrap_external>", line 1063, in source_to_code
  File "<frozen importlib._bootstrap>", line 488, in _call_with_frames_removed
  File "/opt/airflow/dags/bash_python.py", line 1
    import airflow from DAG
    ^^^^^^^^^^^^^^^^^^^^^^^
SyntaxError: Did you mean to use 'from ... import ...' instead?
[2026-08-03T13:12:22.623+0000] {processor.py:927} WARNING - No viable dags retrieved from /opt/airflow/dags/bash_python.py
[2026-08-03T13:12:22.685+0000] {processor.py:208} INFO - Processing /opt/airflow/dags/bash_python.py took 0.143 seconds
[2026-08-03T13:12:49.753+0000] {processor.py:186} INFO - Started process (PID=180) to work on /opt/airflow/dags/bash_python.py
[2026-08-03T13:12:49.755+0000] {processor.py:914} INFO - Processing file /opt/airflow/dags/bash_python.py for tasks to queue
[2026-08-03T13:12:49.781+0000] {logging_mixin.py:190} INFO - [2026-08-03T13:12:49.780+0000] {dagbag.py:588} INFO - Filling up the DagBag from /opt/airflow/dags/bash_python.py
[2026-08-03T13:12:49.798+0000] {logging_mixin.py:190} INFO - [2026-08-03T13:12:49.796+0000] {dagbag.py:387} ERROR - Failed to import: /opt/airflow/dags/bash_python.py
Traceback (most recent call last):
  File "/home/airflow/.local/lib/python3.12/site-packages/airflow/models/dagbag.py", line 383, in parse
    loader.exec_module(new_module)
  File "<frozen importlib._bootstrap_external>", line 995, in exec_module
  File "<frozen importlib._bootstrap_external>", line 1133, in get_code
  File "<frozen importlib._bootstrap_external>", line 1063, in source_to_code
  File "<frozen importlib._bootstrap>", line 488, in _call_with_frames_removed
  File "/opt/airflow/dags/bash_python.py", line 1
    import airflow from DAG
    ^^^^^^^^^^^^^^^^^^^^^^^
SyntaxError: Did you mean to use 'from ... import ...' instead?
[2026-08-03T13:12:49.798+0000] {processor.py:927} WARNING - No viable dags retrieved from /opt/airflow/dags/bash_python.py
[2026-08-03T13:12:49.823+0000] {processor.py:208} INFO - Processing /opt/airflow/dags/bash_python.py took 0.075 seconds
[2026-08-03T13:13:20.001+0000] {processor.py:186} INFO - Started process (PID=185) to work on /opt/airflow/dags/bash_python.py
[2026-08-03T13:13:20.004+0000] {processor.py:914} INFO - Processing file /opt/airflow/dags/bash_python.py for tasks to queue
[2026-08-03T13:13:20.011+0000] {logging_mixin.py:190} INFO - [2026-08-03T13:13:20.010+0000] {dagbag.py:588} INFO - Filling up the DagBag from /opt/airflow/dags/bash_python.py
[2026-08-03T13:13:20.031+0000] {logging_mixin.py:190} INFO - [2026-08-03T13:13:20.028+0000] {dagbag.py:387} ERROR - Failed to import: /opt/airflow/dags/bash_python.py
Traceback (most recent call last):
  File "/home/airflow/.local/lib/python3.12/site-packages/airflow/models/dagbag.py", line 383, in parse
    loader.exec_module(new_module)
  File "<frozen importlib._bootstrap_external>", line 995, in exec_module
  File "<frozen importlib._bootstrap_external>", line 1133, in get_code
  File "<frozen importlib._bootstrap_external>", line 1063, in source_to_code
  File "<frozen importlib._bootstrap>", line 488, in _call_with_frames_removed
  File "/opt/airflow/dags/bash_python.py", line 1
    import airflow from DAG
    ^^^^^^^^^^^^^^^^^^^^^^^
SyntaxError: Did you mean to use 'from ... import ...' instead?
[2026-08-03T13:13:20.032+0000] {processor.py:927} WARNING - No viable dags retrieved from /opt/airflow/dags/bash_python.py
[2026-08-03T13:13:20.074+0000] {processor.py:208} INFO - Processing /opt/airflow/dags/bash_python.py took 0.088 seconds
[2026-08-03T13:13:37.234+0000] {processor.py:186} INFO - Started process (PID=190) to work on /opt/airflow/dags/bash_python.py
[2026-08-03T13:13:37.237+0000] {processor.py:914} INFO - Processing file /opt/airflow/dags/bash_python.py for tasks to queue
[2026-08-03T13:13:37.243+0000] {logging_mixin.py:190} INFO - [2026-08-03T13:13:37.242+0000] {dagbag.py:588} INFO - Filling up the DagBag from /opt/airflow/dags/bash_python.py
[2026-08-03T13:13:37.278+0000] {logging_mixin.py:190} INFO - [2026-08-03T13:13:37.271+0000] {dagbag.py:387} ERROR - Failed to import: /opt/airflow/dags/bash_python.py
Traceback (most recent call last):
  File "/home/airflow/.local/lib/python3.12/site-packages/airflow/models/dagbag.py", line 383, in parse
    loader.exec_module(new_module)
  File "<frozen importlib._bootstrap_external>", line 999, in exec_module
  File "<frozen importlib._bootstrap>", line 488, in _call_with_frames_removed
  File "/opt/airflow/dags/bash_python.py", line 2, in <module>
    from airflow.operator.bash import BashOperator
ModuleNotFoundError: No module named 'airflow.operator'
[2026-08-03T13:13:37.281+0000] {processor.py:927} WARNING - No viable dags retrieved from /opt/airflow/dags/bash_python.py
[2026-08-03T13:13:37.319+0000] {processor.py:208} INFO - Processing /opt/airflow/dags/bash_python.py took 0.093 seconds
[2026-08-03T13:13:56.389+0000] {processor.py:186} INFO - Started process (PID=195) to work on /opt/airflow/dags/bash_python.py
[2026-08-03T13:13:56.391+0000] {processor.py:914} INFO - Processing file /opt/airflow/dags/bash_python.py for tasks to queue
[2026-08-03T13:13:56.394+0000] {logging_mixin.py:190} INFO - [2026-08-03T13:13:56.394+0000] {dagbag.py:588} INFO - Filling up the DagBag from /opt/airflow/dags/bash_python.py
[2026-08-03T13:13:56.420+0000] {logging_mixin.py:190} INFO - [2026-08-03T13:13:56.416+0000] {dagbag.py:387} ERROR - Failed to import: /opt/airflow/dags/bash_python.py
Traceback (most recent call last):
  File "/home/airflow/.local/lib/python3.12/site-packages/airflow/models/dagbag.py", line 383, in parse
    loader.exec_module(new_module)
  File "<frozen importlib._bootstrap_external>", line 999, in exec_module
  File "<frozen importlib._bootstrap>", line 488, in _call_with_frames_removed
  File "/opt/airflow/dags/bash_python.py", line 4, in <module>
    from airflow.operator.bash import BashOperator
ModuleNotFoundError: No module named 'airflow.operator'
[2026-08-03T13:13:56.422+0000] {processor.py:927} WARNING - No viable dags retrieved from /opt/airflow/dags/bash_python.py
[2026-08-03T13:13:56.447+0000] {processor.py:208} INFO - Processing /opt/airflow/dags/bash_python.py took 0.066 seconds
[2026-08-03T13:14:26.648+0000] {processor.py:186} INFO - Started process (PID=200) to work on /opt/airflow/dags/bash_python.py
[2026-08-03T13:14:26.651+0000] {processor.py:914} INFO - Processing file /opt/airflow/dags/bash_python.py for tasks to queue
[2026-08-03T13:14:26.656+0000] {logging_mixin.py:190} INFO - [2026-08-03T13:14:26.655+0000] {dagbag.py:588} INFO - Filling up the DagBag from /opt/airflow/dags/bash_python.py
[2026-08-03T13:14:26.677+0000] {logging_mixin.py:190} INFO - [2026-08-03T13:14:26.672+0000] {dagbag.py:387} ERROR - Failed to import: /opt/airflow/dags/bash_python.py
Traceback (most recent call last):
  File "/home/airflow/.local/lib/python3.12/site-packages/airflow/models/dagbag.py", line 383, in parse
    loader.exec_module(new_module)
  File "<frozen importlib._bootstrap_external>", line 999, in exec_module
  File "<frozen importlib._bootstrap>", line 488, in _call_with_frames_removed
  File "/opt/airflow/dags/bash_python.py", line 4, in <module>
    from airflow.operator.bash import BashOperator
ModuleNotFoundError: No module named 'airflow.operator'
[2026-08-03T13:14:26.679+0000] {processor.py:927} WARNING - No viable dags retrieved from /opt/airflow/dags/bash_python.py
[2026-08-03T13:14:26.714+0000] {processor.py:208} INFO - Processing /opt/airflow/dags/bash_python.py took 0.077 seconds
[2026-08-03T13:14:56.958+0000] {processor.py:186} INFO - Started process (PID=205) to work on /opt/airflow/dags/bash_python.py
[2026-08-03T13:14:56.960+0000] {processor.py:914} INFO - Processing file /opt/airflow/dags/bash_python.py for tasks to queue
[2026-08-03T13:14:56.965+0000] {logging_mixin.py:190} INFO - [2026-08-03T13:14:56.964+0000] {dagbag.py:588} INFO - Filling up the DagBag from /opt/airflow/dags/bash_python.py
[2026-08-03T13:14:56.987+0000] {logging_mixin.py:190} INFO - [2026-08-03T13:14:56.982+0000] {dagbag.py:387} ERROR - Failed to import: /opt/airflow/dags/bash_python.py
Traceback (most recent call last):
  File "/home/airflow/.local/lib/python3.12/site-packages/airflow/models/dagbag.py", line 383, in parse
    loader.exec_module(new_module)
  File "<frozen importlib._bootstrap_external>", line 999, in exec_module
  File "<frozen importlib._bootstrap>", line 488, in _call_with_frames_removed
  File "/opt/airflow/dags/bash_python.py", line 4, in <module>
    from airflow.operator.bash import BashOperator
ModuleNotFoundError: No module named 'airflow.operator'
[2026-08-03T13:14:56.989+0000] {processor.py:927} WARNING - No viable dags retrieved from /opt/airflow/dags/bash_python.py
[2026-08-03T13:14:57.021+0000] {processor.py:208} INFO - Processing /opt/airflow/dags/bash_python.py took 0.074 seconds
[2026-08-03T13:15:27.269+0000] {processor.py:186} INFO - Started process (PID=210) to work on /opt/airflow/dags/bash_python.py
[2026-08-03T13:15:27.271+0000] {processor.py:914} INFO - Processing file /opt/airflow/dags/bash_python.py for tasks to queue
[2026-08-03T13:15:27.275+0000] {logging_mixin.py:190} INFO - [2026-08-03T13:15:27.275+0000] {dagbag.py:588} INFO - Filling up the DagBag from /opt/airflow/dags/bash_python.py
[2026-08-03T13:15:27.292+0000] {logging_mixin.py:190} INFO - [2026-08-03T13:15:27.288+0000] {dagbag.py:387} ERROR - Failed to import: /opt/airflow/dags/bash_python.py
Traceback (most recent call last):
  File "/home/airflow/.local/lib/python3.12/site-packages/airflow/models/dagbag.py", line 383, in parse
    loader.exec_module(new_module)
  File "<frozen importlib._bootstrap_external>", line 999, in exec_module
  File "<frozen importlib._bootstrap>", line 488, in _call_with_frames_removed
  File "/opt/airflow/dags/bash_python.py", line 4, in <module>
    from airflow.operator.bash import BashOperator
ModuleNotFoundError: No module named 'airflow.operator'
[2026-08-03T13:15:27.294+0000] {processor.py:927} WARNING - No viable dags retrieved from /opt/airflow/dags/bash_python.py
[2026-08-03T13:15:27.324+0000] {processor.py:208} INFO - Processing /opt/airflow/dags/bash_python.py took 0.062 seconds
[2026-08-03T13:15:57.552+0000] {processor.py:186} INFO - Started process (PID=215) to work on /opt/airflow/dags/bash_python.py
[2026-08-03T13:15:57.554+0000] {processor.py:914} INFO - Processing file /opt/airflow/dags/bash_python.py for tasks to queue
[2026-08-03T13:15:57.559+0000] {logging_mixin.py:190} INFO - [2026-08-03T13:15:57.558+0000] {dagbag.py:588} INFO - Filling up the DagBag from /opt/airflow/dags/bash_python.py
[2026-08-03T13:15:57.579+0000] {logging_mixin.py:190} INFO - [2026-08-03T13:15:57.574+0000] {dagbag.py:387} ERROR - Failed to import: /opt/airflow/dags/bash_python.py
Traceback (most recent call last):
  File "/home/airflow/.local/lib/python3.12/site-packages/airflow/models/dagbag.py", line 383, in parse
    loader.exec_module(new_module)
  File "<frozen importlib._bootstrap_external>", line 999, in exec_module
  File "<frozen importlib._bootstrap>", line 488, in _call_with_frames_removed
  File "/opt/airflow/dags/bash_python.py", line 4, in <module>
    from airflow.operator.bash import BashOperator
ModuleNotFoundError: No module named 'airflow.operator'
[2026-08-03T13:15:57.581+0000] {processor.py:927} WARNING - No viable dags retrieved from /opt/airflow/dags/bash_python.py
[2026-08-03T13:15:57.615+0000] {processor.py:208} INFO - Processing /opt/airflow/dags/bash_python.py took 0.073 seconds
[2026-08-03T13:16:27.849+0000] {processor.py:186} INFO - Started process (PID=220) to work on /opt/airflow/dags/bash_python.py
[2026-08-03T13:16:27.852+0000] {processor.py:914} INFO - Processing file /opt/airflow/dags/bash_python.py for tasks to queue
[2026-08-03T13:16:27.858+0000] {logging_mixin.py:190} INFO - [2026-08-03T13:16:27.857+0000] {dagbag.py:588} INFO - Filling up the DagBag from /opt/airflow/dags/bash_python.py
[2026-08-03T13:16:27.880+0000] {logging_mixin.py:190} INFO - [2026-08-03T13:16:27.875+0000] {dagbag.py:387} ERROR - Failed to import: /opt/airflow/dags/bash_python.py
Traceback (most recent call last):
  File "/home/airflow/.local/lib/python3.12/site-packages/airflow/models/dagbag.py", line 383, in parse
    loader.exec_module(new_module)
  File "<frozen importlib._bootstrap_external>", line 999, in exec_module
  File "<frozen importlib._bootstrap>", line 488, in _call_with_frames_removed
  File "/opt/airflow/dags/bash_python.py", line 4, in <module>
    from airflow.operator.bash import BashOperator
ModuleNotFoundError: No module named 'airflow.operator'
[2026-08-03T13:16:27.882+0000] {processor.py:927} WARNING - No viable dags retrieved from /opt/airflow/dags/bash_python.py
[2026-08-03T13:16:27.918+0000] {processor.py:208} INFO - Processing /opt/airflow/dags/bash_python.py took 0.080 seconds
[2026-08-03T14:07:44.723+0000] {processor.py:186} INFO - Started process (PID=225) to work on /opt/airflow/dags/bash_python.py
[2026-08-03T14:07:44.726+0000] {processor.py:914} INFO - Processing file /opt/airflow/dags/bash_python.py for tasks to queue
[2026-08-03T14:07:44.733+0000] {logging_mixin.py:190} INFO - [2026-08-03T14:07:44.730+0000] {dagbag.py:588} INFO - Filling up the DagBag from /opt/airflow/dags/bash_python.py
[2026-08-03T14:07:44.764+0000] {logging_mixin.py:190} INFO - [2026-08-03T14:07:44.758+0000] {dagbag.py:387} ERROR - Failed to import: /opt/airflow/dags/bash_python.py
Traceback (most recent call last):
  File "/home/airflow/.local/lib/python3.12/site-packages/airflow/models/dagbag.py", line 383, in parse
    loader.exec_module(new_module)
  File "<frozen importlib._bootstrap_external>", line 999, in exec_module
  File "<frozen importlib._bootstrap>", line 488, in _call_with_frames_removed
  File "/opt/airflow/dags/bash_python.py", line 4, in <module>
    from airflow.operator.bash import BashOperator
ModuleNotFoundError: No module named 'airflow.operator'
[2026-08-03T14:07:44.769+0000] {processor.py:927} WARNING - No viable dags retrieved from /opt/airflow/dags/bash_python.py
[2026-08-03T14:07:44.799+0000] {processor.py:208} INFO - Processing /opt/airflow/dags/bash_python.py took 0.094 seconds
[2026-08-03T14:08:14.967+0000] {processor.py:186} INFO - Started process (PID=230) to work on /opt/airflow/dags/bash_python.py
[2026-08-03T14:08:14.969+0000] {processor.py:914} INFO - Processing file /opt/airflow/dags/bash_python.py for tasks to queue
[2026-08-03T14:08:14.973+0000] {logging_mixin.py:190} INFO - [2026-08-03T14:08:14.973+0000] {dagbag.py:588} INFO - Filling up the DagBag from /opt/airflow/dags/bash_python.py
[2026-08-03T14:08:14.991+0000] {logging_mixin.py:190} INFO - [2026-08-03T14:08:14.987+0000] {dagbag.py:387} ERROR - Failed to import: /opt/airflow/dags/bash_python.py
Traceback (most recent call last):
  File "/home/airflow/.local/lib/python3.12/site-packages/airflow/models/dagbag.py", line 383, in parse
    loader.exec_module(new_module)
  File "<frozen importlib._bootstrap_external>", line 999, in exec_module
  File "<frozen importlib._bootstrap>", line 488, in _call_with_frames_removed
  File "/opt/airflow/dags/bash_python.py", line 4, in <module>
    from airflow.operator.bash import BashOperator
ModuleNotFoundError: No module named 'airflow.operator'
[2026-08-03T14:08:14.993+0000] {processor.py:927} WARNING - No viable dags retrieved from /opt/airflow/dags/bash_python.py
[2026-08-03T14:08:15.029+0000] {processor.py:208} INFO - Processing /opt/airflow/dags/bash_python.py took 0.071 seconds
[2026-08-03T14:08:45.218+0000] {processor.py:186} INFO - Started process (PID=235) to work on /opt/airflow/dags/bash_python.py
[2026-08-03T14:08:45.219+0000] {processor.py:914} INFO - Processing file /opt/airflow/dags/bash_python.py for tasks to queue
[2026-08-03T14:08:45.221+0000] {logging_mixin.py:190} INFO - [2026-08-03T14:08:45.221+0000] {dagbag.py:588} INFO - Filling up the DagBag from /opt/airflow/dags/bash_python.py
[2026-08-03T14:08:45.236+0000] {logging_mixin.py:190} INFO - [2026-08-03T14:08:45.232+0000] {dagbag.py:387} ERROR - Failed to import: /opt/airflow/dags/bash_python.py
Traceback (most recent call last):
  File "/home/airflow/.local/lib/python3.12/site-packages/airflow/models/dagbag.py", line 383, in parse
    loader.exec_module(new_module)
  File "<frozen importlib._bootstrap_external>", line 999, in exec_module
  File "<frozen importlib._bootstrap>", line 488, in _call_with_frames_removed
  File "/opt/airflow/dags/bash_python.py", line 4, in <module>
    from airflow.operator.bash import BashOperator
ModuleNotFoundError: No module named 'airflow.operator'
[2026-08-03T14:08:45.237+0000] {processor.py:927} WARNING - No viable dags retrieved from /opt/airflow/dags/bash_python.py
[2026-08-03T14:08:45.257+0000] {processor.py:208} INFO - Processing /opt/airflow/dags/bash_python.py took 0.044 seconds
[2026-08-03T14:09:15.465+0000] {processor.py:186} INFO - Started process (PID=240) to work on /opt/airflow/dags/bash_python.py
[2026-08-03T14:09:15.469+0000] {processor.py:914} INFO - Processing file /opt/airflow/dags/bash_python.py for tasks to queue
[2026-08-03T14:09:15.481+0000] {logging_mixin.py:190} INFO - [2026-08-03T14:09:15.480+0000] {dagbag.py:588} INFO - Filling up the DagBag from /opt/airflow/dags/bash_python.py
[2026-08-03T14:09:15.507+0000] {logging_mixin.py:190} INFO - [2026-08-03T14:09:15.500+0000] {dagbag.py:387} ERROR - Failed to import: /opt/airflow/dags/bash_python.py
Traceback (most recent call last):
  File "/home/airflow/.local/lib/python3.12/site-packages/airflow/models/dagbag.py", line 383, in parse
    loader.exec_module(new_module)
  File "<frozen importlib._bootstrap_external>", line 999, in exec_module
  File "<frozen importlib._bootstrap>", line 488, in _call_with_frames_removed
  File "/opt/airflow/dags/bash_python.py", line 4, in <module>
    from airflow.operator.bash import BashOperator
ModuleNotFoundError: No module named 'airflow.operator'
[2026-08-03T14:09:15.509+0000] {processor.py:927} WARNING - No viable dags retrieved from /opt/airflow/dags/bash_python.py
[2026-08-03T14:09:15.566+0000] {processor.py:208} INFO - Processing /opt/airflow/dags/bash_python.py took 0.128 seconds
[2026-08-03T14:09:45.700+0000] {processor.py:186} INFO - Started process (PID=245) to work on /opt/airflow/dags/bash_python.py
[2026-08-03T14:09:45.702+0000] {processor.py:914} INFO - Processing file /opt/airflow/dags/bash_python.py for tasks to queue
[2026-08-03T14:09:45.706+0000] {logging_mixin.py:190} INFO - [2026-08-03T14:09:45.705+0000] {dagbag.py:588} INFO - Filling up the DagBag from /opt/airflow/dags/bash_python.py
[2026-08-03T14:09:45.729+0000] {logging_mixin.py:190} INFO - [2026-08-03T14:09:45.724+0000] {dagbag.py:387} ERROR - Failed to import: /opt/airflow/dags/bash_python.py
Traceback (most recent call last):
  File "/home/airflow/.local/lib/python3.12/site-packages/airflow/models/dagbag.py", line 383, in parse
    loader.exec_module(new_module)
  File "<frozen importlib._bootstrap_external>", line 999, in exec_module
  File "<frozen importlib._bootstrap>", line 488, in _call_with_frames_removed
  File "/opt/airflow/dags/bash_python.py", line 4, in <module>
    from airflow.operator.bash import BashOperator
ModuleNotFoundError: No module named 'airflow.operator'
[2026-08-03T14:09:45.731+0000] {processor.py:927} WARNING - No viable dags retrieved from /opt/airflow/dags/bash_python.py
[2026-08-03T14:09:45.766+0000] {processor.py:208} INFO - Processing /opt/airflow/dags/bash_python.py took 0.082 seconds
[2026-08-03T14:10:15.978+0000] {processor.py:186} INFO - Started process (PID=250) to work on /opt/airflow/dags/bash_python.py
[2026-08-03T14:10:15.980+0000] {processor.py:914} INFO - Processing file /opt/airflow/dags/bash_python.py for tasks to queue
[2026-08-03T14:10:15.982+0000] {logging_mixin.py:190} INFO - [2026-08-03T14:10:15.982+0000] {dagbag.py:588} INFO - Filling up the DagBag from /opt/airflow/dags/bash_python.py
[2026-08-03T14:10:15.995+0000] {logging_mixin.py:190} INFO - [2026-08-03T14:10:15.992+0000] {dagbag.py:387} ERROR - Failed to import: /opt/airflow/dags/bash_python.py
Traceback (most recent call last):
  File "/home/airflow/.local/lib/python3.12/site-packages/airflow/models/dagbag.py", line 383, in parse
    loader.exec_module(new_module)
  File "<frozen importlib._bootstrap_external>", line 999, in exec_module
  File "<frozen importlib._bootstrap>", line 488, in _call_with_frames_removed
  File "/opt/airflow/dags/bash_python.py", line 4, in <module>
    from airflow.operator.bash import BashOperator
ModuleNotFoundError: No module named 'airflow.operator'
[2026-08-03T14:10:15.997+0000] {processor.py:927} WARNING - No viable dags retrieved from /opt/airflow/dags/bash_python.py
[2026-08-03T14:10:16.015+0000] {processor.py:208} INFO - Processing /opt/airflow/dags/bash_python.py took 0.041 seconds
[2026-08-03T14:10:46.182+0000] {processor.py:186} INFO - Started process (PID=255) to work on /opt/airflow/dags/bash_python.py
[2026-08-03T14:10:46.183+0000] {processor.py:914} INFO - Processing file /opt/airflow/dags/bash_python.py for tasks to queue
[2026-08-03T14:10:46.186+0000] {logging_mixin.py:190} INFO - [2026-08-03T14:10:46.186+0000] {dagbag.py:588} INFO - Filling up the DagBag from /opt/airflow/dags/bash_python.py
[2026-08-03T14:10:46.206+0000] {logging_mixin.py:190} INFO - [2026-08-03T14:10:46.197+0000] {dagbag.py:387} ERROR - Failed to import: /opt/airflow/dags/bash_python.py
Traceback (most recent call last):
  File "/home/airflow/.local/lib/python3.12/site-packages/airflow/models/dagbag.py", line 383, in parse
    loader.exec_module(new_module)
  File "<frozen importlib._bootstrap_external>", line 999, in exec_module
  File "<frozen importlib._bootstrap>", line 488, in _call_with_frames_removed
  File "/opt/airflow/dags/bash_python.py", line 4, in <module>
    from airflow.operator.bash import BashOperator
ModuleNotFoundError: No module named 'airflow.operator'
[2026-08-03T14:10:46.209+0000] {processor.py:927} WARNING - No viable dags retrieved from /opt/airflow/dags/bash_python.py
[2026-08-03T14:10:46.231+0000] {processor.py:208} INFO - Processing /opt/airflow/dags/bash_python.py took 0.054 seconds
[2026-08-03T14:11:16.407+0000] {processor.py:186} INFO - Started process (PID=260) to work on /opt/airflow/dags/bash_python.py
[2026-08-03T14:11:16.411+0000] {processor.py:914} INFO - Processing file /opt/airflow/dags/bash_python.py for tasks to queue
[2026-08-03T14:11:16.415+0000] {logging_mixin.py:190} INFO - [2026-08-03T14:11:16.415+0000] {dagbag.py:588} INFO - Filling up the DagBag from /opt/airflow/dags/bash_python.py
[2026-08-03T14:11:16.433+0000] {logging_mixin.py:190} INFO - [2026-08-03T14:11:16.429+0000] {dagbag.py:387} ERROR - Failed to import: /opt/airflow/dags/bash_python.py
Traceback (most recent call last):
  File "/home/airflow/.local/lib/python3.12/site-packages/airflow/models/dagbag.py", line 383, in parse
    loader.exec_module(new_module)
  File "<frozen importlib._bootstrap_external>", line 999, in exec_module
  File "<frozen importlib._bootstrap>", line 488, in _call_with_frames_removed
  File "/opt/airflow/dags/bash_python.py", line 4, in <module>
    from airflow.operator.bash import BashOperator
ModuleNotFoundError: No module named 'airflow.operator'
[2026-08-03T14:11:16.435+0000] {processor.py:927} WARNING - No viable dags retrieved from /opt/airflow/dags/bash_python.py
[2026-08-03T14:11:16.459+0000] {processor.py:208} INFO - Processing /opt/airflow/dags/bash_python.py took 0.057 seconds
[2026-08-03T14:11:46.644+0000] {processor.py:186} INFO - Started process (PID=265) to work on /opt/airflow/dags/bash_python.py
[2026-08-03T14:11:46.645+0000] {processor.py:914} INFO - Processing file /opt/airflow/dags/bash_python.py for tasks to queue
[2026-08-03T14:11:46.647+0000] {logging_mixin.py:190} INFO - [2026-08-03T14:11:46.647+0000] {dagbag.py:588} INFO - Filling up the DagBag from /opt/airflow/dags/bash_python.py
[2026-08-03T14:11:46.660+0000] {logging_mixin.py:190} INFO - [2026-08-03T14:11:46.657+0000] {dagbag.py:387} ERROR - Failed to import: /opt/airflow/dags/bash_python.py
Traceback (most recent call last):
  File "/home/airflow/.local/lib/python3.12/site-packages/airflow/models/dagbag.py", line 383, in parse
    loader.exec_module(new_module)
  File "<frozen importlib._bootstrap_external>", line 999, in exec_module
  File "<frozen importlib._bootstrap>", line 488, in _call_with_frames_removed
  File "/opt/airflow/dags/bash_python.py", line 4, in <module>
    from airflow.operator.bash import BashOperator
ModuleNotFoundError: No module named 'airflow.operator'
[2026-08-03T14:11:46.661+0000] {processor.py:927} WARNING - No viable dags retrieved from /opt/airflow/dags/bash_python.py
[2026-08-03T14:11:46.680+0000] {processor.py:208} INFO - Processing /opt/airflow/dags/bash_python.py took 0.040 seconds
[2026-08-03T14:12:16.838+0000] {processor.py:186} INFO - Started process (PID=270) to work on /opt/airflow/dags/bash_python.py
[2026-08-03T14:12:16.839+0000] {processor.py:914} INFO - Processing file /opt/airflow/dags/bash_python.py for tasks to queue
[2026-08-03T14:12:16.842+0000] {logging_mixin.py:190} INFO - [2026-08-03T14:12:16.842+0000] {dagbag.py:588} INFO - Filling up the DagBag from /opt/airflow/dags/bash_python.py
[2026-08-03T14:12:16.859+0000] {logging_mixin.py:190} INFO - [2026-08-03T14:12:16.855+0000] {dagbag.py:387} ERROR - Failed to import: /opt/airflow/dags/bash_python.py
Traceback (most recent call last):
  File "/home/airflow/.local/lib/python3.12/site-packages/airflow/models/dagbag.py", line 383, in parse
    loader.exec_module(new_module)
  File "<frozen importlib._bootstrap_external>", line 999, in exec_module
  File "<frozen importlib._bootstrap>", line 488, in _call_with_frames_removed
  File "/opt/airflow/dags/bash_python.py", line 4, in <module>
    from airflow.operator.bash import BashOperator
ModuleNotFoundError: No module named 'airflow.operator'
[2026-08-03T14:12:16.861+0000] {processor.py:927} WARNING - No viable dags retrieved from /opt/airflow/dags/bash_python.py
[2026-08-03T14:12:16.878+0000] {processor.py:208} INFO - Processing /opt/airflow/dags/bash_python.py took 0.044 seconds
[2026-08-03T14:12:47.078+0000] {processor.py:186} INFO - Started process (PID=275) to work on /opt/airflow/dags/bash_python.py
[2026-08-03T14:12:47.079+0000] {processor.py:914} INFO - Processing file /opt/airflow/dags/bash_python.py for tasks to queue
[2026-08-03T14:12:47.081+0000] {logging_mixin.py:190} INFO - [2026-08-03T14:12:47.081+0000] {dagbag.py:588} INFO - Filling up the DagBag from /opt/airflow/dags/bash_python.py
[2026-08-03T14:12:47.093+0000] {logging_mixin.py:190} INFO - [2026-08-03T14:12:47.090+0000] {dagbag.py:387} ERROR - Failed to import: /opt/airflow/dags/bash_python.py
Traceback (most recent call last):
  File "/home/airflow/.local/lib/python3.12/site-packages/airflow/models/dagbag.py", line 383, in parse
    loader.exec_module(new_module)
  File "<frozen importlib._bootstrap_external>", line 999, in exec_module
  File "<frozen importlib._bootstrap>", line 488, in _call_with_frames_removed
  File "/opt/airflow/dags/bash_python.py", line 4, in <module>
    from airflow.operator.bash import BashOperator
ModuleNotFoundError: No module named 'airflow.operator'
[2026-08-03T14:12:47.094+0000] {processor.py:927} WARNING - No viable dags retrieved from /opt/airflow/dags/bash_python.py
[2026-08-03T14:12:47.115+0000] {processor.py:208} INFO - Processing /opt/airflow/dags/bash_python.py took 0.041 seconds
[2026-08-03T14:13:17.169+0000] {processor.py:186} INFO - Started process (PID=280) to work on /opt/airflow/dags/bash_python.py
[2026-08-03T14:13:17.171+0000] {processor.py:914} INFO - Processing file /opt/airflow/dags/bash_python.py for tasks to queue
[2026-08-03T14:13:17.175+0000] {logging_mixin.py:190} INFO - [2026-08-03T14:13:17.175+0000] {dagbag.py:588} INFO - Filling up the DagBag from /opt/airflow/dags/bash_python.py
[2026-08-03T14:13:17.191+0000] {logging_mixin.py:190} INFO - [2026-08-03T14:13:17.187+0000] {dagbag.py:387} ERROR - Failed to import: /opt/airflow/dags/bash_python.py
Traceback (most recent call last):
  File "/home/airflow/.local/lib/python3.12/site-packages/airflow/models/dagbag.py", line 383, in parse
    loader.exec_module(new_module)
  File "<frozen importlib._bootstrap_external>", line 999, in exec_module
  File "<frozen importlib._bootstrap>", line 488, in _call_with_frames_removed
  File "/opt/airflow/dags/bash_python.py", line 4, in <module>
    from airflow.operator.bash import BashOperator
ModuleNotFoundError: No module named 'airflow.operator'
[2026-08-03T14:13:17.192+0000] {processor.py:927} WARNING - No viable dags retrieved from /opt/airflow/dags/bash_python.py
[2026-08-03T14:13:17.214+0000] {processor.py:208} INFO - Processing /opt/airflow/dags/bash_python.py took 0.051 seconds
[2026-08-03T14:13:47.584+0000] {processor.py:186} INFO - Started process (PID=285) to work on /opt/airflow/dags/bash_python.py
[2026-08-03T14:13:47.585+0000] {processor.py:914} INFO - Processing file /opt/airflow/dags/bash_python.py for tasks to queue
[2026-08-03T14:13:47.588+0000] {logging_mixin.py:190} INFO - [2026-08-03T14:13:47.588+0000] {dagbag.py:588} INFO - Filling up the DagBag from /opt/airflow/dags/bash_python.py
[2026-08-03T14:13:47.602+0000] {logging_mixin.py:190} INFO - [2026-08-03T14:13:47.599+0000] {dagbag.py:387} ERROR - Failed to import: /opt/airflow/dags/bash_python.py
Traceback (most recent call last):
  File "/home/airflow/.local/lib/python3.12/site-packages/airflow/models/dagbag.py", line 383, in parse
    loader.exec_module(new_module)
  File "<frozen importlib._bootstrap_external>", line 999, in exec_module
  File "<frozen importlib._bootstrap>", line 488, in _call_with_frames_removed
  File "/opt/airflow/dags/bash_python.py", line 4, in <module>
    from airflow.operator.bash import BashOperator
ModuleNotFoundError: No module named 'airflow.operator'
[2026-08-03T14:13:47.604+0000] {processor.py:927} WARNING - No viable dags retrieved from /opt/airflow/dags/bash_python.py
[2026-08-03T14:13:47.622+0000] {processor.py:208} INFO - Processing /opt/airflow/dags/bash_python.py took 0.045 seconds
[2026-08-03T14:18:01.218+0000] {processor.py:186} INFO - Started process (PID=290) to work on /opt/airflow/dags/bash_python.py
[2026-08-03T14:18:01.220+0000] {processor.py:914} INFO - Processing file /opt/airflow/dags/bash_python.py for tasks to queue
[2026-08-03T14:18:01.223+0000] {logging_mixin.py:190} INFO - [2026-08-03T14:18:01.222+0000] {dagbag.py:588} INFO - Filling up the DagBag from /opt/airflow/dags/bash_python.py
[2026-08-03T14:18:01.235+0000] {logging_mixin.py:190} INFO - [2026-08-03T14:18:01.232+0000] {dagbag.py:387} ERROR - Failed to import: /opt/airflow/dags/bash_python.py
Traceback (most recent call last):
  File "/home/airflow/.local/lib/python3.12/site-packages/airflow/models/dagbag.py", line 383, in parse
    loader.exec_module(new_module)
  File "<frozen importlib._bootstrap_external>", line 999, in exec_module
  File "<frozen importlib._bootstrap>", line 488, in _call_with_frames_removed
  File "/opt/airflow/dags/bash_python.py", line 4, in <module>
    from airflow.operator.bash import BashOperator
ModuleNotFoundError: No module named 'airflow.operator'
[2026-08-03T14:18:01.237+0000] {processor.py:927} WARNING - No viable dags retrieved from /opt/airflow/dags/bash_python.py
[2026-08-03T14:18:01.257+0000] {processor.py:208} INFO - Processing /opt/airflow/dags/bash_python.py took 0.044 seconds
[2026-08-03T14:18:51.532+0000] {processor.py:186} INFO - Started process (PID=295) to work on /opt/airflow/dags/bash_python.py
[2026-08-03T14:18:51.533+0000] {processor.py:914} INFO - Processing file /opt/airflow/dags/bash_python.py for tasks to queue
[2026-08-03T14:18:51.535+0000] {logging_mixin.py:190} INFO - [2026-08-03T14:18:51.535+0000] {dagbag.py:588} INFO - Filling up the DagBag from /opt/airflow/dags/bash_python.py
[2026-08-03T14:18:51.548+0000] {logging_mixin.py:190} INFO - [2026-08-03T14:18:51.545+0000] {dagbag.py:387} ERROR - Failed to import: /opt/airflow/dags/bash_python.py
Traceback (most recent call last):
  File "/home/airflow/.local/lib/python3.12/site-packages/airflow/models/dagbag.py", line 383, in parse
    loader.exec_module(new_module)
  File "<frozen importlib._bootstrap_external>", line 999, in exec_module
  File "<frozen importlib._bootstrap>", line 488, in _call_with_frames_removed
  File "/opt/airflow/dags/bash_python.py", line 4, in <module>
    from airflow.operator.bash import BashOperator
ModuleNotFoundError: No module named 'airflow.operator'
[2026-08-03T14:18:51.549+0000] {processor.py:927} WARNING - No viable dags retrieved from /opt/airflow/dags/bash_python.py
[2026-08-03T14:18:51.570+0000] {processor.py:208} INFO - Processing /opt/airflow/dags/bash_python.py took 0.043 seconds
[2026-08-03T14:19:21.754+0000] {processor.py:186} INFO - Started process (PID=300) to work on /opt/airflow/dags/bash_python.py
[2026-08-03T14:19:21.755+0000] {processor.py:914} INFO - Processing file /opt/airflow/dags/bash_python.py for tasks to queue
[2026-08-03T14:19:21.757+0000] {logging_mixin.py:190} INFO - [2026-08-03T14:19:21.757+0000] {dagbag.py:588} INFO - Filling up the DagBag from /opt/airflow/dags/bash_python.py
[2026-08-03T14:19:21.768+0000] {logging_mixin.py:190} INFO - [2026-08-03T14:19:21.766+0000] {dagbag.py:387} ERROR - Failed to import: /opt/airflow/dags/bash_python.py
Traceback (most recent call last):
  File "/home/airflow/.local/lib/python3.12/site-packages/airflow/models/dagbag.py", line 383, in parse
    loader.exec_module(new_module)
  File "<frozen importlib._bootstrap_external>", line 999, in exec_module
  File "<frozen importlib._bootstrap>", line 488, in _call_with_frames_removed
  File "/opt/airflow/dags/bash_python.py", line 4, in <module>
    from airflow.operator.bash import BashOperator
ModuleNotFoundError: No module named 'airflow.operator'
[2026-08-03T14:19:21.770+0000] {processor.py:927} WARNING - No viable dags retrieved from /opt/airflow/dags/bash_python.py
[2026-08-03T14:19:21.787+0000] {processor.py:208} INFO - Processing /opt/airflow/dags/bash_python.py took 0.037 seconds
[2026-08-03T14:19:51.978+0000] {processor.py:186} INFO - Started process (PID=305) to work on /opt/airflow/dags/bash_python.py
[2026-08-03T14:19:51.979+0000] {processor.py:914} INFO - Processing file /opt/airflow/dags/bash_python.py for tasks to queue
[2026-08-03T14:19:51.981+0000] {logging_mixin.py:190} INFO - [2026-08-03T14:19:51.981+0000] {dagbag.py:588} INFO - Filling up the DagBag from /opt/airflow/dags/bash_python.py
[2026-08-03T14:19:51.993+0000] {logging_mixin.py:190} INFO - [2026-08-03T14:19:51.990+0000] {dagbag.py:387} ERROR - Failed to import: /opt/airflow/dags/bash_python.py
Traceback (most recent call last):
  File "/home/airflow/.local/lib/python3.12/site-packages/airflow/models/dagbag.py", line 383, in parse
    loader.exec_module(new_module)
  File "<frozen importlib._bootstrap_external>", line 999, in exec_module
  File "<frozen importlib._bootstrap>", line 488, in _call_with_frames_removed
  File "/opt/airflow/dags/bash_python.py", line 4, in <module>
    from airflow.operator.bash import BashOperator
ModuleNotFoundError: No module named 'airflow.operator'
[2026-08-03T14:19:51.994+0000] {processor.py:927} WARNING - No viable dags retrieved from /opt/airflow/dags/bash_python.py
[2026-08-03T14:19:52.018+0000] {processor.py:208} INFO - Processing /opt/airflow/dags/bash_python.py took 0.046 seconds
[2026-08-03T14:20:22.179+0000] {processor.py:186} INFO - Started process (PID=310) to work on /opt/airflow/dags/bash_python.py
[2026-08-03T14:20:22.180+0000] {processor.py:914} INFO - Processing file /opt/airflow/dags/bash_python.py for tasks to queue
[2026-08-03T14:20:22.182+0000] {logging_mixin.py:190} INFO - [2026-08-03T14:20:22.182+0000] {dagbag.py:588} INFO - Filling up the DagBag from /opt/airflow/dags/bash_python.py
[2026-08-03T14:20:22.195+0000] {logging_mixin.py:190} INFO - [2026-08-03T14:20:22.192+0000] {dagbag.py:387} ERROR - Failed to import: /opt/airflow/dags/bash_python.py
Traceback (most recent call last):
  File "/home/airflow/.local/lib/python3.12/site-packages/airflow/models/dagbag.py", line 383, in parse
    loader.exec_module(new_module)
  File "<frozen importlib._bootstrap_external>", line 999, in exec_module
  File "<frozen importlib._bootstrap>", line 488, in _call_with_frames_removed
  File "/opt/airflow/dags/bash_python.py", line 4, in <module>
    from airflow.operator.bash import BashOperator
ModuleNotFoundError: No module named 'airflow.operator'
[2026-08-03T14:20:22.197+0000] {processor.py:927} WARNING - No viable dags retrieved from /opt/airflow/dags/bash_python.py
[2026-08-03T14:20:22.219+0000] {processor.py:208} INFO - Processing /opt/airflow/dags/bash_python.py took 0.045 seconds
[2026-08-03T14:20:52.413+0000] {processor.py:186} INFO - Started process (PID=315) to work on /opt/airflow/dags/bash_python.py
[2026-08-03T14:20:52.414+0000] {processor.py:914} INFO - Processing file /opt/airflow/dags/bash_python.py for tasks to queue
[2026-08-03T14:20:52.416+0000] {logging_mixin.py:190} INFO - [2026-08-03T14:20:52.416+0000] {dagbag.py:588} INFO - Filling up the DagBag from /opt/airflow/dags/bash_python.py
[2026-08-03T14:20:52.428+0000] {logging_mixin.py:190} INFO - [2026-08-03T14:20:52.425+0000] {dagbag.py:387} ERROR - Failed to import: /opt/airflow/dags/bash_python.py
Traceback (most recent call last):
  File "/home/airflow/.local/lib/python3.12/site-packages/airflow/models/dagbag.py", line 383, in parse
    loader.exec_module(new_module)
  File "<frozen importlib._bootstrap_external>", line 999, in exec_module
  File "<frozen importlib._bootstrap>", line 488, in _call_with_frames_removed
  File "/opt/airflow/dags/bash_python.py", line 4, in <module>
    from airflow.operator.bash import BashOperator
ModuleNotFoundError: No module named 'airflow.operator'
[2026-08-03T14:20:52.429+0000] {processor.py:927} WARNING - No viable dags retrieved from /opt/airflow/dags/bash_python.py
[2026-08-03T14:20:52.447+0000] {processor.py:208} INFO - Processing /opt/airflow/dags/bash_python.py took 0.038 seconds
[2026-08-03T14:21:22.618+0000] {processor.py:186} INFO - Started process (PID=320) to work on /opt/airflow/dags/bash_python.py
[2026-08-03T14:21:22.619+0000] {processor.py:914} INFO - Processing file /opt/airflow/dags/bash_python.py for tasks to queue
[2026-08-03T14:21:22.621+0000] {logging_mixin.py:190} INFO - [2026-08-03T14:21:22.621+0000] {dagbag.py:588} INFO - Filling up the DagBag from /opt/airflow/dags/bash_python.py
[2026-08-03T14:21:22.636+0000] {logging_mixin.py:190} INFO - [2026-08-03T14:21:22.631+0000] {dagbag.py:387} ERROR - Failed to import: /opt/airflow/dags/bash_python.py
Traceback (most recent call last):
  File "/home/airflow/.local/lib/python3.12/site-packages/airflow/models/dagbag.py", line 383, in parse
    loader.exec_module(new_module)
  File "<frozen importlib._bootstrap_external>", line 999, in exec_module
  File "<frozen importlib._bootstrap>", line 488, in _call_with_frames_removed
  File "/opt/airflow/dags/bash_python.py", line 4, in <module>
    from airflow.operator.bash import BashOperator
ModuleNotFoundError: No module named 'airflow.operator'
[2026-08-03T14:21:22.637+0000] {processor.py:927} WARNING - No viable dags retrieved from /opt/airflow/dags/bash_python.py
[2026-08-03T14:21:22.656+0000] {processor.py:208} INFO - Processing /opt/airflow/dags/bash_python.py took 0.043 seconds
[2026-08-03T14:21:52.843+0000] {processor.py:186} INFO - Started process (PID=325) to work on /opt/airflow/dags/bash_python.py
[2026-08-03T14:21:52.844+0000] {processor.py:914} INFO - Processing file /opt/airflow/dags/bash_python.py for tasks to queue
[2026-08-03T14:21:52.847+0000] {logging_mixin.py:190} INFO - [2026-08-03T14:21:52.847+0000] {dagbag.py:588} INFO - Filling up the DagBag from /opt/airflow/dags/bash_python.py
[2026-08-03T14:21:52.860+0000] {logging_mixin.py:190} INFO - [2026-08-03T14:21:52.857+0000] {dagbag.py:387} ERROR - Failed to import: /opt/airflow/dags/bash_python.py
Traceback (most recent call last):
  File "/home/airflow/.local/lib/python3.12/site-packages/airflow/models/dagbag.py", line 383, in parse
    loader.exec_module(new_module)
  File "<frozen importlib._bootstrap_external>", line 999, in exec_module
  File "<frozen importlib._bootstrap>", line 488, in _call_with_frames_removed
  File "/opt/airflow/dags/bash_python.py", line 4, in <module>
    from airflow.operator.bash import BashOperator
ModuleNotFoundError: No module named 'airflow.operator'
[2026-08-03T14:21:52.861+0000] {processor.py:927} WARNING - No viable dags retrieved from /opt/airflow/dags/bash_python.py
[2026-08-03T14:21:52.890+0000] {processor.py:208} INFO - Processing /opt/airflow/dags/bash_python.py took 0.053 seconds
[2026-08-03T14:22:23.056+0000] {processor.py:186} INFO - Started process (PID=330) to work on /opt/airflow/dags/bash_python.py
[2026-08-03T14:22:23.058+0000] {processor.py:914} INFO - Processing file /opt/airflow/dags/bash_python.py for tasks to queue
[2026-08-03T14:22:23.061+0000] {logging_mixin.py:190} INFO - [2026-08-03T14:22:23.061+0000] {dagbag.py:588} INFO - Filling up the DagBag from /opt/airflow/dags/bash_python.py
[2026-08-03T14:22:23.075+0000] {logging_mixin.py:190} INFO - [2026-08-03T14:22:23.072+0000] {dagbag.py:387} ERROR - Failed to import: /opt/airflow/dags/bash_python.py
Traceback (most recent call last):
  File "/home/airflow/.local/lib/python3.12/site-packages/airflow/models/dagbag.py", line 383, in parse
    loader.exec_module(new_module)
  File "<frozen importlib._bootstrap_external>", line 999, in exec_module
  File "<frozen importlib._bootstrap>", line 488, in _call_with_frames_removed
  File "/opt/airflow/dags/bash_python.py", line 4, in <module>
    from airflow.operator.bash import BashOperator
ModuleNotFoundError: No module named 'airflow.operator'
[2026-08-03T14:22:23.076+0000] {processor.py:927} WARNING - No viable dags retrieved from /opt/airflow/dags/bash_python.py
[2026-08-03T14:22:23.101+0000] {processor.py:208} INFO - Processing /opt/airflow/dags/bash_python.py took 0.050 seconds
[2026-08-03T14:22:53.271+0000] {processor.py:186} INFO - Started process (PID=335) to work on /opt/airflow/dags/bash_python.py
[2026-08-03T14:22:53.272+0000] {processor.py:914} INFO - Processing file /opt/airflow/dags/bash_python.py for tasks to queue
[2026-08-03T14:22:53.276+0000] {logging_mixin.py:190} INFO - [2026-08-03T14:22:53.276+0000] {dagbag.py:588} INFO - Filling up the DagBag from /opt/airflow/dags/bash_python.py
[2026-08-03T14:22:53.290+0000] {logging_mixin.py:190} INFO - [2026-08-03T14:22:53.287+0000] {dagbag.py:387} ERROR - Failed to import: /opt/airflow/dags/bash_python.py
Traceback (most recent call last):
  File "/home/airflow/.local/lib/python3.12/site-packages/airflow/models/dagbag.py", line 383, in parse
    loader.exec_module(new_module)
  File "<frozen importlib._bootstrap_external>", line 999, in exec_module
  File "<frozen importlib._bootstrap>", line 488, in _call_with_frames_removed
  File "/opt/airflow/dags/bash_python.py", line 4, in <module>
    from airflow.operator.bash import BashOperator
ModuleNotFoundError: No module named 'airflow.operator'
[2026-08-03T14:22:53.291+0000] {processor.py:927} WARNING - No viable dags retrieved from /opt/airflow/dags/bash_python.py
[2026-08-03T14:22:53.310+0000] {processor.py:208} INFO - Processing /opt/airflow/dags/bash_python.py took 0.046 seconds
[2026-08-03T14:23:23.510+0000] {processor.py:186} INFO - Started process (PID=340) to work on /opt/airflow/dags/bash_python.py
[2026-08-03T14:23:23.511+0000] {processor.py:914} INFO - Processing file /opt/airflow/dags/bash_python.py for tasks to queue
[2026-08-03T14:23:23.515+0000] {logging_mixin.py:190} INFO - [2026-08-03T14:23:23.514+0000] {dagbag.py:588} INFO - Filling up the DagBag from /opt/airflow/dags/bash_python.py
[2026-08-03T14:23:23.528+0000] {logging_mixin.py:190} INFO - [2026-08-03T14:23:23.525+0000] {dagbag.py:387} ERROR - Failed to import: /opt/airflow/dags/bash_python.py
Traceback (most recent call last):
  File "/home/airflow/.local/lib/python3.12/site-packages/airflow/models/dagbag.py", line 383, in parse
    loader.exec_module(new_module)
  File "<frozen importlib._bootstrap_external>", line 999, in exec_module
  File "<frozen importlib._bootstrap>", line 488, in _call_with_frames_removed
  File "/opt/airflow/dags/bash_python.py", line 4, in <module>
    from airflow.operator.bash import BashOperator
ModuleNotFoundError: No module named 'airflow.operator'
[2026-08-03T14:23:23.530+0000] {processor.py:927} WARNING - No viable dags retrieved from /opt/airflow/dags/bash_python.py
[2026-08-03T14:23:23.556+0000] {processor.py:208} INFO - Processing /opt/airflow/dags/bash_python.py took 0.052 seconds
[2026-08-03T14:23:53.711+0000] {processor.py:186} INFO - Started process (PID=345) to work on /opt/airflow/dags/bash_python.py
[2026-08-03T14:23:53.712+0000] {processor.py:914} INFO - Processing file /opt/airflow/dags/bash_python.py for tasks to queue
[2026-08-03T14:23:53.715+0000] {logging_mixin.py:190} INFO - [2026-08-03T14:23:53.715+0000] {dagbag.py:588} INFO - Filling up the DagBag from /opt/airflow/dags/bash_python.py
[2026-08-03T14:23:53.728+0000] {logging_mixin.py:190} INFO - [2026-08-03T14:23:53.725+0000] {dagbag.py:387} ERROR - Failed to import: /opt/airflow/dags/bash_python.py
Traceback (most recent call last):
  File "/home/airflow/.local/lib/python3.12/site-packages/airflow/models/dagbag.py", line 383, in parse
    loader.exec_module(new_module)
  File "<frozen importlib._bootstrap_external>", line 999, in exec_module
  File "<frozen importlib._bootstrap>", line 488, in _call_with_frames_removed
  File "/opt/airflow/dags/bash_python.py", line 4, in <module>
    from airflow.operator.bash import BashOperator
ModuleNotFoundError: No module named 'airflow.operator'
[2026-08-03T14:23:53.729+0000] {processor.py:927} WARNING - No viable dags retrieved from /opt/airflow/dags/bash_python.py
[2026-08-03T14:23:53.747+0000] {processor.py:208} INFO - Processing /opt/airflow/dags/bash_python.py took 0.041 seconds
[2026-08-03T14:24:23.938+0000] {processor.py:186} INFO - Started process (PID=350) to work on /opt/airflow/dags/bash_python.py
[2026-08-03T14:24:23.939+0000] {processor.py:914} INFO - Processing file /opt/airflow/dags/bash_python.py for tasks to queue
[2026-08-03T14:24:23.942+0000] {logging_mixin.py:190} INFO - [2026-08-03T14:24:23.941+0000] {dagbag.py:588} INFO - Filling up the DagBag from /opt/airflow/dags/bash_python.py
[2026-08-03T14:24:23.954+0000] {logging_mixin.py:190} INFO - [2026-08-03T14:24:23.952+0000] {dagbag.py:387} ERROR - Failed to import: /opt/airflow/dags/bash_python.py
Traceback (most recent call last):
  File "/home/airflow/.local/lib/python3.12/site-packages/airflow/models/dagbag.py", line 383, in parse
    loader.exec_module(new_module)
  File "<frozen importlib._bootstrap_external>", line 999, in exec_module
  File "<frozen importlib._bootstrap>", line 488, in _call_with_frames_removed
  File "/opt/airflow/dags/bash_python.py", line 4, in <module>
    from airflow.operator.bash import BashOperator
ModuleNotFoundError: No module named 'airflow.operator'
[2026-08-03T14:24:23.956+0000] {processor.py:927} WARNING - No viable dags retrieved from /opt/airflow/dags/bash_python.py
[2026-08-03T14:24:23.973+0000] {processor.py:208} INFO - Processing /opt/airflow/dags/bash_python.py took 0.039 seconds
[2026-08-03T14:24:54.138+0000] {processor.py:186} INFO - Started process (PID=355) to work on /opt/airflow/dags/bash_python.py
[2026-08-03T14:24:54.139+0000] {processor.py:914} INFO - Processing file /opt/airflow/dags/bash_python.py for tasks to queue
[2026-08-03T14:24:54.140+0000] {logging_mixin.py:190} INFO - [2026-08-03T14:24:54.140+0000] {dagbag.py:588} INFO - Filling up the DagBag from /opt/airflow/dags/bash_python.py
[2026-08-03T14:24:54.152+0000] {logging_mixin.py:190} INFO - [2026-08-03T14:24:54.150+0000] {dagbag.py:387} ERROR - Failed to import: /opt/airflow/dags/bash_python.py
Traceback (most recent call last):
  File "/home/airflow/.local/lib/python3.12/site-packages/airflow/models/dagbag.py", line 383, in parse
    loader.exec_module(new_module)
  File "<frozen importlib._bootstrap_external>", line 999, in exec_module
  File "<frozen importlib._bootstrap>", line 488, in _call_with_frames_removed
  File "/opt/airflow/dags/bash_python.py", line 4, in <module>
    from airflow.operator.bash import BashOperator
ModuleNotFoundError: No module named 'airflow.operator'
[2026-08-03T14:24:54.153+0000] {processor.py:927} WARNING - No viable dags retrieved from /opt/airflow/dags/bash_python.py
[2026-08-03T14:24:54.171+0000] {processor.py:208} INFO - Processing /opt/airflow/dags/bash_python.py took 0.037 seconds
[2026-08-03T14:25:24.349+0000] {processor.py:186} INFO - Started process (PID=360) to work on /opt/airflow/dags/bash_python.py
[2026-08-03T14:25:24.351+0000] {processor.py:914} INFO - Processing file /opt/airflow/dags/bash_python.py for tasks to queue
[2026-08-03T14:25:24.353+0000] {logging_mixin.py:190} INFO - [2026-08-03T14:25:24.353+0000] {dagbag.py:588} INFO - Filling up the DagBag from /opt/airflow/dags/bash_python.py
[2026-08-03T14:25:24.369+0000] {logging_mixin.py:190} INFO - [2026-08-03T14:25:24.366+0000] {dagbag.py:387} ERROR - Failed to import: /opt/airflow/dags/bash_python.py
Traceback (most recent call last):
  File "/home/airflow/.local/lib/python3.12/site-packages/airflow/models/dagbag.py", line 383, in parse
    loader.exec_module(new_module)
  File "<frozen importlib._bootstrap_external>", line 999, in exec_module
  File "<frozen importlib._bootstrap>", line 488, in _call_with_frames_removed
  File "/opt/airflow/dags/bash_python.py", line 4, in <module>
    from airflow.operator.bash import BashOperator
ModuleNotFoundError: No module named 'airflow.operator'
[2026-08-03T14:25:24.370+0000] {processor.py:927} WARNING - No viable dags retrieved from /opt/airflow/dags/bash_python.py
[2026-08-03T14:25:24.389+0000] {processor.py:208} INFO - Processing /opt/airflow/dags/bash_python.py took 0.044 seconds
[2026-08-03T14:25:54.549+0000] {processor.py:186} INFO - Started process (PID=365) to work on /opt/airflow/dags/bash_python.py
[2026-08-03T14:25:54.549+0000] {processor.py:914} INFO - Processing file /opt/airflow/dags/bash_python.py for tasks to queue
[2026-08-03T14:25:54.552+0000] {logging_mixin.py:190} INFO - [2026-08-03T14:25:54.551+0000] {dagbag.py:588} INFO - Filling up the DagBag from /opt/airflow/dags/bash_python.py
[2026-08-03T14:25:54.564+0000] {logging_mixin.py:190} INFO - [2026-08-03T14:25:54.561+0000] {dagbag.py:387} ERROR - Failed to import: /opt/airflow/dags/bash_python.py
Traceback (most recent call last):
  File "/home/airflow/.local/lib/python3.12/site-packages/airflow/models/dagbag.py", line 383, in parse
    loader.exec_module(new_module)
  File "<frozen importlib._bootstrap_external>", line 999, in exec_module
  File "<frozen importlib._bootstrap>", line 488, in _call_with_frames_removed
  File "/opt/airflow/dags/bash_python.py", line 4, in <module>
    from airflow.operator.bash import BashOperator
ModuleNotFoundError: No module named 'airflow.operator'
[2026-08-03T14:25:54.565+0000] {processor.py:927} WARNING - No viable dags retrieved from /opt/airflow/dags/bash_python.py
[2026-08-03T14:25:54.582+0000] {processor.py:208} INFO - Processing /opt/airflow/dags/bash_python.py took 0.038 seconds
[2026-08-03T14:26:24.756+0000] {processor.py:186} INFO - Started process (PID=370) to work on /opt/airflow/dags/bash_python.py
[2026-08-03T14:26:24.757+0000] {processor.py:914} INFO - Processing file /opt/airflow/dags/bash_python.py for tasks to queue
[2026-08-03T14:26:24.760+0000] {logging_mixin.py:190} INFO - [2026-08-03T14:26:24.760+0000] {dagbag.py:588} INFO - Filling up the DagBag from /opt/airflow/dags/bash_python.py
[2026-08-03T14:26:24.771+0000] {logging_mixin.py:190} INFO - [2026-08-03T14:26:24.769+0000] {dagbag.py:387} ERROR - Failed to import: /opt/airflow/dags/bash_python.py
Traceback (most recent call last):
  File "/home/airflow/.local/lib/python3.12/site-packages/airflow/models/dagbag.py", line 383, in parse
    loader.exec_module(new_module)
  File "<frozen importlib._bootstrap_external>", line 999, in exec_module
  File "<frozen importlib._bootstrap>", line 488, in _call_with_frames_removed
  File "/opt/airflow/dags/bash_python.py", line 4, in <module>
    from airflow.operator.bash import BashOperator
ModuleNotFoundError: No module named 'airflow.operator'
[2026-08-03T14:26:24.773+0000] {processor.py:927} WARNING - No viable dags retrieved from /opt/airflow/dags/bash_python.py
[2026-08-03T14:26:24.790+0000] {processor.py:208} INFO - Processing /opt/airflow/dags/bash_python.py took 0.039 seconds
[2026-08-03T14:26:54.971+0000] {processor.py:186} INFO - Started process (PID=375) to work on /opt/airflow/dags/bash_python.py
[2026-08-03T14:26:54.972+0000] {processor.py:914} INFO - Processing file /opt/airflow/dags/bash_python.py for tasks to queue
[2026-08-03T14:26:54.975+0000] {logging_mixin.py:190} INFO - [2026-08-03T14:26:54.975+0000] {dagbag.py:588} INFO - Filling up the DagBag from /opt/airflow/dags/bash_python.py
[2026-08-03T14:26:54.987+0000] {logging_mixin.py:190} INFO - [2026-08-03T14:26:54.984+0000] {dagbag.py:387} ERROR - Failed to import: /opt/airflow/dags/bash_python.py
Traceback (most recent call last):
  File "/home/airflow/.local/lib/python3.12/site-packages/airflow/models/dagbag.py", line 383, in parse
    loader.exec_module(new_module)
  File "<frozen importlib._bootstrap_external>", line 999, in exec_module
  File "<frozen importlib._bootstrap>", line 488, in _call_with_frames_removed
  File "/opt/airflow/dags/bash_python.py", line 4, in <module>
    from airflow.operator.bash import BashOperator
ModuleNotFoundError: No module named 'airflow.operator'
[2026-08-03T14:26:54.988+0000] {processor.py:927} WARNING - No viable dags retrieved from /opt/airflow/dags/bash_python.py
[2026-08-03T14:26:55.010+0000] {processor.py:208} INFO - Processing /opt/airflow/dags/bash_python.py took 0.042 seconds
[2026-08-03T14:27:25.174+0000] {processor.py:186} INFO - Started process (PID=380) to work on /opt/airflow/dags/bash_python.py
[2026-08-03T14:27:25.176+0000] {processor.py:914} INFO - Processing file /opt/airflow/dags/bash_python.py for tasks to queue
[2026-08-03T14:27:25.178+0000] {logging_mixin.py:190} INFO - [2026-08-03T14:27:25.178+0000] {dagbag.py:588} INFO - Filling up the DagBag from /opt/airflow/dags/bash_python.py
[2026-08-03T14:27:25.190+0000] {logging_mixin.py:190} INFO - [2026-08-03T14:27:25.187+0000] {dagbag.py:387} ERROR - Failed to import: /opt/airflow/dags/bash_python.py
Traceback (most recent call last):
  File "/home/airflow/.local/lib/python3.12/site-packages/airflow/models/dagbag.py", line 383, in parse
    loader.exec_module(new_module)
  File "<frozen importlib._bootstrap_external>", line 999, in exec_module
  File "<frozen importlib._bootstrap>", line 488, in _call_with_frames_removed
  File "/opt/airflow/dags/bash_python.py", line 4, in <module>
    from airflow.operator.bash import BashOperator
ModuleNotFoundError: No module named 'airflow.operator'
[2026-08-03T14:27:25.191+0000] {processor.py:927} WARNING - No viable dags retrieved from /opt/airflow/dags/bash_python.py
[2026-08-03T14:27:25.213+0000] {processor.py:208} INFO - Processing /opt/airflow/dags/bash_python.py took 0.045 seconds
[2026-08-03T14:27:55.392+0000] {processor.py:186} INFO - Started process (PID=385) to work on /opt/airflow/dags/bash_python.py
[2026-08-03T14:27:55.394+0000] {processor.py:914} INFO - Processing file /opt/airflow/dags/bash_python.py for tasks to queue
[2026-08-03T14:27:55.396+0000] {logging_mixin.py:190} INFO - [2026-08-03T14:27:55.396+0000] {dagbag.py:588} INFO - Filling up the DagBag from /opt/airflow/dags/bash_python.py
[2026-08-03T14:27:55.408+0000] {logging_mixin.py:190} INFO - [2026-08-03T14:27:55.405+0000] {dagbag.py:387} ERROR - Failed to import: /opt/airflow/dags/bash_python.py
Traceback (most recent call last):
  File "/home/airflow/.local/lib/python3.12/site-packages/airflow/models/dagbag.py", line 383, in parse
    loader.exec_module(new_module)
  File "<frozen importlib._bootstrap_external>", line 999, in exec_module
  File "<frozen importlib._bootstrap>", line 488, in _call_with_frames_removed
  File "/opt/airflow/dags/bash_python.py", line 4, in <module>
    from airflow.operator.bash import BashOperator
ModuleNotFoundError: No module named 'airflow.operator'
[2026-08-03T14:27:55.409+0000] {processor.py:927} WARNING - No viable dags retrieved from /opt/airflow/dags/bash_python.py
[2026-08-03T14:27:55.433+0000] {processor.py:208} INFO - Processing /opt/airflow/dags/bash_python.py took 0.045 seconds
[2026-08-03T14:28:25.616+0000] {processor.py:186} INFO - Started process (PID=390) to work on /opt/airflow/dags/bash_python.py
[2026-08-03T14:28:25.617+0000] {processor.py:914} INFO - Processing file /opt/airflow/dags/bash_python.py for tasks to queue
[2026-08-03T14:28:25.619+0000] {logging_mixin.py:190} INFO - [2026-08-03T14:28:25.618+0000] {dagbag.py:588} INFO - Filling up the DagBag from /opt/airflow/dags/bash_python.py
[2026-08-03T14:28:25.630+0000] {logging_mixin.py:190} INFO - [2026-08-03T14:28:25.628+0000] {dagbag.py:387} ERROR - Failed to import: /opt/airflow/dags/bash_python.py
Traceback (most recent call last):
  File "/home/airflow/.local/lib/python3.12/site-packages/airflow/models/dagbag.py", line 383, in parse
    loader.exec_module(new_module)
  File "<frozen importlib._bootstrap_external>", line 999, in exec_module
  File "<frozen importlib._bootstrap>", line 488, in _call_with_frames_removed
  File "/opt/airflow/dags/bash_python.py", line 4, in <module>
    from airflow.operator.bash import BashOperator
ModuleNotFoundError: No module named 'airflow.operator'
[2026-08-03T14:28:25.631+0000] {processor.py:927} WARNING - No viable dags retrieved from /opt/airflow/dags/bash_python.py
[2026-08-03T14:28:25.650+0000] {processor.py:208} INFO - Processing /opt/airflow/dags/bash_python.py took 0.038 seconds
[2026-08-03T14:28:55.818+0000] {processor.py:186} INFO - Started process (PID=395) to work on /opt/airflow/dags/bash_python.py
[2026-08-03T14:28:55.819+0000] {processor.py:914} INFO - Processing file /opt/airflow/dags/bash_python.py for tasks to queue
[2026-08-03T14:28:55.821+0000] {logging_mixin.py:190} INFO - [2026-08-03T14:28:55.821+0000] {dagbag.py:588} INFO - Filling up the DagBag from /opt/airflow/dags/bash_python.py
[2026-08-03T14:28:55.835+0000] {logging_mixin.py:190} INFO - [2026-08-03T14:28:55.832+0000] {dagbag.py:387} ERROR - Failed to import: /opt/airflow/dags/bash_python.py
Traceback (most recent call last):
  File "/home/airflow/.local/lib/python3.12/site-packages/airflow/models/dagbag.py", line 383, in parse
    loader.exec_module(new_module)
  File "<frozen importlib._bootstrap_external>", line 999, in exec_module
  File "<frozen importlib._bootstrap>", line 488, in _call_with_frames_removed
  File "/opt/airflow/dags/bash_python.py", line 4, in <module>
    from airflow.operator.bash import BashOperator
ModuleNotFoundError: No module named 'airflow.operator'
[2026-08-03T14:28:55.837+0000] {processor.py:927} WARNING - No viable dags retrieved from /opt/airflow/dags/bash_python.py
[2026-08-03T14:28:55.857+0000] {processor.py:208} INFO - Processing /opt/airflow/dags/bash_python.py took 0.043 seconds
[2026-08-03T14:30:08.028+0000] {processor.py:186} INFO - Started process (PID=400) to work on /opt/airflow/dags/bash_python.py
[2026-08-03T14:30:08.029+0000] {processor.py:914} INFO - Processing file /opt/airflow/dags/bash_python.py for tasks to queue
[2026-08-03T14:30:08.032+0000] {logging_mixin.py:190} INFO - [2026-08-03T14:30:08.032+0000] {dagbag.py:588} INFO - Filling up the DagBag from /opt/airflow/dags/bash_python.py
[2026-08-03T14:30:08.044+0000] {logging_mixin.py:190} INFO - [2026-08-03T14:30:08.041+0000] {dagbag.py:387} ERROR - Failed to import: /opt/airflow/dags/bash_python.py
Traceback (most recent call last):
  File "/home/airflow/.local/lib/python3.12/site-packages/airflow/models/dagbag.py", line 383, in parse
    loader.exec_module(new_module)
  File "<frozen importlib._bootstrap_external>", line 999, in exec_module
  File "<frozen importlib._bootstrap>", line 488, in _call_with_frames_removed
  File "/opt/airflow/dags/bash_python.py", line 4, in <module>
    from airflow.operator.bash import BashOperator
ModuleNotFoundError: No module named 'airflow.operator'
[2026-08-03T14:30:08.045+0000] {processor.py:927} WARNING - No viable dags retrieved from /opt/airflow/dags/bash_python.py
[2026-08-03T14:30:08.063+0000] {processor.py:208} INFO - Processing /opt/airflow/dags/bash_python.py took 0.041 seconds
[2026-08-03T14:45:43.660+0000] {processor.py:186} INFO - Started process (PID=405) to work on /opt/airflow/dags/bash_python.py
[2026-08-03T14:45:43.662+0000] {processor.py:914} INFO - Processing file /opt/airflow/dags/bash_python.py for tasks to queue
[2026-08-03T14:45:43.665+0000] {logging_mixin.py:190} INFO - [2026-08-03T14:45:43.665+0000] {dagbag.py:588} INFO - Filling up the DagBag from /opt/airflow/dags/bash_python.py
[2026-08-03T14:45:43.695+0000] {logging_mixin.py:190} INFO - [2026-08-03T14:45:43.688+0000] {dagbag.py:387} ERROR - Failed to import: /opt/airflow/dags/bash_python.py
Traceback (most recent call last):
  File "/home/airflow/.local/lib/python3.12/site-packages/airflow/models/dagbag.py", line 383, in parse
    loader.exec_module(new_module)
  File "<frozen importlib._bootstrap_external>", line 999, in exec_module
  File "<frozen importlib._bootstrap>", line 488, in _call_with_frames_removed
  File "/opt/airflow/dags/bash_python.py", line 4, in <module>
    from airflow.operator.bash import BashOperator
ModuleNotFoundError: No module named 'airflow.operator'
[2026-08-03T14:45:43.698+0000] {processor.py:927} WARNING - No viable dags retrieved from /opt/airflow/dags/bash_python.py
[2026-08-03T14:45:43.734+0000] {processor.py:208} INFO - Processing /opt/airflow/dags/bash_python.py took 0.082 seconds
[2026-08-03T14:49:41.128+0000] {processor.py:186} INFO - Started process (PID=410) to work on /opt/airflow/dags/bash_python.py
[2026-08-03T14:49:41.136+0000] {processor.py:914} INFO - Processing file /opt/airflow/dags/bash_python.py for tasks to queue
[2026-08-03T14:49:41.155+0000] {logging_mixin.py:190} INFO - [2026-08-03T14:49:41.154+0000] {dagbag.py:588} INFO - Filling up the DagBag from /opt/airflow/dags/bash_python.py
[2026-08-03T14:49:41.334+0000] {logging_mixin.py:190} INFO - [2026-08-03T14:49:41.307+0000] {dagbag.py:387} ERROR - Failed to import: /opt/airflow/dags/bash_python.py
Traceback (most recent call last):
  File "/home/airflow/.local/lib/python3.12/site-packages/airflow/models/dagbag.py", line 383, in parse
    loader.exec_module(new_module)
  File "<frozen importlib._bootstrap_external>", line 999, in exec_module
  File "<frozen importlib._bootstrap>", line 488, in _call_with_frames_removed
  File "/opt/airflow/dags/bash_python.py", line 4, in <module>
    from airflow.operator.bash import BashOperator
ModuleNotFoundError: No module named 'airflow.operator'
[2026-08-03T14:49:41.342+0000] {processor.py:927} WARNING - No viable dags retrieved from /opt/airflow/dags/bash_python.py
[2026-08-03T14:49:41.438+0000] {processor.py:208} INFO - Processing /opt/airflow/dags/bash_python.py took 0.336 seconds
