[2026-08-19T05:08:43.354+0000] {processor.py:186} INFO - Started process (PID=789) to work on /opt/airflow/dags/bash_python.py
[2026-08-19T05:08:43.358+0000] {processor.py:914} INFO - Processing file /opt/airflow/dags/bash_python.py for tasks to queue
[2026-08-19T07:45:08.047+0000] {logging_mixin.py:190} INFO - [2026-08-19T07:45:08.045+0000] {dagbag.py:588} INFO - Filling up the DagBag from /opt/airflow/dags/bash_python.py
[2026-08-19T07:45:08.144+0000] {processor.py:925} INFO - DAG(s) 'download_rocket_launches' retrieved from /opt/airflow/dags/bash_python.py
[2026-08-19T07:45:08.654+0000] {logging_mixin.py:190} INFO - [2026-08-19T07:45:08.653+0000] {dag.py:3239} INFO - Sync 1 DAGs
[2026-08-19T07:45:08.689+0000] {logging_mixin.py:190} INFO - [2026-08-19T07:45:08.689+0000] {dag.py:4180} INFO - Setting next_dagrun for download_rocket_launches to None, run_after=None
[2026-08-19T07:45:08.770+0000] {processor.py:208} INFO - Processing /opt/airflow/dags/bash_python.py took 0.801 seconds
[2026-08-19T07:45:39.038+0000] {processor.py:186} INFO - Started process (PID=814) to work on /opt/airflow/dags/bash_python.py
[2026-08-19T07:45:39.039+0000] {processor.py:914} INFO - Processing file /opt/airflow/dags/bash_python.py for tasks to queue
[2026-08-19T07:45:39.042+0000] {logging_mixin.py:190} INFO - [2026-08-19T07:45:39.042+0000] {dagbag.py:588} INFO - Filling up the DagBag from /opt/airflow/dags/bash_python.py
[2026-08-19T07:45:39.063+0000] {processor.py:925} INFO - DAG(s) 'download_rocket_launches' retrieved from /opt/airflow/dags/bash_python.py
[2026-08-19T07:45:39.097+0000] {logging_mixin.py:190} INFO - [2026-08-19T07:45:39.096+0000] {dag.py:3239} INFO - Sync 1 DAGs
[2026-08-19T07:45:39.112+0000] {logging_mixin.py:190} INFO - [2026-08-19T07:45:39.112+0000] {dag.py:4180} INFO - Setting next_dagrun for download_rocket_launches to None, run_after=None
[2026-08-19T07:45:39.132+0000] {processor.py:208} INFO - Processing /opt/airflow/dags/bash_python.py took 0.103 seconds
[2026-08-19T07:46:09.325+0000] {processor.py:186} INFO - Started process (PID=825) to work on /opt/airflow/dags/bash_python.py
[2026-08-19T07:46:09.327+0000] {processor.py:914} INFO - Processing file /opt/airflow/dags/bash_python.py for tasks to queue
[2026-08-19T07:46:09.329+0000] {logging_mixin.py:190} INFO - [2026-08-19T07:46:09.329+0000] {dagbag.py:588} INFO - Filling up the DagBag from /opt/airflow/dags/bash_python.py
[2026-08-19T07:46:09.345+0000] {processor.py:925} INFO - DAG(s) 'download_rocket_launches' retrieved from /opt/airflow/dags/bash_python.py
[2026-08-19T07:46:09.372+0000] {logging_mixin.py:190} INFO - [2026-08-19T07:46:09.372+0000] {dag.py:3239} INFO - Sync 1 DAGs
[2026-08-19T07:46:09.386+0000] {logging_mixin.py:190} INFO - [2026-08-19T07:46:09.386+0000] {dag.py:4180} INFO - Setting next_dagrun for download_rocket_launches to None, run_after=None
[2026-08-19T07:46:09.428+0000] {processor.py:208} INFO - Processing /opt/airflow/dags/bash_python.py took 0.108 seconds
[2026-08-19T07:46:39.763+0000] {processor.py:186} INFO - Started process (PID=851) to work on /opt/airflow/dags/bash_python.py
[2026-08-19T07:46:39.766+0000] {processor.py:914} INFO - Processing file /opt/airflow/dags/bash_python.py for tasks to queue
[2026-08-19T07:46:39.771+0000] {logging_mixin.py:190} INFO - [2026-08-19T07:46:39.771+0000] {dagbag.py:588} INFO - Filling up the DagBag from /opt/airflow/dags/bash_python.py
[2026-08-19T07:46:39.800+0000] {processor.py:925} INFO - DAG(s) 'download_rocket_launches' retrieved from /opt/airflow/dags/bash_python.py
[2026-08-19T07:46:39.849+0000] {logging_mixin.py:190} INFO - [2026-08-19T07:46:39.848+0000] {dag.py:3239} INFO - Sync 1 DAGs
[2026-08-19T07:46:39.877+0000] {logging_mixin.py:190} INFO - [2026-08-19T07:46:39.877+0000] {dag.py:4180} INFO - Setting next_dagrun for download_rocket_launches to None, run_after=None
[2026-08-19T07:46:39.934+0000] {processor.py:208} INFO - Processing /opt/airflow/dags/bash_python.py took 0.185 seconds
[2026-08-19T07:47:10.157+0000] {processor.py:186} INFO - Started process (PID=862) to work on /opt/airflow/dags/bash_python.py
[2026-08-19T07:47:10.159+0000] {processor.py:914} INFO - Processing file /opt/airflow/dags/bash_python.py for tasks to queue
[2026-08-19T07:47:10.163+0000] {logging_mixin.py:190} INFO - [2026-08-19T07:47:10.163+0000] {dagbag.py:588} INFO - Filling up the DagBag from /opt/airflow/dags/bash_python.py
[2026-08-19T07:47:10.187+0000] {processor.py:925} INFO - DAG(s) 'download_rocket_launches' retrieved from /opt/airflow/dags/bash_python.py
[2026-08-19T07:47:10.230+0000] {logging_mixin.py:190} INFO - [2026-08-19T07:47:10.229+0000] {dag.py:3239} INFO - Sync 1 DAGs
[2026-08-19T07:47:10.251+0000] {logging_mixin.py:190} INFO - [2026-08-19T07:47:10.251+0000] {dag.py:4180} INFO - Setting next_dagrun for download_rocket_launches to None, run_after=None
[2026-08-19T07:47:10.278+0000] {processor.py:208} INFO - Processing /opt/airflow/dags/bash_python.py took 0.128 seconds
[2026-08-19T07:47:40.587+0000] {processor.py:186} INFO - Started process (PID=877) to work on /opt/airflow/dags/bash_python.py
[2026-08-19T07:47:40.589+0000] {processor.py:914} INFO - Processing file /opt/airflow/dags/bash_python.py for tasks to queue
[2026-08-19T07:47:40.592+0000] {logging_mixin.py:190} INFO - [2026-08-19T07:47:40.592+0000] {dagbag.py:588} INFO - Filling up the DagBag from /opt/airflow/dags/bash_python.py
[2026-08-19T07:47:40.614+0000] {processor.py:925} INFO - DAG(s) 'download_rocket_launches' retrieved from /opt/airflow/dags/bash_python.py
[2026-08-19T07:47:40.655+0000] {logging_mixin.py:190} INFO - [2026-08-19T07:47:40.654+0000] {dag.py:3239} INFO - Sync 1 DAGs
[2026-08-19T07:47:40.684+0000] {logging_mixin.py:190} INFO - [2026-08-19T07:47:40.683+0000] {dag.py:4180} INFO - Setting next_dagrun for download_rocket_launches to None, run_after=None
[2026-08-19T07:47:40.734+0000] {processor.py:208} INFO - Processing /opt/airflow/dags/bash_python.py took 0.156 seconds
[2026-08-19T07:48:11.108+0000] {processor.py:186} INFO - Started process (PID=888) to work on /opt/airflow/dags/bash_python.py
[2026-08-19T07:48:11.111+0000] {processor.py:914} INFO - Processing file /opt/airflow/dags/bash_python.py for tasks to queue
[2026-08-19T07:48:11.116+0000] {logging_mixin.py:190} INFO - [2026-08-19T07:48:11.115+0000] {dagbag.py:588} INFO - Filling up the DagBag from /opt/airflow/dags/bash_python.py
[2026-08-19T07:48:11.150+0000] {processor.py:925} INFO - DAG(s) 'download_rocket_launches' retrieved from /opt/airflow/dags/bash_python.py
[2026-08-19T07:48:11.185+0000] {logging_mixin.py:190} INFO - [2026-08-19T07:48:11.185+0000] {dag.py:3239} INFO - Sync 1 DAGs
[2026-08-19T07:48:11.201+0000] {logging_mixin.py:190} INFO - [2026-08-19T07:48:11.201+0000] {dag.py:4180} INFO - Setting next_dagrun for download_rocket_launches to None, run_after=None
[2026-08-19T07:48:11.224+0000] {processor.py:208} INFO - Processing /opt/airflow/dags/bash_python.py took 0.126 seconds
[2026-08-19T07:48:41.518+0000] {processor.py:186} INFO - Started process (PID=903) to work on /opt/airflow/dags/bash_python.py
[2026-08-19T07:48:41.520+0000] {processor.py:914} INFO - Processing file /opt/airflow/dags/bash_python.py for tasks to queue
[2026-08-19T07:48:41.524+0000] {logging_mixin.py:190} INFO - [2026-08-19T07:48:41.524+0000] {dagbag.py:588} INFO - Filling up the DagBag from /opt/airflow/dags/bash_python.py
[2026-08-19T07:48:41.544+0000] {processor.py:925} INFO - DAG(s) 'download_rocket_launches' retrieved from /opt/airflow/dags/bash_python.py
[2026-08-19T07:48:41.576+0000] {logging_mixin.py:190} INFO - [2026-08-19T07:48:41.576+0000] {dag.py:3239} INFO - Sync 1 DAGs
[2026-08-19T07:48:41.594+0000] {logging_mixin.py:190} INFO - [2026-08-19T07:48:41.594+0000] {dag.py:4180} INFO - Setting next_dagrun for download_rocket_launches to None, run_after=None
[2026-08-19T07:48:41.614+0000] {processor.py:208} INFO - Processing /opt/airflow/dags/bash_python.py took 0.105 seconds
[2026-08-19T07:49:11.959+0000] {processor.py:186} INFO - Started process (PID=914) to work on /opt/airflow/dags/bash_python.py
[2026-08-19T07:49:11.963+0000] {processor.py:914} INFO - Processing file /opt/airflow/dags/bash_python.py for tasks to queue
[2026-08-19T07:49:11.968+0000] {logging_mixin.py:190} INFO - [2026-08-19T07:49:11.968+0000] {dagbag.py:588} INFO - Filling up the DagBag from /opt/airflow/dags/bash_python.py
[2026-08-19T07:49:11.999+0000] {processor.py:925} INFO - DAG(s) 'download_rocket_launches' retrieved from /opt/airflow/dags/bash_python.py
[2026-08-19T07:49:12.055+0000] {logging_mixin.py:190} INFO - [2026-08-19T07:49:12.055+0000] {dag.py:3239} INFO - Sync 1 DAGs
[2026-08-19T07:49:12.082+0000] {logging_mixin.py:190} INFO - [2026-08-19T07:49:12.082+0000] {dag.py:4180} INFO - Setting next_dagrun for download_rocket_launches to None, run_after=None
[2026-08-19T07:49:12.135+0000] {processor.py:208} INFO - Processing /opt/airflow/dags/bash_python.py took 0.185 seconds
[2026-08-19T07:49:42.470+0000] {processor.py:186} INFO - Started process (PID=925) to work on /opt/airflow/dags/bash_python.py
[2026-08-19T07:49:42.471+0000] {processor.py:914} INFO - Processing file /opt/airflow/dags/bash_python.py for tasks to queue
[2026-08-19T07:49:42.473+0000] {logging_mixin.py:190} INFO - [2026-08-19T07:49:42.473+0000] {dagbag.py:588} INFO - Filling up the DagBag from /opt/airflow/dags/bash_python.py
[2026-08-19T07:49:42.489+0000] {processor.py:925} INFO - DAG(s) 'download_rocket_launches' retrieved from /opt/airflow/dags/bash_python.py
[2026-08-19T07:49:42.523+0000] {logging_mixin.py:190} INFO - [2026-08-19T07:49:42.523+0000] {dag.py:3239} INFO - Sync 1 DAGs
[2026-08-19T07:49:42.539+0000] {logging_mixin.py:190} INFO - [2026-08-19T07:49:42.539+0000] {dag.py:4180} INFO - Setting next_dagrun for download_rocket_launches to None, run_after=None
[2026-08-19T07:49:42.570+0000] {processor.py:208} INFO - Processing /opt/airflow/dags/bash_python.py took 0.106 seconds
[2026-08-19T07:50:12.895+0000] {processor.py:186} INFO - Started process (PID=936) to work on /opt/airflow/dags/bash_python.py
[2026-08-19T07:50:12.896+0000] {processor.py:914} INFO - Processing file /opt/airflow/dags/bash_python.py for tasks to queue
[2026-08-19T07:50:12.899+0000] {logging_mixin.py:190} INFO - [2026-08-19T07:50:12.899+0000] {dagbag.py:588} INFO - Filling up the DagBag from /opt/airflow/dags/bash_python.py
[2026-08-19T07:50:12.922+0000] {processor.py:925} INFO - DAG(s) 'download_rocket_launches' retrieved from /opt/airflow/dags/bash_python.py
[2026-08-19T07:50:12.965+0000] {logging_mixin.py:190} INFO - [2026-08-19T07:50:12.965+0000] {dag.py:3239} INFO - Sync 1 DAGs
[2026-08-19T07:50:12.988+0000] {logging_mixin.py:190} INFO - [2026-08-19T07:50:12.987+0000] {dag.py:4180} INFO - Setting next_dagrun for download_rocket_launches to None, run_after=None
[2026-08-19T07:50:13.013+0000] {processor.py:208} INFO - Processing /opt/airflow/dags/bash_python.py took 0.126 seconds
[2026-08-19T07:50:43.333+0000] {processor.py:186} INFO - Started process (PID=947) to work on /opt/airflow/dags/bash_python.py
[2026-08-19T07:50:43.335+0000] {processor.py:914} INFO - Processing file /opt/airflow/dags/bash_python.py for tasks to queue
[2026-08-19T07:50:43.338+0000] {logging_mixin.py:190} INFO - [2026-08-19T07:50:43.337+0000] {dagbag.py:588} INFO - Filling up the DagBag from /opt/airflow/dags/bash_python.py
[2026-08-19T07:50:43.355+0000] {processor.py:925} INFO - DAG(s) 'download_rocket_launches' retrieved from /opt/airflow/dags/bash_python.py
[2026-08-19T07:50:43.382+0000] {logging_mixin.py:190} INFO - [2026-08-19T07:50:43.382+0000] {dag.py:3239} INFO - Sync 1 DAGs
[2026-08-19T07:50:43.419+0000] {logging_mixin.py:190} INFO - [2026-08-19T07:50:43.419+0000] {dag.py:4180} INFO - Setting next_dagrun for download_rocket_launches to None, run_after=None
[2026-08-19T07:50:43.436+0000] {processor.py:208} INFO - Processing /opt/airflow/dags/bash_python.py took 0.111 seconds
[2026-08-19T07:51:13.741+0000] {processor.py:186} INFO - Started process (PID=958) to work on /opt/airflow/dags/bash_python.py
[2026-08-19T07:51:13.743+0000] {processor.py:914} INFO - Processing file /opt/airflow/dags/bash_python.py for tasks to queue
[2026-08-19T07:51:13.747+0000] {logging_mixin.py:190} INFO - [2026-08-19T07:51:13.747+0000] {dagbag.py:588} INFO - Filling up the DagBag from /opt/airflow/dags/bash_python.py
[2026-08-19T07:51:13.770+0000] {processor.py:925} INFO - DAG(s) 'download_rocket_launches' retrieved from /opt/airflow/dags/bash_python.py
[2026-08-19T07:51:13.805+0000] {logging_mixin.py:190} INFO - [2026-08-19T07:51:13.805+0000] {dag.py:3239} INFO - Sync 1 DAGs
[2026-08-19T07:51:13.823+0000] {logging_mixin.py:190} INFO - [2026-08-19T07:51:13.823+0000] {dag.py:4180} INFO - Setting next_dagrun for download_rocket_launches to None, run_after=None
[2026-08-19T07:51:13.859+0000] {processor.py:208} INFO - Processing /opt/airflow/dags/bash_python.py took 0.127 seconds
[2026-08-19T07:51:44.183+0000] {processor.py:186} INFO - Started process (PID=969) to work on /opt/airflow/dags/bash_python.py
[2026-08-19T07:51:44.185+0000] {processor.py:914} INFO - Processing file /opt/airflow/dags/bash_python.py for tasks to queue
[2026-08-19T07:51:44.190+0000] {logging_mixin.py:190} INFO - [2026-08-19T07:51:44.189+0000] {dagbag.py:588} INFO - Filling up the DagBag from /opt/airflow/dags/bash_python.py
[2026-08-19T07:51:44.214+0000] {processor.py:925} INFO - DAG(s) 'download_rocket_launches' retrieved from /opt/airflow/dags/bash_python.py
[2026-08-19T07:51:44.257+0000] {logging_mixin.py:190} INFO - [2026-08-19T07:51:44.256+0000] {dag.py:3239} INFO - Sync 1 DAGs
[2026-08-19T07:51:44.279+0000] {logging_mixin.py:190} INFO - [2026-08-19T07:51:44.278+0000] {dag.py:4180} INFO - Setting next_dagrun for download_rocket_launches to None, run_after=None
[2026-08-19T07:51:44.308+0000] {processor.py:208} INFO - Processing /opt/airflow/dags/bash_python.py took 0.134 seconds
[2026-08-19T07:52:14.617+0000] {processor.py:186} INFO - Started process (PID=980) to work on /opt/airflow/dags/bash_python.py
[2026-08-19T07:52:14.618+0000] {processor.py:914} INFO - Processing file /opt/airflow/dags/bash_python.py for tasks to queue
[2026-08-19T07:52:14.622+0000] {logging_mixin.py:190} INFO - [2026-08-19T07:52:14.621+0000] {dagbag.py:588} INFO - Filling up the DagBag from /opt/airflow/dags/bash_python.py
[2026-08-19T07:52:14.640+0000] {processor.py:925} INFO - DAG(s) 'download_rocket_launches' retrieved from /opt/airflow/dags/bash_python.py
[2026-08-19T07:52:14.670+0000] {logging_mixin.py:190} INFO - [2026-08-19T07:52:14.669+0000] {dag.py:3239} INFO - Sync 1 DAGs
[2026-08-19T07:52:14.684+0000] {logging_mixin.py:190} INFO - [2026-08-19T07:52:14.684+0000] {dag.py:4180} INFO - Setting next_dagrun for download_rocket_launches to None, run_after=None
[2026-08-19T07:52:14.727+0000] {processor.py:208} INFO - Processing /opt/airflow/dags/bash_python.py took 0.120 seconds
[2026-08-19T07:52:44.802+0000] {processor.py:186} INFO - Started process (PID=991) to work on /opt/airflow/dags/bash_python.py
[2026-08-19T07:52:44.805+0000] {processor.py:914} INFO - Processing file /opt/airflow/dags/bash_python.py for tasks to queue
[2026-08-19T07:52:44.809+0000] {logging_mixin.py:190} INFO - [2026-08-19T07:52:44.808+0000] {dagbag.py:588} INFO - Filling up the DagBag from /opt/airflow/dags/bash_python.py
[2026-08-19T07:52:44.829+0000] {processor.py:925} INFO - DAG(s) 'download_rocket_launches' retrieved from /opt/airflow/dags/bash_python.py
[2026-08-19T07:52:44.877+0000] {logging_mixin.py:190} INFO - [2026-08-19T07:52:44.877+0000] {dag.py:3239} INFO - Sync 1 DAGs
[2026-08-19T07:52:44.898+0000] {logging_mixin.py:190} INFO - [2026-08-19T07:52:44.898+0000] {dag.py:4180} INFO - Setting next_dagrun for download_rocket_launches to None, run_after=None
[2026-08-19T07:52:44.934+0000] {processor.py:208} INFO - Processing /opt/airflow/dags/bash_python.py took 0.139 seconds
[2026-08-19T07:53:15.209+0000] {processor.py:186} INFO - Started process (PID=1002) to work on /opt/airflow/dags/bash_python.py
[2026-08-19T07:53:15.211+0000] {processor.py:914} INFO - Processing file /opt/airflow/dags/bash_python.py for tasks to queue
[2026-08-19T07:53:15.213+0000] {logging_mixin.py:190} INFO - [2026-08-19T07:53:15.213+0000] {dagbag.py:588} INFO - Filling up the DagBag from /opt/airflow/dags/bash_python.py
[2026-08-19T07:53:15.229+0000] {processor.py:925} INFO - DAG(s) 'download_rocket_launches' retrieved from /opt/airflow/dags/bash_python.py
[2026-08-19T07:53:15.254+0000] {logging_mixin.py:190} INFO - [2026-08-19T07:53:15.254+0000] {dag.py:3239} INFO - Sync 1 DAGs
[2026-08-19T07:53:15.270+0000] {logging_mixin.py:190} INFO - [2026-08-19T07:53:15.269+0000] {dag.py:4180} INFO - Setting next_dagrun for download_rocket_launches to None, run_after=None
[2026-08-19T07:53:15.313+0000] {processor.py:208} INFO - Processing /opt/airflow/dags/bash_python.py took 0.112 seconds
[2026-08-19T07:53:45.607+0000] {processor.py:186} INFO - Started process (PID=1013) to work on /opt/airflow/dags/bash_python.py
[2026-08-19T07:53:45.608+0000] {processor.py:914} INFO - Processing file /opt/airflow/dags/bash_python.py for tasks to queue
[2026-08-19T07:53:45.611+0000] {logging_mixin.py:190} INFO - [2026-08-19T07:53:45.610+0000] {dagbag.py:588} INFO - Filling up the DagBag from /opt/airflow/dags/bash_python.py
[2026-08-19T07:53:45.630+0000] {processor.py:925} INFO - DAG(s) 'download_rocket_launches' retrieved from /opt/airflow/dags/bash_python.py
[2026-08-19T07:53:45.659+0000] {logging_mixin.py:190} INFO - [2026-08-19T07:53:45.658+0000] {dag.py:3239} INFO - Sync 1 DAGs
[2026-08-19T07:53:45.679+0000] {logging_mixin.py:190} INFO - [2026-08-19T07:53:45.679+0000] {dag.py:4180} INFO - Setting next_dagrun for download_rocket_launches to None, run_after=None
[2026-08-19T07:53:45.706+0000] {processor.py:208} INFO - Processing /opt/airflow/dags/bash_python.py took 0.105 seconds
[2026-08-19T07:54:15.986+0000] {processor.py:186} INFO - Started process (PID=1024) to work on /opt/airflow/dags/bash_python.py
[2026-08-19T07:54:15.987+0000] {processor.py:914} INFO - Processing file /opt/airflow/dags/bash_python.py for tasks to queue
[2026-08-19T07:54:15.990+0000] {logging_mixin.py:190} INFO - [2026-08-19T07:54:15.990+0000] {dagbag.py:588} INFO - Filling up the DagBag from /opt/airflow/dags/bash_python.py
[2026-08-19T07:54:16.009+0000] {processor.py:925} INFO - DAG(s) 'download_rocket_launches' retrieved from /opt/airflow/dags/bash_python.py
[2026-08-19T07:54:16.041+0000] {logging_mixin.py:190} INFO - [2026-08-19T07:54:16.040+0000] {dag.py:3239} INFO - Sync 1 DAGs
[2026-08-19T07:54:16.063+0000] {logging_mixin.py:190} INFO - [2026-08-19T07:54:16.062+0000] {dag.py:4180} INFO - Setting next_dagrun for download_rocket_launches to None, run_after=None
[2026-08-19T07:54:16.120+0000] {processor.py:208} INFO - Processing /opt/airflow/dags/bash_python.py took 0.142 seconds
[2026-08-19T07:54:46.413+0000] {processor.py:186} INFO - Started process (PID=1035) to work on /opt/airflow/dags/bash_python.py
[2026-08-19T07:54:46.415+0000] {processor.py:914} INFO - Processing file /opt/airflow/dags/bash_python.py for tasks to queue
[2026-08-19T07:54:46.419+0000] {logging_mixin.py:190} INFO - [2026-08-19T07:54:46.418+0000] {dagbag.py:588} INFO - Filling up the DagBag from /opt/airflow/dags/bash_python.py
[2026-08-19T07:54:46.442+0000] {processor.py:925} INFO - DAG(s) 'download_rocket_launches' retrieved from /opt/airflow/dags/bash_python.py
[2026-08-19T07:54:46.486+0000] {logging_mixin.py:190} INFO - [2026-08-19T07:54:46.485+0000] {dag.py:3239} INFO - Sync 1 DAGs
[2026-08-19T07:54:46.505+0000] {logging_mixin.py:190} INFO - [2026-08-19T07:54:46.505+0000] {dag.py:4180} INFO - Setting next_dagrun for download_rocket_launches to None, run_after=None
[2026-08-19T07:54:46.531+0000] {processor.py:208} INFO - Processing /opt/airflow/dags/bash_python.py took 0.126 seconds
[2026-08-19T07:55:16.853+0000] {processor.py:186} INFO - Started process (PID=1052) to work on /opt/airflow/dags/bash_python.py
[2026-08-19T07:55:16.855+0000] {processor.py:914} INFO - Processing file /opt/airflow/dags/bash_python.py for tasks to queue
[2026-08-19T07:55:16.858+0000] {logging_mixin.py:190} INFO - [2026-08-19T07:55:16.858+0000] {dagbag.py:588} INFO - Filling up the DagBag from /opt/airflow/dags/bash_python.py
[2026-08-19T07:55:16.888+0000] {processor.py:925} INFO - DAG(s) 'download_rocket_launches' retrieved from /opt/airflow/dags/bash_python.py
[2026-08-19T07:55:16.931+0000] {logging_mixin.py:190} INFO - [2026-08-19T07:55:16.931+0000] {dag.py:3239} INFO - Sync 1 DAGs
[2026-08-19T07:55:16.952+0000] {logging_mixin.py:190} INFO - [2026-08-19T07:55:16.951+0000] {dag.py:4180} INFO - Setting next_dagrun for download_rocket_launches to None, run_after=None
[2026-08-19T07:55:16.979+0000] {processor.py:208} INFO - Processing /opt/airflow/dags/bash_python.py took 0.133 seconds
[2026-08-19T07:55:47.296+0000] {processor.py:186} INFO - Started process (PID=1078) to work on /opt/airflow/dags/bash_python.py
[2026-08-19T07:55:47.298+0000] {processor.py:914} INFO - Processing file /opt/airflow/dags/bash_python.py for tasks to queue
[2026-08-19T07:55:47.302+0000] {logging_mixin.py:190} INFO - [2026-08-19T07:55:47.302+0000] {dagbag.py:588} INFO - Filling up the DagBag from /opt/airflow/dags/bash_python.py
[2026-08-19T07:55:47.326+0000] {processor.py:925} INFO - DAG(s) 'download_rocket_launches' retrieved from /opt/airflow/dags/bash_python.py
[2026-08-19T07:55:47.369+0000] {logging_mixin.py:190} INFO - [2026-08-19T07:55:47.369+0000] {dag.py:3239} INFO - Sync 1 DAGs
[2026-08-19T07:55:47.390+0000] {logging_mixin.py:190} INFO - [2026-08-19T07:55:47.389+0000] {dag.py:4180} INFO - Setting next_dagrun for download_rocket_launches to None, run_after=None
[2026-08-19T07:55:47.436+0000] {processor.py:208} INFO - Processing /opt/airflow/dags/bash_python.py took 0.147 seconds
[2026-08-19T07:56:17.726+0000] {processor.py:186} INFO - Started process (PID=1089) to work on /opt/airflow/dags/bash_python.py
[2026-08-19T07:56:17.727+0000] {processor.py:914} INFO - Processing file /opt/airflow/dags/bash_python.py for tasks to queue
[2026-08-19T07:56:17.731+0000] {logging_mixin.py:190} INFO - [2026-08-19T07:56:17.730+0000] {dagbag.py:588} INFO - Filling up the DagBag from /opt/airflow/dags/bash_python.py
[2026-08-19T07:56:17.748+0000] {processor.py:925} INFO - DAG(s) 'download_rocket_launches' retrieved from /opt/airflow/dags/bash_python.py
[2026-08-19T07:56:17.775+0000] {logging_mixin.py:190} INFO - [2026-08-19T07:56:17.775+0000] {dag.py:3239} INFO - Sync 1 DAGs
[2026-08-19T07:56:17.792+0000] {logging_mixin.py:190} INFO - [2026-08-19T07:56:17.792+0000] {dag.py:4180} INFO - Setting next_dagrun for download_rocket_launches to None, run_after=None
[2026-08-19T07:56:17.843+0000] {processor.py:208} INFO - Processing /opt/airflow/dags/bash_python.py took 0.124 seconds
[2026-08-19T07:56:48.125+0000] {processor.py:186} INFO - Started process (PID=1104) to work on /opt/airflow/dags/bash_python.py
[2026-08-19T07:56:48.127+0000] {processor.py:914} INFO - Processing file /opt/airflow/dags/bash_python.py for tasks to queue
[2026-08-19T07:56:48.132+0000] {logging_mixin.py:190} INFO - [2026-08-19T07:56:48.131+0000] {dagbag.py:588} INFO - Filling up the DagBag from /opt/airflow/dags/bash_python.py
[2026-08-19T07:56:48.171+0000] {processor.py:925} INFO - DAG(s) 'download_rocket_launches' retrieved from /opt/airflow/dags/bash_python.py
[2026-08-19T07:56:48.213+0000] {logging_mixin.py:190} INFO - [2026-08-19T07:56:48.212+0000] {dag.py:3239} INFO - Sync 1 DAGs
[2026-08-19T07:56:48.229+0000] {logging_mixin.py:190} INFO - [2026-08-19T07:56:48.228+0000] {dag.py:4180} INFO - Setting next_dagrun for download_rocket_launches to None, run_after=None
[2026-08-19T07:56:48.252+0000] {processor.py:208} INFO - Processing /opt/airflow/dags/bash_python.py took 0.134 seconds
[2026-08-19T07:57:18.401+0000] {processor.py:186} INFO - Started process (PID=1112) to work on /opt/airflow/dags/bash_python.py
[2026-08-19T07:57:18.403+0000] {processor.py:914} INFO - Processing file /opt/airflow/dags/bash_python.py for tasks to queue
[2026-08-19T07:57:18.405+0000] {logging_mixin.py:190} INFO - [2026-08-19T07:57:18.405+0000] {dagbag.py:588} INFO - Filling up the DagBag from /opt/airflow/dags/bash_python.py
[2026-08-19T07:57:18.426+0000] {processor.py:925} INFO - DAG(s) 'download_rocket_launches' retrieved from /opt/airflow/dags/bash_python.py
[2026-08-19T07:57:18.461+0000] {logging_mixin.py:190} INFO - [2026-08-19T07:57:18.461+0000] {dag.py:3239} INFO - Sync 1 DAGs
[2026-08-19T07:57:18.483+0000] {logging_mixin.py:190} INFO - [2026-08-19T07:57:18.483+0000] {dag.py:4180} INFO - Setting next_dagrun for download_rocket_launches to None, run_after=None
[2026-08-19T07:57:18.505+0000] {processor.py:208} INFO - Processing /opt/airflow/dags/bash_python.py took 0.113 seconds
[2026-08-19T07:57:48.810+0000] {processor.py:186} INFO - Started process (PID=1124) to work on /opt/airflow/dags/bash_python.py
[2026-08-19T07:57:48.811+0000] {processor.py:914} INFO - Processing file /opt/airflow/dags/bash_python.py for tasks to queue
[2026-08-19T07:57:48.814+0000] {logging_mixin.py:190} INFO - [2026-08-19T07:57:48.813+0000] {dagbag.py:588} INFO - Filling up the DagBag from /opt/airflow/dags/bash_python.py
[2026-08-19T07:57:48.832+0000] {processor.py:925} INFO - DAG(s) 'download_rocket_launches' retrieved from /opt/airflow/dags/bash_python.py
[2026-08-19T07:57:48.860+0000] {logging_mixin.py:190} INFO - [2026-08-19T07:57:48.860+0000] {dag.py:3239} INFO - Sync 1 DAGs
[2026-08-19T07:57:48.872+0000] {logging_mixin.py:190} INFO - [2026-08-19T07:57:48.872+0000] {dag.py:4180} INFO - Setting next_dagrun for download_rocket_launches to None, run_after=None
[2026-08-19T07:57:48.889+0000] {processor.py:208} INFO - Processing /opt/airflow/dags/bash_python.py took 0.084 seconds
[2026-08-19T07:58:19.198+0000] {processor.py:186} INFO - Started process (PID=1135) to work on /opt/airflow/dags/bash_python.py
[2026-08-19T07:58:19.199+0000] {processor.py:914} INFO - Processing file /opt/airflow/dags/bash_python.py for tasks to queue
[2026-08-19T07:58:19.203+0000] {logging_mixin.py:190} INFO - [2026-08-19T07:58:19.202+0000] {dagbag.py:588} INFO - Filling up the DagBag from /opt/airflow/dags/bash_python.py
[2026-08-19T07:58:19.224+0000] {processor.py:925} INFO - DAG(s) 'download_rocket_launches' retrieved from /opt/airflow/dags/bash_python.py
[2026-08-19T07:58:19.261+0000] {logging_mixin.py:190} INFO - [2026-08-19T07:58:19.260+0000] {dag.py:3239} INFO - Sync 1 DAGs
[2026-08-19T07:58:19.277+0000] {logging_mixin.py:190} INFO - [2026-08-19T07:58:19.277+0000] {dag.py:4180} INFO - Setting next_dagrun for download_rocket_launches to None, run_after=None
[2026-08-19T07:58:19.304+0000] {processor.py:208} INFO - Processing /opt/airflow/dags/bash_python.py took 0.113 seconds
[2026-08-19T07:58:49.627+0000] {processor.py:186} INFO - Started process (PID=1146) to work on /opt/airflow/dags/bash_python.py
[2026-08-19T07:58:49.629+0000] {processor.py:914} INFO - Processing file /opt/airflow/dags/bash_python.py for tasks to queue
[2026-08-19T07:58:49.633+0000] {logging_mixin.py:190} INFO - [2026-08-19T07:58:49.633+0000] {dagbag.py:588} INFO - Filling up the DagBag from /opt/airflow/dags/bash_python.py
[2026-08-19T07:58:49.654+0000] {processor.py:925} INFO - DAG(s) 'download_rocket_launches' retrieved from /opt/airflow/dags/bash_python.py
[2026-08-19T07:58:49.688+0000] {logging_mixin.py:190} INFO - [2026-08-19T07:58:49.688+0000] {dag.py:3239} INFO - Sync 1 DAGs
[2026-08-19T07:58:49.701+0000] {logging_mixin.py:190} INFO - [2026-08-19T07:58:49.701+0000] {dag.py:4180} INFO - Setting next_dagrun for download_rocket_launches to None, run_after=None
[2026-08-19T07:58:49.746+0000] {processor.py:208} INFO - Processing /opt/airflow/dags/bash_python.py took 0.127 seconds
[2026-08-19T07:59:20.061+0000] {processor.py:186} INFO - Started process (PID=1157) to work on /opt/airflow/dags/bash_python.py
[2026-08-19T07:59:20.063+0000] {processor.py:914} INFO - Processing file /opt/airflow/dags/bash_python.py for tasks to queue
[2026-08-19T07:59:20.065+0000] {logging_mixin.py:190} INFO - [2026-08-19T07:59:20.065+0000] {dagbag.py:588} INFO - Filling up the DagBag from /opt/airflow/dags/bash_python.py
[2026-08-19T07:59:20.081+0000] {processor.py:925} INFO - DAG(s) 'download_rocket_launches' retrieved from /opt/airflow/dags/bash_python.py
[2026-08-19T07:59:20.105+0000] {logging_mixin.py:190} INFO - [2026-08-19T07:59:20.105+0000] {dag.py:3239} INFO - Sync 1 DAGs
[2026-08-19T07:59:20.117+0000] {logging_mixin.py:190} INFO - [2026-08-19T07:59:20.117+0000] {dag.py:4180} INFO - Setting next_dagrun for download_rocket_launches to None, run_after=None
[2026-08-19T07:59:20.133+0000] {processor.py:208} INFO - Processing /opt/airflow/dags/bash_python.py took 0.078 seconds
[2026-08-19T07:59:50.457+0000] {processor.py:186} INFO - Started process (PID=1168) to work on /opt/airflow/dags/bash_python.py
[2026-08-19T07:59:50.459+0000] {processor.py:914} INFO - Processing file /opt/airflow/dags/bash_python.py for tasks to queue
[2026-08-19T07:59:50.462+0000] {logging_mixin.py:190} INFO - [2026-08-19T07:59:50.462+0000] {dagbag.py:588} INFO - Filling up the DagBag from /opt/airflow/dags/bash_python.py
[2026-08-19T07:59:50.487+0000] {processor.py:925} INFO - DAG(s) 'download_rocket_launches' retrieved from /opt/airflow/dags/bash_python.py
[2026-08-19T07:59:50.535+0000] {logging_mixin.py:190} INFO - [2026-08-19T07:59:50.535+0000] {dag.py:3239} INFO - Sync 1 DAGs
[2026-08-19T07:59:50.555+0000] {logging_mixin.py:190} INFO - [2026-08-19T07:59:50.555+0000] {dag.py:4180} INFO - Setting next_dagrun for download_rocket_launches to None, run_after=None
[2026-08-19T07:59:50.601+0000] {processor.py:208} INFO - Processing /opt/airflow/dags/bash_python.py took 0.152 seconds
[2026-08-19T08:00:20.922+0000] {processor.py:186} INFO - Started process (PID=1179) to work on /opt/airflow/dags/bash_python.py
[2026-08-19T08:00:20.923+0000] {processor.py:914} INFO - Processing file /opt/airflow/dags/bash_python.py for tasks to queue
[2026-08-19T08:00:20.927+0000] {logging_mixin.py:190} INFO - [2026-08-19T08:00:20.927+0000] {dagbag.py:588} INFO - Filling up the DagBag from /opt/airflow/dags/bash_python.py
[2026-08-19T08:00:20.946+0000] {processor.py:925} INFO - DAG(s) 'download_rocket_launches' retrieved from /opt/airflow/dags/bash_python.py
[2026-08-19T08:00:20.975+0000] {logging_mixin.py:190} INFO - [2026-08-19T08:00:20.975+0000] {dag.py:3239} INFO - Sync 1 DAGs
[2026-08-19T08:00:20.987+0000] {logging_mixin.py:190} INFO - [2026-08-19T08:00:20.987+0000] {dag.py:4180} INFO - Setting next_dagrun for download_rocket_launches to None, run_after=None
[2026-08-19T08:00:21.026+0000] {processor.py:208} INFO - Processing /opt/airflow/dags/bash_python.py took 0.111 seconds
[2026-08-19T08:00:51.307+0000] {processor.py:186} INFO - Started process (PID=1190) to work on /opt/airflow/dags/bash_python.py
[2026-08-19T08:00:51.309+0000] {processor.py:914} INFO - Processing file /opt/airflow/dags/bash_python.py for tasks to queue
[2026-08-19T08:00:51.313+0000] {logging_mixin.py:190} INFO - [2026-08-19T08:00:51.313+0000] {dagbag.py:588} INFO - Filling up the DagBag from /opt/airflow/dags/bash_python.py
[2026-08-19T08:00:51.334+0000] {processor.py:925} INFO - DAG(s) 'download_rocket_launches' retrieved from /opt/airflow/dags/bash_python.py
[2026-08-19T08:00:51.377+0000] {logging_mixin.py:190} INFO - [2026-08-19T08:00:51.377+0000] {dag.py:3239} INFO - Sync 1 DAGs
[2026-08-19T08:00:51.396+0000] {logging_mixin.py:190} INFO - [2026-08-19T08:00:51.395+0000] {dag.py:4180} INFO - Setting next_dagrun for download_rocket_launches to None, run_after=None
[2026-08-19T08:00:51.442+0000] {processor.py:208} INFO - Processing /opt/airflow/dags/bash_python.py took 0.142 seconds
[2026-08-19T08:01:21.778+0000] {processor.py:186} INFO - Started process (PID=1201) to work on /opt/airflow/dags/bash_python.py
[2026-08-19T08:01:21.779+0000] {processor.py:914} INFO - Processing file /opt/airflow/dags/bash_python.py for tasks to queue
[2026-08-19T08:01:21.782+0000] {logging_mixin.py:190} INFO - [2026-08-19T08:01:21.781+0000] {dagbag.py:588} INFO - Filling up the DagBag from /opt/airflow/dags/bash_python.py
[2026-08-19T08:01:21.799+0000] {processor.py:925} INFO - DAG(s) 'download_rocket_launches' retrieved from /opt/airflow/dags/bash_python.py
[2026-08-19T08:01:21.836+0000] {logging_mixin.py:190} INFO - [2026-08-19T08:01:21.836+0000] {dag.py:3239} INFO - Sync 1 DAGs
[2026-08-19T08:01:21.855+0000] {logging_mixin.py:190} INFO - [2026-08-19T08:01:21.855+0000] {dag.py:4180} INFO - Setting next_dagrun for download_rocket_launches to None, run_after=None
[2026-08-19T08:01:21.882+0000] {processor.py:208} INFO - Processing /opt/airflow/dags/bash_python.py took 0.109 seconds
[2026-08-19T08:01:52.182+0000] {processor.py:186} INFO - Started process (PID=1212) to work on /opt/airflow/dags/bash_python.py
[2026-08-19T08:01:52.184+0000] {processor.py:914} INFO - Processing file /opt/airflow/dags/bash_python.py for tasks to queue
[2026-08-19T08:01:52.188+0000] {logging_mixin.py:190} INFO - [2026-08-19T08:01:52.188+0000] {dagbag.py:588} INFO - Filling up the DagBag from /opt/airflow/dags/bash_python.py
[2026-08-19T08:01:52.209+0000] {processor.py:925} INFO - DAG(s) 'download_rocket_launches' retrieved from /opt/airflow/dags/bash_python.py
[2026-08-19T08:01:52.249+0000] {logging_mixin.py:190} INFO - [2026-08-19T08:01:52.249+0000] {dag.py:3239} INFO - Sync 1 DAGs
[2026-08-19T08:01:52.266+0000] {logging_mixin.py:190} INFO - [2026-08-19T08:01:52.266+0000] {dag.py:4180} INFO - Setting next_dagrun for download_rocket_launches to None, run_after=None
[2026-08-19T08:01:52.318+0000] {processor.py:208} INFO - Processing /opt/airflow/dags/bash_python.py took 0.144 seconds
[2026-08-19T08:02:22.719+0000] {processor.py:186} INFO - Started process (PID=1229) to work on /opt/airflow/dags/bash_python.py
[2026-08-19T08:02:22.721+0000] {processor.py:914} INFO - Processing file /opt/airflow/dags/bash_python.py for tasks to queue
[2026-08-19T08:02:22.726+0000] {logging_mixin.py:190} INFO - [2026-08-19T08:02:22.726+0000] {dagbag.py:588} INFO - Filling up the DagBag from /opt/airflow/dags/bash_python.py
[2026-08-19T08:02:22.746+0000] {processor.py:925} INFO - DAG(s) 'download_rocket_launches' retrieved from /opt/airflow/dags/bash_python.py
[2026-08-19T08:02:22.787+0000] {logging_mixin.py:190} INFO - [2026-08-19T08:02:22.787+0000] {dag.py:3239} INFO - Sync 1 DAGs
[2026-08-19T08:02:22.808+0000] {logging_mixin.py:190} INFO - [2026-08-19T08:02:22.807+0000] {dag.py:4180} INFO - Setting next_dagrun for download_rocket_launches to None, run_after=None
[2026-08-19T08:02:22.839+0000] {processor.py:208} INFO - Processing /opt/airflow/dags/bash_python.py took 0.129 seconds
[2026-08-19T08:02:53.173+0000] {processor.py:186} INFO - Started process (PID=1255) to work on /opt/airflow/dags/bash_python.py
[2026-08-19T08:02:53.174+0000] {processor.py:914} INFO - Processing file /opt/airflow/dags/bash_python.py for tasks to queue
[2026-08-19T08:02:53.179+0000] {logging_mixin.py:190} INFO - [2026-08-19T08:02:53.178+0000] {dagbag.py:588} INFO - Filling up the DagBag from /opt/airflow/dags/bash_python.py
[2026-08-19T08:02:53.210+0000] {processor.py:925} INFO - DAG(s) 'download_rocket_launches' retrieved from /opt/airflow/dags/bash_python.py
[2026-08-19T08:02:53.260+0000] {logging_mixin.py:190} INFO - [2026-08-19T08:02:53.259+0000] {dag.py:3239} INFO - Sync 1 DAGs
[2026-08-19T08:02:53.277+0000] {logging_mixin.py:190} INFO - [2026-08-19T08:02:53.276+0000] {dag.py:4180} INFO - Setting next_dagrun for download_rocket_launches to None, run_after=None
[2026-08-19T08:02:53.306+0000] {processor.py:208} INFO - Processing /opt/airflow/dags/bash_python.py took 0.143 seconds
[2026-08-19T08:03:23.617+0000] {processor.py:186} INFO - Started process (PID=1266) to work on /opt/airflow/dags/bash_python.py
[2026-08-19T08:03:23.618+0000] {processor.py:914} INFO - Processing file /opt/airflow/dags/bash_python.py for tasks to queue
[2026-08-19T08:03:23.620+0000] {logging_mixin.py:190} INFO - [2026-08-19T08:03:23.620+0000] {dagbag.py:588} INFO - Filling up the DagBag from /opt/airflow/dags/bash_python.py
[2026-08-19T08:03:23.637+0000] {processor.py:925} INFO - DAG(s) 'download_rocket_launches' retrieved from /opt/airflow/dags/bash_python.py
[2026-08-19T08:03:23.666+0000] {logging_mixin.py:190} INFO - [2026-08-19T08:03:23.666+0000] {dag.py:3239} INFO - Sync 1 DAGs
[2026-08-19T08:03:23.679+0000] {logging_mixin.py:190} INFO - [2026-08-19T08:03:23.679+0000] {dag.py:4180} INFO - Setting next_dagrun for download_rocket_launches to None, run_after=None
[2026-08-19T08:03:23.717+0000] {processor.py:208} INFO - Processing /opt/airflow/dags/bash_python.py took 0.105 seconds
[2026-08-19T08:03:54.015+0000] {processor.py:186} INFO - Started process (PID=1279) to work on /opt/airflow/dags/bash_python.py
[2026-08-19T08:03:54.017+0000] {processor.py:914} INFO - Processing file /opt/airflow/dags/bash_python.py for tasks to queue
[2026-08-19T08:03:54.021+0000] {logging_mixin.py:190} INFO - [2026-08-19T08:03:54.021+0000] {dagbag.py:588} INFO - Filling up the DagBag from /opt/airflow/dags/bash_python.py
[2026-08-19T08:03:54.045+0000] {processor.py:925} INFO - DAG(s) 'download_rocket_launches' retrieved from /opt/airflow/dags/bash_python.py
[2026-08-19T08:03:54.081+0000] {logging_mixin.py:190} INFO - [2026-08-19T08:03:54.081+0000] {dag.py:3239} INFO - Sync 1 DAGs
[2026-08-19T08:03:54.096+0000] {logging_mixin.py:190} INFO - [2026-08-19T08:03:54.095+0000] {dag.py:4180} INFO - Setting next_dagrun for download_rocket_launches to None, run_after=None
[2026-08-19T08:03:54.117+0000] {processor.py:208} INFO - Processing /opt/airflow/dags/bash_python.py took 0.111 seconds
[2026-08-19T08:04:24.413+0000] {processor.py:186} INFO - Started process (PID=1292) to work on /opt/airflow/dags/bash_python.py
[2026-08-19T08:04:24.415+0000] {processor.py:914} INFO - Processing file /opt/airflow/dags/bash_python.py for tasks to queue
[2026-08-19T08:04:24.417+0000] {logging_mixin.py:190} INFO - [2026-08-19T08:04:24.417+0000] {dagbag.py:588} INFO - Filling up the DagBag from /opt/airflow/dags/bash_python.py
[2026-08-19T08:04:24.439+0000] {processor.py:925} INFO - DAG(s) 'download_rocket_launches' retrieved from /opt/airflow/dags/bash_python.py
[2026-08-19T08:04:24.466+0000] {logging_mixin.py:190} INFO - [2026-08-19T08:04:24.466+0000] {dag.py:3239} INFO - Sync 1 DAGs
[2026-08-19T08:04:24.478+0000] {logging_mixin.py:190} INFO - [2026-08-19T08:04:24.478+0000] {dag.py:4180} INFO - Setting next_dagrun for download_rocket_launches to None, run_after=None
[2026-08-19T08:04:24.518+0000] {processor.py:208} INFO - Processing /opt/airflow/dags/bash_python.py took 0.112 seconds
[2026-08-19T08:04:54.849+0000] {processor.py:186} INFO - Started process (PID=1305) to work on /opt/airflow/dags/bash_python.py
[2026-08-19T08:04:54.851+0000] {processor.py:914} INFO - Processing file /opt/airflow/dags/bash_python.py for tasks to queue
[2026-08-19T08:04:54.855+0000] {logging_mixin.py:190} INFO - [2026-08-19T08:04:54.854+0000] {dagbag.py:588} INFO - Filling up the DagBag from /opt/airflow/dags/bash_python.py
[2026-08-19T08:04:54.886+0000] {processor.py:925} INFO - DAG(s) 'download_rocket_launches' retrieved from /opt/airflow/dags/bash_python.py
[2026-08-19T08:04:54.919+0000] {logging_mixin.py:190} INFO - [2026-08-19T08:04:54.918+0000] {dag.py:3239} INFO - Sync 1 DAGs
[2026-08-19T08:04:54.937+0000] {logging_mixin.py:190} INFO - [2026-08-19T08:04:54.936+0000] {dag.py:4180} INFO - Setting next_dagrun for download_rocket_launches to None, run_after=None
[2026-08-19T08:04:54.980+0000] {processor.py:208} INFO - Processing /opt/airflow/dags/bash_python.py took 0.140 seconds
[2026-08-19T08:05:25.285+0000] {processor.py:186} INFO - Started process (PID=1318) to work on /opt/airflow/dags/bash_python.py
[2026-08-19T08:05:25.287+0000] {processor.py:914} INFO - Processing file /opt/airflow/dags/bash_python.py for tasks to queue
[2026-08-19T08:05:25.290+0000] {logging_mixin.py:190} INFO - [2026-08-19T08:05:25.290+0000] {dagbag.py:588} INFO - Filling up the DagBag from /opt/airflow/dags/bash_python.py
[2026-08-19T08:05:25.308+0000] {processor.py:925} INFO - DAG(s) 'download_rocket_launches' retrieved from /opt/airflow/dags/bash_python.py
[2026-08-19T08:05:25.338+0000] {logging_mixin.py:190} INFO - [2026-08-19T08:05:25.337+0000] {dag.py:3239} INFO - Sync 1 DAGs
[2026-08-19T08:05:25.350+0000] {logging_mixin.py:190} INFO - [2026-08-19T08:05:25.350+0000] {dag.py:4180} INFO - Setting next_dagrun for download_rocket_launches to None, run_after=None
[2026-08-19T08:05:25.392+0000] {processor.py:208} INFO - Processing /opt/airflow/dags/bash_python.py took 0.112 seconds
[2026-08-19T08:05:55.699+0000] {processor.py:186} INFO - Started process (PID=1329) to work on /opt/airflow/dags/bash_python.py
[2026-08-19T08:05:55.701+0000] {processor.py:914} INFO - Processing file /opt/airflow/dags/bash_python.py for tasks to queue
[2026-08-19T08:05:55.704+0000] {logging_mixin.py:190} INFO - [2026-08-19T08:05:55.704+0000] {dagbag.py:588} INFO - Filling up the DagBag from /opt/airflow/dags/bash_python.py
[2026-08-19T08:05:55.722+0000] {processor.py:925} INFO - DAG(s) 'download_rocket_launches' retrieved from /opt/airflow/dags/bash_python.py
[2026-08-19T08:05:55.755+0000] {logging_mixin.py:190} INFO - [2026-08-19T08:05:55.755+0000] {dag.py:3239} INFO - Sync 1 DAGs
[2026-08-19T08:05:55.773+0000] {logging_mixin.py:190} INFO - [2026-08-19T08:05:55.772+0000] {dag.py:4180} INFO - Setting next_dagrun for download_rocket_launches to None, run_after=None
[2026-08-19T08:05:55.795+0000] {processor.py:208} INFO - Processing /opt/airflow/dags/bash_python.py took 0.102 seconds
[2026-08-19T08:06:26.095+0000] {processor.py:186} INFO - Started process (PID=1340) to work on /opt/airflow/dags/bash_python.py
[2026-08-19T08:06:26.097+0000] {processor.py:914} INFO - Processing file /opt/airflow/dags/bash_python.py for tasks to queue
[2026-08-19T08:06:26.101+0000] {logging_mixin.py:190} INFO - [2026-08-19T08:06:26.101+0000] {dagbag.py:588} INFO - Filling up the DagBag from /opt/airflow/dags/bash_python.py
[2026-08-19T08:06:26.120+0000] {processor.py:925} INFO - DAG(s) 'download_rocket_launches' retrieved from /opt/airflow/dags/bash_python.py
[2026-08-19T08:06:26.147+0000] {logging_mixin.py:190} INFO - [2026-08-19T08:06:26.147+0000] {dag.py:3239} INFO - Sync 1 DAGs
[2026-08-19T08:06:26.162+0000] {logging_mixin.py:190} INFO - [2026-08-19T08:06:26.162+0000] {dag.py:4180} INFO - Setting next_dagrun for download_rocket_launches to None, run_after=None
[2026-08-19T08:06:26.180+0000] {processor.py:208} INFO - Processing /opt/airflow/dags/bash_python.py took 0.094 seconds
[2026-08-19T08:06:56.436+0000] {processor.py:186} INFO - Started process (PID=1351) to work on /opt/airflow/dags/bash_python.py
[2026-08-19T08:06:56.438+0000] {processor.py:914} INFO - Processing file /opt/airflow/dags/bash_python.py for tasks to queue
[2026-08-19T08:06:56.441+0000] {logging_mixin.py:190} INFO - [2026-08-19T08:06:56.441+0000] {dagbag.py:588} INFO - Filling up the DagBag from /opt/airflow/dags/bash_python.py
[2026-08-19T08:06:56.462+0000] {processor.py:925} INFO - DAG(s) 'download_rocket_launches' retrieved from /opt/airflow/dags/bash_python.py
[2026-08-19T08:06:56.486+0000] {logging_mixin.py:190} INFO - [2026-08-19T08:06:56.486+0000] {dag.py:3239} INFO - Sync 1 DAGs
[2026-08-19T08:06:56.503+0000] {logging_mixin.py:190} INFO - [2026-08-19T08:06:56.503+0000] {dag.py:4180} INFO - Setting next_dagrun for download_rocket_launches to None, run_after=None
[2026-08-19T08:06:56.549+0000] {processor.py:208} INFO - Processing /opt/airflow/dags/bash_python.py took 0.119 seconds
[2026-08-19T08:07:26.809+0000] {processor.py:186} INFO - Started process (PID=1362) to work on /opt/airflow/dags/bash_python.py
[2026-08-19T08:07:26.810+0000] {processor.py:914} INFO - Processing file /opt/airflow/dags/bash_python.py for tasks to queue
[2026-08-19T08:07:26.812+0000] {logging_mixin.py:190} INFO - [2026-08-19T08:07:26.812+0000] {dagbag.py:588} INFO - Filling up the DagBag from /opt/airflow/dags/bash_python.py
[2026-08-19T08:07:26.829+0000] {processor.py:925} INFO - DAG(s) 'download_rocket_launches' retrieved from /opt/airflow/dags/bash_python.py
[2026-08-19T08:07:26.854+0000] {logging_mixin.py:190} INFO - [2026-08-19T08:07:26.854+0000] {dag.py:3239} INFO - Sync 1 DAGs
[2026-08-19T08:07:26.866+0000] {logging_mixin.py:190} INFO - [2026-08-19T08:07:26.865+0000] {dag.py:4180} INFO - Setting next_dagrun for download_rocket_launches to None, run_after=None
[2026-08-19T08:07:26.904+0000] {processor.py:208} INFO - Processing /opt/airflow/dags/bash_python.py took 0.100 seconds
[2026-08-19T08:07:57.173+0000] {processor.py:186} INFO - Started process (PID=1373) to work on /opt/airflow/dags/bash_python.py
[2026-08-19T08:07:57.175+0000] {processor.py:914} INFO - Processing file /opt/airflow/dags/bash_python.py for tasks to queue
[2026-08-19T08:07:57.182+0000] {logging_mixin.py:190} INFO - [2026-08-19T08:07:57.181+0000] {dagbag.py:588} INFO - Filling up the DagBag from /opt/airflow/dags/bash_python.py
[2026-08-19T08:07:57.205+0000] {processor.py:925} INFO - DAG(s) 'download_rocket_launches' retrieved from /opt/airflow/dags/bash_python.py
[2026-08-19T08:07:57.238+0000] {logging_mixin.py:190} INFO - [2026-08-19T08:07:57.237+0000] {dag.py:3239} INFO - Sync 1 DAGs
[2026-08-19T08:07:57.251+0000] {logging_mixin.py:190} INFO - [2026-08-19T08:07:57.251+0000] {dag.py:4180} INFO - Setting next_dagrun for download_rocket_launches to None, run_after=None
[2026-08-19T08:07:57.292+0000] {processor.py:208} INFO - Processing /opt/airflow/dags/bash_python.py took 0.129 seconds
[2026-08-19T08:08:27.595+0000] {processor.py:186} INFO - Started process (PID=1384) to work on /opt/airflow/dags/bash_python.py
[2026-08-19T08:08:27.597+0000] {processor.py:914} INFO - Processing file /opt/airflow/dags/bash_python.py for tasks to queue
[2026-08-19T08:08:27.600+0000] {logging_mixin.py:190} INFO - [2026-08-19T08:08:27.600+0000] {dagbag.py:588} INFO - Filling up the DagBag from /opt/airflow/dags/bash_python.py
[2026-08-19T08:08:27.622+0000] {processor.py:925} INFO - DAG(s) 'download_rocket_launches' retrieved from /opt/airflow/dags/bash_python.py
[2026-08-19T08:08:27.658+0000] {logging_mixin.py:190} INFO - [2026-08-19T08:08:27.658+0000] {dag.py:3239} INFO - Sync 1 DAGs
[2026-08-19T08:08:27.677+0000] {logging_mixin.py:190} INFO - [2026-08-19T08:08:27.676+0000] {dag.py:4180} INFO - Setting next_dagrun for download_rocket_launches to None, run_after=None
[2026-08-19T08:08:27.715+0000] {processor.py:208} INFO - Processing /opt/airflow/dags/bash_python.py took 0.127 seconds
[2026-08-19T08:08:58.018+0000] {processor.py:186} INFO - Started process (PID=1410) to work on /opt/airflow/dags/bash_python.py
[2026-08-19T08:08:58.020+0000] {processor.py:914} INFO - Processing file /opt/airflow/dags/bash_python.py for tasks to queue
[2026-08-19T08:08:58.022+0000] {logging_mixin.py:190} INFO - [2026-08-19T08:08:58.022+0000] {dagbag.py:588} INFO - Filling up the DagBag from /opt/airflow/dags/bash_python.py
[2026-08-19T08:08:58.041+0000] {processor.py:925} INFO - DAG(s) 'download_rocket_launches' retrieved from /opt/airflow/dags/bash_python.py
[2026-08-19T08:08:58.072+0000] {logging_mixin.py:190} INFO - [2026-08-19T08:08:58.072+0000] {dag.py:3239} INFO - Sync 1 DAGs
[2026-08-19T08:08:58.086+0000] {logging_mixin.py:190} INFO - [2026-08-19T08:08:58.086+0000] {dag.py:4180} INFO - Setting next_dagrun for download_rocket_launches to None, run_after=None
[2026-08-19T08:08:58.126+0000] {processor.py:208} INFO - Processing /opt/airflow/dags/bash_python.py took 0.116 seconds
[2026-08-19T08:09:28.445+0000] {processor.py:186} INFO - Started process (PID=1421) to work on /opt/airflow/dags/bash_python.py
[2026-08-19T08:09:28.446+0000] {processor.py:914} INFO - Processing file /opt/airflow/dags/bash_python.py for tasks to queue
[2026-08-19T08:09:28.449+0000] {logging_mixin.py:190} INFO - [2026-08-19T08:09:28.449+0000] {dagbag.py:588} INFO - Filling up the DagBag from /opt/airflow/dags/bash_python.py
[2026-08-19T08:09:28.467+0000] {processor.py:925} INFO - DAG(s) 'download_rocket_launches' retrieved from /opt/airflow/dags/bash_python.py
[2026-08-19T08:09:28.497+0000] {logging_mixin.py:190} INFO - [2026-08-19T08:09:28.497+0000] {dag.py:3239} INFO - Sync 1 DAGs
[2026-08-19T08:09:28.518+0000] {logging_mixin.py:190} INFO - [2026-08-19T08:09:28.517+0000] {dag.py:4180} INFO - Setting next_dagrun for download_rocket_launches to None, run_after=None
[2026-08-19T08:09:28.552+0000] {processor.py:208} INFO - Processing /opt/airflow/dags/bash_python.py took 0.114 seconds
[2026-08-19T08:09:59.553+0000] {processor.py:186} INFO - Started process (PID=1442) to work on /opt/airflow/dags/bash_python.py
[2026-08-19T08:09:59.555+0000] {processor.py:914} INFO - Processing file /opt/airflow/dags/bash_python.py for tasks to queue
[2026-08-19T08:09:59.557+0000] {logging_mixin.py:190} INFO - [2026-08-19T08:09:59.557+0000] {dagbag.py:588} INFO - Filling up the DagBag from /opt/airflow/dags/bash_python.py
[2026-08-19T08:09:59.577+0000] {processor.py:925} INFO - DAG(s) 'download_rocket_launches' retrieved from /opt/airflow/dags/bash_python.py
[2026-08-19T08:09:59.608+0000] {logging_mixin.py:190} INFO - [2026-08-19T08:09:59.608+0000] {dag.py:3239} INFO - Sync 1 DAGs
[2026-08-19T08:09:59.634+0000] {logging_mixin.py:190} INFO - [2026-08-19T08:09:59.633+0000] {dag.py:4180} INFO - Setting next_dagrun for download_rocket_launches to None, run_after=None
[2026-08-19T08:09:59.694+0000] {processor.py:208} INFO - Processing /opt/airflow/dags/bash_python.py took 0.147 seconds
[2026-08-19T08:10:29.951+0000] {processor.py:186} INFO - Started process (PID=1453) to work on /opt/airflow/dags/bash_python.py
[2026-08-19T08:10:29.953+0000] {processor.py:914} INFO - Processing file /opt/airflow/dags/bash_python.py for tasks to queue
[2026-08-19T08:10:29.958+0000] {logging_mixin.py:190} INFO - [2026-08-19T08:10:29.957+0000] {dagbag.py:588} INFO - Filling up the DagBag from /opt/airflow/dags/bash_python.py
[2026-08-19T08:10:29.979+0000] {processor.py:925} INFO - DAG(s) 'download_rocket_launches' retrieved from /opt/airflow/dags/bash_python.py
[2026-08-19T08:10:30.015+0000] {logging_mixin.py:190} INFO - [2026-08-19T08:10:30.015+0000] {dag.py:3239} INFO - Sync 1 DAGs
[2026-08-19T08:10:30.034+0000] {logging_mixin.py:190} INFO - [2026-08-19T08:10:30.033+0000] {dag.py:4180} INFO - Setting next_dagrun for download_rocket_launches to None, run_after=None
[2026-08-19T08:10:30.083+0000] {processor.py:208} INFO - Processing /opt/airflow/dags/bash_python.py took 0.140 seconds
[2026-08-19T08:11:00.367+0000] {processor.py:186} INFO - Started process (PID=1468) to work on /opt/airflow/dags/bash_python.py
[2026-08-19T08:11:00.369+0000] {processor.py:914} INFO - Processing file /opt/airflow/dags/bash_python.py for tasks to queue
[2026-08-19T08:11:00.373+0000] {logging_mixin.py:190} INFO - [2026-08-19T08:11:00.373+0000] {dagbag.py:588} INFO - Filling up the DagBag from /opt/airflow/dags/bash_python.py
[2026-08-19T08:11:00.397+0000] {processor.py:925} INFO - DAG(s) 'download_rocket_launches' retrieved from /opt/airflow/dags/bash_python.py
[2026-08-19T08:11:00.443+0000] {logging_mixin.py:190} INFO - [2026-08-19T08:11:00.443+0000] {dag.py:3239} INFO - Sync 1 DAGs
[2026-08-19T08:11:00.467+0000] {logging_mixin.py:190} INFO - [2026-08-19T08:11:00.467+0000] {dag.py:4180} INFO - Setting next_dagrun for download_rocket_launches to None, run_after=None
[2026-08-19T08:11:00.520+0000] {processor.py:208} INFO - Processing /opt/airflow/dags/bash_python.py took 0.160 seconds
[2026-08-19T08:11:30.815+0000] {processor.py:186} INFO - Started process (PID=1479) to work on /opt/airflow/dags/bash_python.py
[2026-08-19T08:11:30.817+0000] {processor.py:914} INFO - Processing file /opt/airflow/dags/bash_python.py for tasks to queue
[2026-08-19T08:11:30.821+0000] {logging_mixin.py:190} INFO - [2026-08-19T08:11:30.820+0000] {dagbag.py:588} INFO - Filling up the DagBag from /opt/airflow/dags/bash_python.py
[2026-08-19T08:11:30.841+0000] {processor.py:925} INFO - DAG(s) 'download_rocket_launches' retrieved from /opt/airflow/dags/bash_python.py
[2026-08-19T08:11:30.885+0000] {logging_mixin.py:190} INFO - [2026-08-19T08:11:30.884+0000] {dag.py:3239} INFO - Sync 1 DAGs
[2026-08-19T08:11:30.902+0000] {logging_mixin.py:190} INFO - [2026-08-19T08:11:30.902+0000] {dag.py:4180} INFO - Setting next_dagrun for download_rocket_launches to None, run_after=None
[2026-08-19T08:11:30.922+0000] {processor.py:208} INFO - Processing /opt/airflow/dags/bash_python.py took 0.115 seconds
[2026-08-19T08:12:01.057+0000] {processor.py:186} INFO - Started process (PID=1505) to work on /opt/airflow/dags/bash_python.py
[2026-08-19T08:12:01.061+0000] {processor.py:914} INFO - Processing file /opt/airflow/dags/bash_python.py for tasks to queue
[2026-08-19T08:12:01.064+0000] {logging_mixin.py:190} INFO - [2026-08-19T08:12:01.063+0000] {dagbag.py:588} INFO - Filling up the DagBag from /opt/airflow/dags/bash_python.py
[2026-08-19T08:12:01.086+0000] {processor.py:925} INFO - DAG(s) 'download_rocket_launches' retrieved from /opt/airflow/dags/bash_python.py
[2026-08-19T08:12:01.124+0000] {logging_mixin.py:190} INFO - [2026-08-19T08:12:01.123+0000] {dag.py:3239} INFO - Sync 1 DAGs
[2026-08-19T08:12:01.142+0000] {logging_mixin.py:190} INFO - [2026-08-19T08:12:01.142+0000] {dag.py:4180} INFO - Setting next_dagrun for download_rocket_launches to None, run_after=None
[2026-08-19T08:12:01.190+0000] {processor.py:208} INFO - Processing /opt/airflow/dags/bash_python.py took 0.142 seconds
[2026-08-19T08:12:31.543+0000] {processor.py:186} INFO - Started process (PID=1516) to work on /opt/airflow/dags/bash_python.py
[2026-08-19T08:12:31.545+0000] {processor.py:914} INFO - Processing file /opt/airflow/dags/bash_python.py for tasks to queue
[2026-08-19T08:12:31.549+0000] {logging_mixin.py:190} INFO - [2026-08-19T08:12:31.548+0000] {dagbag.py:588} INFO - Filling up the DagBag from /opt/airflow/dags/bash_python.py
[2026-08-19T08:12:31.575+0000] {processor.py:925} INFO - DAG(s) 'download_rocket_launches' retrieved from /opt/airflow/dags/bash_python.py
[2026-08-19T08:12:31.613+0000] {logging_mixin.py:190} INFO - [2026-08-19T08:12:31.613+0000] {dag.py:3239} INFO - Sync 1 DAGs
[2026-08-19T08:12:31.637+0000] {logging_mixin.py:190} INFO - [2026-08-19T08:12:31.636+0000] {dag.py:4180} INFO - Setting next_dagrun for download_rocket_launches to None, run_after=None
[2026-08-19T08:12:31.659+0000] {processor.py:208} INFO - Processing /opt/airflow/dags/bash_python.py took 0.126 seconds
[2026-08-19T08:13:01.971+0000] {processor.py:186} INFO - Started process (PID=1531) to work on /opt/airflow/dags/bash_python.py
[2026-08-19T08:13:01.974+0000] {processor.py:914} INFO - Processing file /opt/airflow/dags/bash_python.py for tasks to queue
[2026-08-19T08:13:01.979+0000] {logging_mixin.py:190} INFO - [2026-08-19T08:13:01.978+0000] {dagbag.py:588} INFO - Filling up the DagBag from /opt/airflow/dags/bash_python.py
[2026-08-19T08:13:02.001+0000] {processor.py:925} INFO - DAG(s) 'download_rocket_launches' retrieved from /opt/airflow/dags/bash_python.py
[2026-08-19T08:13:02.038+0000] {logging_mixin.py:190} INFO - [2026-08-19T08:13:02.038+0000] {dag.py:3239} INFO - Sync 1 DAGs
[2026-08-19T08:13:02.058+0000] {logging_mixin.py:190} INFO - [2026-08-19T08:13:02.057+0000] {dag.py:4180} INFO - Setting next_dagrun for download_rocket_launches to None, run_after=None
[2026-08-19T08:13:02.107+0000] {processor.py:208} INFO - Processing /opt/airflow/dags/bash_python.py took 0.144 seconds
[2026-08-19T08:13:32.428+0000] {processor.py:186} INFO - Started process (PID=1542) to work on /opt/airflow/dags/bash_python.py
[2026-08-19T08:13:32.430+0000] {processor.py:914} INFO - Processing file /opt/airflow/dags/bash_python.py for tasks to queue
[2026-08-19T08:13:32.435+0000] {logging_mixin.py:190} INFO - [2026-08-19T08:13:32.434+0000] {dagbag.py:588} INFO - Filling up the DagBag from /opt/airflow/dags/bash_python.py
[2026-08-19T08:13:32.457+0000] {processor.py:925} INFO - DAG(s) 'download_rocket_launches' retrieved from /opt/airflow/dags/bash_python.py
[2026-08-19T08:13:32.499+0000] {logging_mixin.py:190} INFO - [2026-08-19T08:13:32.498+0000] {dag.py:3239} INFO - Sync 1 DAGs
[2026-08-19T08:13:32.515+0000] {logging_mixin.py:190} INFO - [2026-08-19T08:13:32.515+0000] {dag.py:4180} INFO - Setting next_dagrun for download_rocket_launches to None, run_after=None
[2026-08-19T08:13:32.560+0000] {processor.py:208} INFO - Processing /opt/airflow/dags/bash_python.py took 0.140 seconds
[2026-08-19T08:14:02.859+0000] {processor.py:186} INFO - Started process (PID=1557) to work on /opt/airflow/dags/bash_python.py
[2026-08-19T08:14:02.861+0000] {processor.py:914} INFO - Processing file /opt/airflow/dags/bash_python.py for tasks to queue
[2026-08-19T08:14:02.864+0000] {logging_mixin.py:190} INFO - [2026-08-19T08:14:02.864+0000] {dagbag.py:588} INFO - Filling up the DagBag from /opt/airflow/dags/bash_python.py
[2026-08-19T08:14:02.884+0000] {processor.py:925} INFO - DAG(s) 'download_rocket_launches' retrieved from /opt/airflow/dags/bash_python.py
[2026-08-19T08:14:02.916+0000] {logging_mixin.py:190} INFO - [2026-08-19T08:14:02.916+0000] {dag.py:3239} INFO - Sync 1 DAGs
[2026-08-19T08:14:02.933+0000] {logging_mixin.py:190} INFO - [2026-08-19T08:14:02.933+0000] {dag.py:4180} INFO - Setting next_dagrun for download_rocket_launches to None, run_after=None
[2026-08-19T08:14:02.978+0000] {processor.py:208} INFO - Processing /opt/airflow/dags/bash_python.py took 0.125 seconds
[2026-08-19T08:14:33.311+0000] {processor.py:186} INFO - Started process (PID=1568) to work on /opt/airflow/dags/bash_python.py
[2026-08-19T08:14:33.313+0000] {processor.py:914} INFO - Processing file /opt/airflow/dags/bash_python.py for tasks to queue
[2026-08-19T08:14:33.316+0000] {logging_mixin.py:190} INFO - [2026-08-19T08:14:33.316+0000] {dagbag.py:588} INFO - Filling up the DagBag from /opt/airflow/dags/bash_python.py
[2026-08-19T08:14:33.337+0000] {processor.py:925} INFO - DAG(s) 'download_rocket_launches' retrieved from /opt/airflow/dags/bash_python.py
[2026-08-19T08:14:33.369+0000] {logging_mixin.py:190} INFO - [2026-08-19T08:14:33.369+0000] {dag.py:3239} INFO - Sync 1 DAGs
[2026-08-19T08:14:33.382+0000] {logging_mixin.py:190} INFO - [2026-08-19T08:14:33.382+0000] {dag.py:4180} INFO - Setting next_dagrun for download_rocket_launches to None, run_after=None
[2026-08-19T08:14:33.399+0000] {processor.py:208} INFO - Processing /opt/airflow/dags/bash_python.py took 0.096 seconds
[2026-08-19T08:15:03.725+0000] {processor.py:186} INFO - Started process (PID=1579) to work on /opt/airflow/dags/bash_python.py
[2026-08-19T08:15:03.727+0000] {processor.py:914} INFO - Processing file /opt/airflow/dags/bash_python.py for tasks to queue
[2026-08-19T08:15:03.731+0000] {logging_mixin.py:190} INFO - [2026-08-19T08:15:03.731+0000] {dagbag.py:588} INFO - Filling up the DagBag from /opt/airflow/dags/bash_python.py
[2026-08-19T08:15:03.780+0000] {processor.py:925} INFO - DAG(s) 'download_rocket_launches' retrieved from /opt/airflow/dags/bash_python.py
[2026-08-19T08:15:03.826+0000] {logging_mixin.py:190} INFO - [2026-08-19T08:15:03.826+0000] {dag.py:3239} INFO - Sync 1 DAGs
[2026-08-19T08:15:03.846+0000] {logging_mixin.py:190} INFO - [2026-08-19T08:15:03.846+0000] {dag.py:4180} INFO - Setting next_dagrun for download_rocket_launches to None, run_after=None
[2026-08-19T08:15:03.871+0000] {processor.py:208} INFO - Processing /opt/airflow/dags/bash_python.py took 0.156 seconds
[2026-08-19T08:15:34.174+0000] {processor.py:186} INFO - Started process (PID=1590) to work on /opt/airflow/dags/bash_python.py
[2026-08-19T08:15:34.176+0000] {processor.py:914} INFO - Processing file /opt/airflow/dags/bash_python.py for tasks to queue
[2026-08-19T08:15:34.180+0000] {logging_mixin.py:190} INFO - [2026-08-19T08:15:34.179+0000] {dagbag.py:588} INFO - Filling up the DagBag from /opt/airflow/dags/bash_python.py
[2026-08-19T08:15:34.202+0000] {processor.py:925} INFO - DAG(s) 'download_rocket_launches' retrieved from /opt/airflow/dags/bash_python.py
[2026-08-19T08:15:34.240+0000] {logging_mixin.py:190} INFO - [2026-08-19T08:15:34.240+0000] {dag.py:3239} INFO - Sync 1 DAGs
[2026-08-19T08:15:34.253+0000] {logging_mixin.py:190} INFO - [2026-08-19T08:15:34.253+0000] {dag.py:4180} INFO - Setting next_dagrun for download_rocket_launches to None, run_after=None
[2026-08-19T08:15:34.276+0000] {processor.py:208} INFO - Processing /opt/airflow/dags/bash_python.py took 0.110 seconds
[2026-08-19T08:16:04.436+0000] {processor.py:186} INFO - Started process (PID=1601) to work on /opt/airflow/dags/bash_python.py
[2026-08-19T08:16:04.438+0000] {processor.py:914} INFO - Processing file /opt/airflow/dags/bash_python.py for tasks to queue
[2026-08-19T08:16:04.442+0000] {logging_mixin.py:190} INFO - [2026-08-19T08:16:04.442+0000] {dagbag.py:588} INFO - Filling up the DagBag from /opt/airflow/dags/bash_python.py
[2026-08-19T08:16:04.465+0000] {processor.py:925} INFO - DAG(s) 'download_rocket_launches' retrieved from /opt/airflow/dags/bash_python.py
[2026-08-19T08:16:04.506+0000] {logging_mixin.py:190} INFO - [2026-08-19T08:16:04.505+0000] {dag.py:3239} INFO - Sync 1 DAGs
[2026-08-19T08:16:04.522+0000] {logging_mixin.py:190} INFO - [2026-08-19T08:16:04.522+0000] {dag.py:4180} INFO - Setting next_dagrun for download_rocket_launches to None, run_after=None
[2026-08-19T08:16:04.567+0000] {processor.py:208} INFO - Processing /opt/airflow/dags/bash_python.py took 0.139 seconds
[2026-08-19T08:16:34.890+0000] {processor.py:186} INFO - Started process (PID=1612) to work on /opt/airflow/dags/bash_python.py
[2026-08-19T08:16:34.892+0000] {processor.py:914} INFO - Processing file /opt/airflow/dags/bash_python.py for tasks to queue
[2026-08-19T08:16:34.896+0000] {logging_mixin.py:190} INFO - [2026-08-19T08:16:34.896+0000] {dagbag.py:588} INFO - Filling up the DagBag from /opt/airflow/dags/bash_python.py
[2026-08-19T08:16:34.919+0000] {processor.py:925} INFO - DAG(s) 'download_rocket_launches' retrieved from /opt/airflow/dags/bash_python.py
[2026-08-19T08:16:34.961+0000] {logging_mixin.py:190} INFO - [2026-08-19T08:16:34.960+0000] {dag.py:3239} INFO - Sync 1 DAGs
[2026-08-19T08:16:34.981+0000] {logging_mixin.py:190} INFO - [2026-08-19T08:16:34.981+0000] {dag.py:4180} INFO - Setting next_dagrun for download_rocket_launches to None, run_after=None
[2026-08-19T08:16:35.030+0000] {processor.py:208} INFO - Processing /opt/airflow/dags/bash_python.py took 0.147 seconds
[2026-08-19T08:17:05.336+0000] {processor.py:186} INFO - Started process (PID=1623) to work on /opt/airflow/dags/bash_python.py
[2026-08-19T08:17:05.338+0000] {processor.py:914} INFO - Processing file /opt/airflow/dags/bash_python.py for tasks to queue
[2026-08-19T08:17:05.342+0000] {logging_mixin.py:190} INFO - [2026-08-19T08:17:05.342+0000] {dagbag.py:588} INFO - Filling up the DagBag from /opt/airflow/dags/bash_python.py
[2026-08-19T08:17:05.365+0000] {processor.py:925} INFO - DAG(s) 'download_rocket_launches' retrieved from /opt/airflow/dags/bash_python.py
[2026-08-19T08:17:05.401+0000] {logging_mixin.py:190} INFO - [2026-08-19T08:17:05.401+0000] {dag.py:3239} INFO - Sync 1 DAGs
[2026-08-19T08:17:05.414+0000] {logging_mixin.py:190} INFO - [2026-08-19T08:17:05.414+0000] {dag.py:4180} INFO - Setting next_dagrun for download_rocket_launches to None, run_after=None
[2026-08-19T08:17:05.456+0000] {processor.py:208} INFO - Processing /opt/airflow/dags/bash_python.py took 0.128 seconds
[2026-08-19T08:17:35.779+0000] {processor.py:186} INFO - Started process (PID=1634) to work on /opt/airflow/dags/bash_python.py
[2026-08-19T08:17:35.780+0000] {processor.py:914} INFO - Processing file /opt/airflow/dags/bash_python.py for tasks to queue
[2026-08-19T08:17:35.783+0000] {logging_mixin.py:190} INFO - [2026-08-19T08:17:35.783+0000] {dagbag.py:588} INFO - Filling up the DagBag from /opt/airflow/dags/bash_python.py
[2026-08-19T08:17:35.802+0000] {processor.py:925} INFO - DAG(s) 'download_rocket_launches' retrieved from /opt/airflow/dags/bash_python.py
[2026-08-19T08:17:35.838+0000] {logging_mixin.py:190} INFO - [2026-08-19T08:17:35.838+0000] {dag.py:3239} INFO - Sync 1 DAGs
[2026-08-19T08:17:35.854+0000] {logging_mixin.py:190} INFO - [2026-08-19T08:17:35.854+0000] {dag.py:4180} INFO - Setting next_dagrun for download_rocket_launches to None, run_after=None
[2026-08-19T08:17:35.870+0000] {processor.py:208} INFO - Processing /opt/airflow/dags/bash_python.py took 0.097 seconds
[2026-08-19T08:18:06.179+0000] {processor.py:186} INFO - Started process (PID=1645) to work on /opt/airflow/dags/bash_python.py
[2026-08-19T08:18:06.183+0000] {processor.py:914} INFO - Processing file /opt/airflow/dags/bash_python.py for tasks to queue
[2026-08-19T08:18:06.187+0000] {logging_mixin.py:190} INFO - [2026-08-19T08:18:06.186+0000] {dagbag.py:588} INFO - Filling up the DagBag from /opt/airflow/dags/bash_python.py
[2026-08-19T08:18:06.208+0000] {processor.py:925} INFO - DAG(s) 'download_rocket_launches' retrieved from /opt/airflow/dags/bash_python.py
[2026-08-19T08:18:06.241+0000] {logging_mixin.py:190} INFO - [2026-08-19T08:18:06.241+0000] {dag.py:3239} INFO - Sync 1 DAGs
[2026-08-19T08:18:06.257+0000] {logging_mixin.py:190} INFO - [2026-08-19T08:18:06.256+0000] {dag.py:4180} INFO - Setting next_dagrun for download_rocket_launches to None, run_after=None
[2026-08-19T08:18:06.306+0000] {processor.py:208} INFO - Processing /opt/airflow/dags/bash_python.py took 0.136 seconds
[2026-08-19T08:18:36.560+0000] {processor.py:186} INFO - Started process (PID=1656) to work on /opt/airflow/dags/bash_python.py
[2026-08-19T08:18:36.561+0000] {processor.py:914} INFO - Processing file /opt/airflow/dags/bash_python.py for tasks to queue
[2026-08-19T08:18:36.563+0000] {logging_mixin.py:190} INFO - [2026-08-19T08:18:36.563+0000] {dagbag.py:588} INFO - Filling up the DagBag from /opt/airflow/dags/bash_python.py
[2026-08-19T08:18:36.592+0000] {processor.py:925} INFO - DAG(s) 'download_rocket_launches' retrieved from /opt/airflow/dags/bash_python.py
[2026-08-19T08:18:36.631+0000] {logging_mixin.py:190} INFO - [2026-08-19T08:18:36.631+0000] {dag.py:3239} INFO - Sync 1 DAGs
[2026-08-19T08:18:36.644+0000] {logging_mixin.py:190} INFO - [2026-08-19T08:18:36.643+0000] {dag.py:4180} INFO - Setting next_dagrun for download_rocket_launches to None, run_after=None
[2026-08-19T08:18:36.688+0000] {processor.py:208} INFO - Processing /opt/airflow/dags/bash_python.py took 0.133 seconds
[2026-08-19T08:19:06.778+0000] {processor.py:186} INFO - Started process (PID=1667) to work on /opt/airflow/dags/bash_python.py
[2026-08-19T08:19:06.779+0000] {processor.py:914} INFO - Processing file /opt/airflow/dags/bash_python.py for tasks to queue
[2026-08-19T08:19:06.782+0000] {logging_mixin.py:190} INFO - [2026-08-19T08:19:06.781+0000] {dagbag.py:588} INFO - Filling up the DagBag from /opt/airflow/dags/bash_python.py
[2026-08-19T08:19:06.799+0000] {processor.py:925} INFO - DAG(s) 'download_rocket_launches' retrieved from /opt/airflow/dags/bash_python.py
[2026-08-19T08:19:06.823+0000] {logging_mixin.py:190} INFO - [2026-08-19T08:19:06.823+0000] {dag.py:3239} INFO - Sync 1 DAGs
[2026-08-19T08:19:06.844+0000] {logging_mixin.py:190} INFO - [2026-08-19T08:19:06.843+0000] {dag.py:4180} INFO - Setting next_dagrun for download_rocket_launches to None, run_after=None
[2026-08-19T08:19:06.875+0000] {processor.py:208} INFO - Processing /opt/airflow/dags/bash_python.py took 0.104 seconds
[2026-08-19T08:19:37.174+0000] {processor.py:186} INFO - Started process (PID=1678) to work on /opt/airflow/dags/bash_python.py
[2026-08-19T08:19:37.176+0000] {processor.py:914} INFO - Processing file /opt/airflow/dags/bash_python.py for tasks to queue
[2026-08-19T08:19:37.180+0000] {logging_mixin.py:190} INFO - [2026-08-19T08:19:37.179+0000] {dagbag.py:588} INFO - Filling up the DagBag from /opt/airflow/dags/bash_python.py
[2026-08-19T08:19:37.202+0000] {processor.py:925} INFO - DAG(s) 'download_rocket_launches' retrieved from /opt/airflow/dags/bash_python.py
[2026-08-19T08:19:37.235+0000] {logging_mixin.py:190} INFO - [2026-08-19T08:19:37.235+0000] {dag.py:3239} INFO - Sync 1 DAGs
[2026-08-19T08:19:37.254+0000] {logging_mixin.py:190} INFO - [2026-08-19T08:19:37.253+0000] {dag.py:4180} INFO - Setting next_dagrun for download_rocket_launches to None, run_after=None
[2026-08-19T08:19:37.295+0000] {processor.py:208} INFO - Processing /opt/airflow/dags/bash_python.py took 0.128 seconds
[2026-08-19T08:20:07.609+0000] {processor.py:186} INFO - Started process (PID=1689) to work on /opt/airflow/dags/bash_python.py
[2026-08-19T08:20:07.613+0000] {processor.py:914} INFO - Processing file /opt/airflow/dags/bash_python.py for tasks to queue
[2026-08-19T08:20:07.623+0000] {logging_mixin.py:190} INFO - [2026-08-19T08:20:07.622+0000] {dagbag.py:588} INFO - Filling up the DagBag from /opt/airflow/dags/bash_python.py
[2026-08-19T08:20:07.649+0000] {processor.py:925} INFO - DAG(s) 'download_rocket_launches' retrieved from /opt/airflow/dags/bash_python.py
[2026-08-19T08:20:07.700+0000] {logging_mixin.py:190} INFO - [2026-08-19T08:20:07.700+0000] {dag.py:3239} INFO - Sync 1 DAGs
[2026-08-19T08:20:07.732+0000] {logging_mixin.py:190} INFO - [2026-08-19T08:20:07.732+0000] {dag.py:4180} INFO - Setting next_dagrun for download_rocket_launches to None, run_after=None
[2026-08-19T08:20:07.794+0000] {processor.py:208} INFO - Processing /opt/airflow/dags/bash_python.py took 0.195 seconds
[2026-08-19T08:20:38.177+0000] {processor.py:186} INFO - Started process (PID=1700) to work on /opt/airflow/dags/bash_python.py
[2026-08-19T08:20:38.179+0000] {processor.py:914} INFO - Processing file /opt/airflow/dags/bash_python.py for tasks to queue
[2026-08-19T08:20:38.183+0000] {logging_mixin.py:190} INFO - [2026-08-19T08:20:38.183+0000] {dagbag.py:588} INFO - Filling up the DagBag from /opt/airflow/dags/bash_python.py
[2026-08-19T08:20:38.204+0000] {processor.py:925} INFO - DAG(s) 'download_rocket_launches' retrieved from /opt/airflow/dags/bash_python.py
[2026-08-19T08:20:38.239+0000] {logging_mixin.py:190} INFO - [2026-08-19T08:20:38.238+0000] {dag.py:3239} INFO - Sync 1 DAGs
[2026-08-19T08:20:38.256+0000] {logging_mixin.py:190} INFO - [2026-08-19T08:20:38.256+0000] {dag.py:4180} INFO - Setting next_dagrun for download_rocket_launches to None, run_after=None
[2026-08-19T08:20:38.302+0000] {processor.py:208} INFO - Processing /opt/airflow/dags/bash_python.py took 0.132 seconds
[2026-08-19T08:21:08.601+0000] {processor.py:186} INFO - Started process (PID=1711) to work on /opt/airflow/dags/bash_python.py
[2026-08-19T08:21:08.603+0000] {processor.py:914} INFO - Processing file /opt/airflow/dags/bash_python.py for tasks to queue
[2026-08-19T08:21:08.608+0000] {logging_mixin.py:190} INFO - [2026-08-19T08:21:08.608+0000] {dagbag.py:588} INFO - Filling up the DagBag from /opt/airflow/dags/bash_python.py
[2026-08-19T08:21:08.631+0000] {processor.py:925} INFO - DAG(s) 'download_rocket_launches' retrieved from /opt/airflow/dags/bash_python.py
[2026-08-19T08:21:08.674+0000] {logging_mixin.py:190} INFO - [2026-08-19T08:21:08.674+0000] {dag.py:3239} INFO - Sync 1 DAGs
[2026-08-19T08:21:08.694+0000] {logging_mixin.py:190} INFO - [2026-08-19T08:21:08.693+0000] {dag.py:4180} INFO - Setting next_dagrun for download_rocket_launches to None, run_after=None
[2026-08-19T08:21:08.741+0000] {processor.py:208} INFO - Processing /opt/airflow/dags/bash_python.py took 0.149 seconds
[2026-08-19T08:21:39.073+0000] {processor.py:186} INFO - Started process (PID=1722) to work on /opt/airflow/dags/bash_python.py
[2026-08-19T08:21:39.075+0000] {processor.py:914} INFO - Processing file /opt/airflow/dags/bash_python.py for tasks to queue
[2026-08-19T08:21:39.079+0000] {logging_mixin.py:190} INFO - [2026-08-19T08:21:39.079+0000] {dagbag.py:588} INFO - Filling up the DagBag from /opt/airflow/dags/bash_python.py
[2026-08-19T08:21:39.101+0000] {processor.py:925} INFO - DAG(s) 'download_rocket_launches' retrieved from /opt/airflow/dags/bash_python.py
[2026-08-19T08:21:39.145+0000] {logging_mixin.py:190} INFO - [2026-08-19T08:21:39.145+0000] {dag.py:3239} INFO - Sync 1 DAGs
[2026-08-19T08:21:39.165+0000] {logging_mixin.py:190} INFO - [2026-08-19T08:21:39.165+0000] {dag.py:4180} INFO - Setting next_dagrun for download_rocket_launches to None, run_after=None
[2026-08-19T08:21:39.219+0000] {processor.py:208} INFO - Processing /opt/airflow/dags/bash_python.py took 0.154 seconds
[2026-08-19T08:22:09.533+0000] {processor.py:186} INFO - Started process (PID=1733) to work on /opt/airflow/dags/bash_python.py
[2026-08-19T08:22:09.535+0000] {processor.py:914} INFO - Processing file /opt/airflow/dags/bash_python.py for tasks to queue
[2026-08-19T08:22:09.539+0000] {logging_mixin.py:190} INFO - [2026-08-19T08:22:09.538+0000] {dagbag.py:588} INFO - Filling up the DagBag from /opt/airflow/dags/bash_python.py
[2026-08-19T08:22:09.561+0000] {processor.py:925} INFO - DAG(s) 'download_rocket_launches' retrieved from /opt/airflow/dags/bash_python.py
[2026-08-19T08:22:09.602+0000] {logging_mixin.py:190} INFO - [2026-08-19T08:22:09.601+0000] {dag.py:3239} INFO - Sync 1 DAGs
[2026-08-19T08:22:09.625+0000] {logging_mixin.py:190} INFO - [2026-08-19T08:22:09.625+0000] {dag.py:4180} INFO - Setting next_dagrun for download_rocket_launches to None, run_after=None
[2026-08-19T08:22:09.675+0000] {processor.py:208} INFO - Processing /opt/airflow/dags/bash_python.py took 0.149 seconds
[2026-08-19T08:22:39.996+0000] {processor.py:186} INFO - Started process (PID=1744) to work on /opt/airflow/dags/bash_python.py
[2026-08-19T08:22:39.998+0000] {processor.py:914} INFO - Processing file /opt/airflow/dags/bash_python.py for tasks to queue
[2026-08-19T08:22:40.002+0000] {logging_mixin.py:190} INFO - [2026-08-19T08:22:40.002+0000] {dagbag.py:588} INFO - Filling up the DagBag from /opt/airflow/dags/bash_python.py
[2026-08-19T08:22:40.026+0000] {processor.py:925} INFO - DAG(s) 'download_rocket_launches' retrieved from /opt/airflow/dags/bash_python.py
[2026-08-19T08:22:40.063+0000] {logging_mixin.py:190} INFO - [2026-08-19T08:22:40.063+0000] {dag.py:3239} INFO - Sync 1 DAGs
[2026-08-19T08:22:40.078+0000] {logging_mixin.py:190} INFO - [2026-08-19T08:22:40.078+0000] {dag.py:4180} INFO - Setting next_dagrun for download_rocket_launches to None, run_after=None
[2026-08-19T08:22:40.116+0000] {processor.py:208} INFO - Processing /opt/airflow/dags/bash_python.py took 0.127 seconds
[2026-08-19T08:23:10.425+0000] {processor.py:186} INFO - Started process (PID=1755) to work on /opt/airflow/dags/bash_python.py
[2026-08-19T08:23:10.427+0000] {processor.py:914} INFO - Processing file /opt/airflow/dags/bash_python.py for tasks to queue
[2026-08-19T08:23:10.431+0000] {logging_mixin.py:190} INFO - [2026-08-19T08:23:10.430+0000] {dagbag.py:588} INFO - Filling up the DagBag from /opt/airflow/dags/bash_python.py
[2026-08-19T08:23:10.454+0000] {processor.py:925} INFO - DAG(s) 'download_rocket_launches' retrieved from /opt/airflow/dags/bash_python.py
[2026-08-19T08:23:10.498+0000] {logging_mixin.py:190} INFO - [2026-08-19T08:23:10.498+0000] {dag.py:3239} INFO - Sync 1 DAGs
[2026-08-19T08:23:10.519+0000] {logging_mixin.py:190} INFO - [2026-08-19T08:23:10.519+0000] {dag.py:4180} INFO - Setting next_dagrun for download_rocket_launches to None, run_after=None
[2026-08-19T08:23:10.550+0000] {processor.py:208} INFO - Processing /opt/airflow/dags/bash_python.py took 0.133 seconds
[2026-08-19T08:23:40.804+0000] {processor.py:186} INFO - Started process (PID=1766) to work on /opt/airflow/dags/bash_python.py
[2026-08-19T08:23:40.806+0000] {processor.py:914} INFO - Processing file /opt/airflow/dags/bash_python.py for tasks to queue
[2026-08-19T08:23:40.812+0000] {logging_mixin.py:190} INFO - [2026-08-19T08:23:40.811+0000] {dagbag.py:588} INFO - Filling up the DagBag from /opt/airflow/dags/bash_python.py
[2026-08-19T08:23:40.833+0000] {processor.py:925} INFO - DAG(s) 'download_rocket_launches' retrieved from /opt/airflow/dags/bash_python.py
[2026-08-19T08:23:40.860+0000] {logging_mixin.py:190} INFO - [2026-08-19T08:23:40.859+0000] {dag.py:3239} INFO - Sync 1 DAGs
[2026-08-19T08:23:40.872+0000] {logging_mixin.py:190} INFO - [2026-08-19T08:23:40.872+0000] {dag.py:4180} INFO - Setting next_dagrun for download_rocket_launches to None, run_after=None
[2026-08-19T08:23:40.888+0000] {processor.py:208} INFO - Processing /opt/airflow/dags/bash_python.py took 0.094 seconds
[2026-08-19T08:24:11.120+0000] {processor.py:186} INFO - Started process (PID=1777) to work on /opt/airflow/dags/bash_python.py
[2026-08-19T08:24:11.121+0000] {processor.py:914} INFO - Processing file /opt/airflow/dags/bash_python.py for tasks to queue
[2026-08-19T08:24:11.124+0000] {logging_mixin.py:190} INFO - [2026-08-19T08:24:11.124+0000] {dagbag.py:588} INFO - Filling up the DagBag from /opt/airflow/dags/bash_python.py
[2026-08-19T08:24:11.144+0000] {processor.py:925} INFO - DAG(s) 'download_rocket_launches' retrieved from /opt/airflow/dags/bash_python.py
[2026-08-19T08:24:11.174+0000] {logging_mixin.py:190} INFO - [2026-08-19T08:24:11.174+0000] {dag.py:3239} INFO - Sync 1 DAGs
[2026-08-19T08:24:11.187+0000] {logging_mixin.py:190} INFO - [2026-08-19T08:24:11.187+0000] {dag.py:4180} INFO - Setting next_dagrun for download_rocket_launches to None, run_after=None
[2026-08-19T08:24:11.203+0000] {processor.py:208} INFO - Processing /opt/airflow/dags/bash_python.py took 0.091 seconds
[2026-08-19T08:24:41.351+0000] {processor.py:186} INFO - Started process (PID=1785) to work on /opt/airflow/dags/bash_python.py
[2026-08-19T08:24:41.352+0000] {processor.py:914} INFO - Processing file /opt/airflow/dags/bash_python.py for tasks to queue
[2026-08-19T08:24:41.354+0000] {logging_mixin.py:190} INFO - [2026-08-19T08:24:41.354+0000] {dagbag.py:588} INFO - Filling up the DagBag from /opt/airflow/dags/bash_python.py
[2026-08-19T08:24:41.372+0000] {processor.py:925} INFO - DAG(s) 'download_rocket_launches' retrieved from /opt/airflow/dags/bash_python.py
[2026-08-19T08:24:41.403+0000] {logging_mixin.py:190} INFO - [2026-08-19T08:24:41.402+0000] {dag.py:3239} INFO - Sync 1 DAGs
[2026-08-19T08:24:41.416+0000] {logging_mixin.py:190} INFO - [2026-08-19T08:24:41.416+0000] {dag.py:4180} INFO - Setting next_dagrun for download_rocket_launches to None, run_after=None
[2026-08-19T08:24:41.458+0000] {processor.py:208} INFO - Processing /opt/airflow/dags/bash_python.py took 0.113 seconds
[2026-08-19T08:25:11.707+0000] {processor.py:186} INFO - Started process (PID=1793) to work on /opt/airflow/dags/bash_python.py
[2026-08-19T08:25:11.708+0000] {processor.py:914} INFO - Processing file /opt/airflow/dags/bash_python.py for tasks to queue
[2026-08-19T08:25:11.711+0000] {logging_mixin.py:190} INFO - [2026-08-19T08:25:11.711+0000] {dagbag.py:588} INFO - Filling up the DagBag from /opt/airflow/dags/bash_python.py
[2026-08-19T08:25:11.727+0000] {processor.py:925} INFO - DAG(s) 'download_rocket_launches' retrieved from /opt/airflow/dags/bash_python.py
[2026-08-19T08:25:11.752+0000] {logging_mixin.py:190} INFO - [2026-08-19T08:25:11.752+0000] {dag.py:3239} INFO - Sync 1 DAGs
[2026-08-19T08:25:11.764+0000] {logging_mixin.py:190} INFO - [2026-08-19T08:25:11.763+0000] {dag.py:4180} INFO - Setting next_dagrun for download_rocket_launches to None, run_after=None
[2026-08-19T08:25:11.803+0000] {processor.py:208} INFO - Processing /opt/airflow/dags/bash_python.py took 0.101 seconds
[2026-08-19T08:25:42.097+0000] {processor.py:186} INFO - Started process (PID=1804) to work on /opt/airflow/dags/bash_python.py
[2026-08-19T08:25:42.099+0000] {processor.py:914} INFO - Processing file /opt/airflow/dags/bash_python.py for tasks to queue
[2026-08-19T08:25:42.101+0000] {logging_mixin.py:190} INFO - [2026-08-19T08:25:42.101+0000] {dagbag.py:588} INFO - Filling up the DagBag from /opt/airflow/dags/bash_python.py
[2026-08-19T08:25:42.120+0000] {processor.py:925} INFO - DAG(s) 'download_rocket_launches' retrieved from /opt/airflow/dags/bash_python.py
[2026-08-19T08:25:42.151+0000] {logging_mixin.py:190} INFO - [2026-08-19T08:25:42.151+0000] {dag.py:3239} INFO - Sync 1 DAGs
[2026-08-19T08:25:42.167+0000] {logging_mixin.py:190} INFO - [2026-08-19T08:25:42.166+0000] {dag.py:4180} INFO - Setting next_dagrun for download_rocket_launches to None, run_after=None
[2026-08-19T08:25:42.188+0000] {processor.py:208} INFO - Processing /opt/airflow/dags/bash_python.py took 0.097 seconds
[2026-08-19T08:26:12.474+0000] {processor.py:186} INFO - Started process (PID=1815) to work on /opt/airflow/dags/bash_python.py
[2026-08-19T08:26:12.476+0000] {processor.py:914} INFO - Processing file /opt/airflow/dags/bash_python.py for tasks to queue
[2026-08-19T08:26:12.481+0000] {logging_mixin.py:190} INFO - [2026-08-19T08:26:12.481+0000] {dagbag.py:588} INFO - Filling up the DagBag from /opt/airflow/dags/bash_python.py
[2026-08-19T08:26:12.506+0000] {processor.py:925} INFO - DAG(s) 'download_rocket_launches' retrieved from /opt/airflow/dags/bash_python.py
[2026-08-19T08:26:12.552+0000] {logging_mixin.py:190} INFO - [2026-08-19T08:26:12.551+0000] {dag.py:3239} INFO - Sync 1 DAGs
[2026-08-19T08:26:12.572+0000] {logging_mixin.py:190} INFO - [2026-08-19T08:26:12.571+0000] {dag.py:4180} INFO - Setting next_dagrun for download_rocket_launches to None, run_after=None
[2026-08-19T08:26:12.599+0000] {processor.py:208} INFO - Processing /opt/airflow/dags/bash_python.py took 0.132 seconds
[2026-08-19T08:26:42.927+0000] {processor.py:186} INFO - Started process (PID=1826) to work on /opt/airflow/dags/bash_python.py
[2026-08-19T08:26:42.930+0000] {processor.py:914} INFO - Processing file /opt/airflow/dags/bash_python.py for tasks to queue
[2026-08-19T08:26:42.933+0000] {logging_mixin.py:190} INFO - [2026-08-19T08:26:42.932+0000] {dagbag.py:588} INFO - Filling up the DagBag from /opt/airflow/dags/bash_python.py
[2026-08-19T08:26:42.955+0000] {processor.py:925} INFO - DAG(s) 'download_rocket_launches' retrieved from /opt/airflow/dags/bash_python.py
[2026-08-19T08:26:42.992+0000] {logging_mixin.py:190} INFO - [2026-08-19T08:26:42.992+0000] {dag.py:3239} INFO - Sync 1 DAGs
[2026-08-19T08:26:43.008+0000] {logging_mixin.py:190} INFO - [2026-08-19T08:26:43.008+0000] {dag.py:4180} INFO - Setting next_dagrun for download_rocket_launches to None, run_after=None
[2026-08-19T08:26:43.035+0000] {processor.py:208} INFO - Processing /opt/airflow/dags/bash_python.py took 0.116 seconds
[2026-08-19T08:27:13.375+0000] {processor.py:186} INFO - Started process (PID=1837) to work on /opt/airflow/dags/bash_python.py
[2026-08-19T08:27:13.377+0000] {processor.py:914} INFO - Processing file /opt/airflow/dags/bash_python.py for tasks to queue
[2026-08-19T08:27:13.381+0000] {logging_mixin.py:190} INFO - [2026-08-19T08:27:13.381+0000] {dagbag.py:588} INFO - Filling up the DagBag from /opt/airflow/dags/bash_python.py
[2026-08-19T08:27:13.403+0000] {processor.py:925} INFO - DAG(s) 'download_rocket_launches' retrieved from /opt/airflow/dags/bash_python.py
[2026-08-19T08:27:13.441+0000] {logging_mixin.py:190} INFO - [2026-08-19T08:27:13.440+0000] {dag.py:3239} INFO - Sync 1 DAGs
[2026-08-19T08:27:13.457+0000] {logging_mixin.py:190} INFO - [2026-08-19T08:27:13.456+0000] {dag.py:4180} INFO - Setting next_dagrun for download_rocket_launches to None, run_after=None
[2026-08-19T08:27:13.481+0000] {processor.py:208} INFO - Processing /opt/airflow/dags/bash_python.py took 0.114 seconds
[2026-08-19T08:27:43.755+0000] {processor.py:186} INFO - Started process (PID=1848) to work on /opt/airflow/dags/bash_python.py
[2026-08-19T08:27:43.757+0000] {processor.py:914} INFO - Processing file /opt/airflow/dags/bash_python.py for tasks to queue
[2026-08-19T08:27:43.760+0000] {logging_mixin.py:190} INFO - [2026-08-19T08:27:43.759+0000] {dagbag.py:588} INFO - Filling up the DagBag from /opt/airflow/dags/bash_python.py
[2026-08-19T08:27:43.777+0000] {processor.py:925} INFO - DAG(s) 'download_rocket_launches' retrieved from /opt/airflow/dags/bash_python.py
[2026-08-19T08:27:43.807+0000] {logging_mixin.py:190} INFO - [2026-08-19T08:27:43.807+0000] {dag.py:3239} INFO - Sync 1 DAGs
[2026-08-19T08:27:43.824+0000] {logging_mixin.py:190} INFO - [2026-08-19T08:27:43.824+0000] {dag.py:4180} INFO - Setting next_dagrun for download_rocket_launches to None, run_after=None
[2026-08-19T08:27:43.842+0000] {processor.py:208} INFO - Processing /opt/airflow/dags/bash_python.py took 0.095 seconds
[2026-08-19T08:28:14.145+0000] {processor.py:186} INFO - Started process (PID=1859) to work on /opt/airflow/dags/bash_python.py
[2026-08-19T08:28:14.153+0000] {processor.py:914} INFO - Processing file /opt/airflow/dags/bash_python.py for tasks to queue
[2026-08-19T08:28:14.157+0000] {logging_mixin.py:190} INFO - [2026-08-19T08:28:14.156+0000] {dagbag.py:588} INFO - Filling up the DagBag from /opt/airflow/dags/bash_python.py
[2026-08-19T08:28:14.215+0000] {processor.py:925} INFO - DAG(s) 'download_rocket_launches' retrieved from /opt/airflow/dags/bash_python.py
[2026-08-19T08:28:14.264+0000] {logging_mixin.py:190} INFO - [2026-08-19T08:28:14.264+0000] {dag.py:3239} INFO - Sync 1 DAGs
[2026-08-19T08:28:14.284+0000] {logging_mixin.py:190} INFO - [2026-08-19T08:28:14.283+0000] {dag.py:4180} INFO - Setting next_dagrun for download_rocket_launches to None, run_after=None
[2026-08-19T08:28:14.313+0000] {processor.py:208} INFO - Processing /opt/airflow/dags/bash_python.py took 0.178 seconds
[2026-08-19T08:28:44.413+0000] {processor.py:186} INFO - Started process (PID=1870) to work on /opt/airflow/dags/bash_python.py
[2026-08-19T08:28:44.414+0000] {processor.py:914} INFO - Processing file /opt/airflow/dags/bash_python.py for tasks to queue
[2026-08-19T08:28:44.418+0000] {logging_mixin.py:190} INFO - [2026-08-19T08:28:44.417+0000] {dagbag.py:588} INFO - Filling up the DagBag from /opt/airflow/dags/bash_python.py
[2026-08-19T08:28:44.442+0000] {processor.py:925} INFO - DAG(s) 'download_rocket_launches' retrieved from /opt/airflow/dags/bash_python.py
[2026-08-19T08:28:44.478+0000] {logging_mixin.py:190} INFO - [2026-08-19T08:28:44.478+0000] {dag.py:3239} INFO - Sync 1 DAGs
[2026-08-19T08:28:44.495+0000] {logging_mixin.py:190} INFO - [2026-08-19T08:28:44.494+0000] {dag.py:4180} INFO - Setting next_dagrun for download_rocket_launches to None, run_after=None
[2026-08-19T08:28:44.545+0000] {processor.py:208} INFO - Processing /opt/airflow/dags/bash_python.py took 0.139 seconds
[2026-08-19T08:29:14.861+0000] {processor.py:186} INFO - Started process (PID=1881) to work on /opt/airflow/dags/bash_python.py
[2026-08-19T08:29:14.863+0000] {processor.py:914} INFO - Processing file /opt/airflow/dags/bash_python.py for tasks to queue
[2026-08-19T08:29:14.867+0000] {logging_mixin.py:190} INFO - [2026-08-19T08:29:14.867+0000] {dagbag.py:588} INFO - Filling up the DagBag from /opt/airflow/dags/bash_python.py
[2026-08-19T08:29:14.892+0000] {processor.py:925} INFO - DAG(s) 'download_rocket_launches' retrieved from /opt/airflow/dags/bash_python.py
[2026-08-19T08:29:14.938+0000] {logging_mixin.py:190} INFO - [2026-08-19T08:29:14.938+0000] {dag.py:3239} INFO - Sync 1 DAGs
[2026-08-19T08:29:14.957+0000] {logging_mixin.py:190} INFO - [2026-08-19T08:29:14.957+0000] {dag.py:4180} INFO - Setting next_dagrun for download_rocket_launches to None, run_after=None
[2026-08-19T08:29:14.979+0000] {processor.py:208} INFO - Processing /opt/airflow/dags/bash_python.py took 0.128 seconds
[2026-08-19T08:29:45.133+0000] {processor.py:186} INFO - Started process (PID=1892) to work on /opt/airflow/dags/bash_python.py
[2026-08-19T08:29:45.135+0000] {processor.py:914} INFO - Processing file /opt/airflow/dags/bash_python.py for tasks to queue
[2026-08-19T08:29:45.138+0000] {logging_mixin.py:190} INFO - [2026-08-19T08:29:45.138+0000] {dagbag.py:588} INFO - Filling up the DagBag from /opt/airflow/dags/bash_python.py
[2026-08-19T08:29:45.159+0000] {processor.py:925} INFO - DAG(s) 'download_rocket_launches' retrieved from /opt/airflow/dags/bash_python.py
[2026-08-19T08:29:45.199+0000] {logging_mixin.py:190} INFO - [2026-08-19T08:29:45.199+0000] {dag.py:3239} INFO - Sync 1 DAGs
[2026-08-19T08:29:45.220+0000] {logging_mixin.py:190} INFO - [2026-08-19T08:29:45.219+0000] {dag.py:4180} INFO - Setting next_dagrun for download_rocket_launches to None, run_after=None
[2026-08-19T08:29:45.246+0000] {processor.py:208} INFO - Processing /opt/airflow/dags/bash_python.py took 0.120 seconds
[2026-08-19T08:30:15.374+0000] {processor.py:186} INFO - Started process (PID=1903) to work on /opt/airflow/dags/bash_python.py
[2026-08-19T08:30:15.388+0000] {processor.py:914} INFO - Processing file /opt/airflow/dags/bash_python.py for tasks to queue
[2026-08-19T08:30:15.392+0000] {logging_mixin.py:190} INFO - [2026-08-19T08:30:15.392+0000] {dagbag.py:588} INFO - Filling up the DagBag from /opt/airflow/dags/bash_python.py
[2026-08-19T08:30:15.413+0000] {processor.py:925} INFO - DAG(s) 'download_rocket_launches' retrieved from /opt/airflow/dags/bash_python.py
[2026-08-19T08:30:15.456+0000] {logging_mixin.py:190} INFO - [2026-08-19T08:30:15.456+0000] {dag.py:3239} INFO - Sync 1 DAGs
[2026-08-19T08:30:15.476+0000] {logging_mixin.py:190} INFO - [2026-08-19T08:30:15.476+0000] {dag.py:4180} INFO - Setting next_dagrun for download_rocket_launches to None, run_after=None
[2026-08-19T08:30:15.498+0000] {processor.py:208} INFO - Processing /opt/airflow/dags/bash_python.py took 0.131 seconds
[2026-08-19T08:30:45.690+0000] {processor.py:186} INFO - Started process (PID=1914) to work on /opt/airflow/dags/bash_python.py
[2026-08-19T08:30:45.693+0000] {processor.py:914} INFO - Processing file /opt/airflow/dags/bash_python.py for tasks to queue
[2026-08-19T08:30:45.697+0000] {logging_mixin.py:190} INFO - [2026-08-19T08:30:45.696+0000] {dagbag.py:588} INFO - Filling up the DagBag from /opt/airflow/dags/bash_python.py
[2026-08-19T08:30:45.718+0000] {processor.py:925} INFO - DAG(s) 'download_rocket_launches' retrieved from /opt/airflow/dags/bash_python.py
[2026-08-19T08:30:45.756+0000] {logging_mixin.py:190} INFO - [2026-08-19T08:30:45.755+0000] {dag.py:3239} INFO - Sync 1 DAGs
[2026-08-19T08:30:45.773+0000] {logging_mixin.py:190} INFO - [2026-08-19T08:30:45.772+0000] {dag.py:4180} INFO - Setting next_dagrun for download_rocket_launches to None, run_after=None
[2026-08-19T08:30:45.800+0000] {processor.py:208} INFO - Processing /opt/airflow/dags/bash_python.py took 0.118 seconds
[2026-08-19T08:31:16.134+0000] {processor.py:186} INFO - Started process (PID=1925) to work on /opt/airflow/dags/bash_python.py
[2026-08-19T08:31:16.135+0000] {processor.py:914} INFO - Processing file /opt/airflow/dags/bash_python.py for tasks to queue
[2026-08-19T08:31:16.139+0000] {logging_mixin.py:190} INFO - [2026-08-19T08:31:16.139+0000] {dagbag.py:588} INFO - Filling up the DagBag from /opt/airflow/dags/bash_python.py
[2026-08-19T08:31:16.160+0000] {processor.py:925} INFO - DAG(s) 'download_rocket_launches' retrieved from /opt/airflow/dags/bash_python.py
[2026-08-19T08:31:16.197+0000] {logging_mixin.py:190} INFO - [2026-08-19T08:31:16.197+0000] {dag.py:3239} INFO - Sync 1 DAGs
[2026-08-19T08:31:16.211+0000] {logging_mixin.py:190} INFO - [2026-08-19T08:31:16.211+0000] {dag.py:4180} INFO - Setting next_dagrun for download_rocket_launches to None, run_after=None
[2026-08-19T08:31:16.260+0000] {processor.py:208} INFO - Processing /opt/airflow/dags/bash_python.py took 0.133 seconds
[2026-08-19T08:31:46.593+0000] {processor.py:186} INFO - Started process (PID=1936) to work on /opt/airflow/dags/bash_python.py
[2026-08-19T08:31:46.594+0000] {processor.py:914} INFO - Processing file /opt/airflow/dags/bash_python.py for tasks to queue
[2026-08-19T08:31:46.597+0000] {logging_mixin.py:190} INFO - [2026-08-19T08:31:46.597+0000] {dagbag.py:588} INFO - Filling up the DagBag from /opt/airflow/dags/bash_python.py
[2026-08-19T08:31:46.614+0000] {processor.py:925} INFO - DAG(s) 'download_rocket_launches' retrieved from /opt/airflow/dags/bash_python.py
[2026-08-19T08:31:46.645+0000] {logging_mixin.py:190} INFO - [2026-08-19T08:31:46.645+0000] {dag.py:3239} INFO - Sync 1 DAGs
[2026-08-19T08:31:46.658+0000] {logging_mixin.py:190} INFO - [2026-08-19T08:31:46.658+0000] {dag.py:4180} INFO - Setting next_dagrun for download_rocket_launches to None, run_after=None
[2026-08-19T08:31:46.677+0000] {processor.py:208} INFO - Processing /opt/airflow/dags/bash_python.py took 0.089 seconds
[2026-08-19T08:32:16.870+0000] {processor.py:186} INFO - Started process (PID=1947) to work on /opt/airflow/dags/bash_python.py
[2026-08-19T08:32:16.873+0000] {processor.py:914} INFO - Processing file /opt/airflow/dags/bash_python.py for tasks to queue
[2026-08-19T08:32:16.877+0000] {logging_mixin.py:190} INFO - [2026-08-19T08:32:16.877+0000] {dagbag.py:588} INFO - Filling up the DagBag from /opt/airflow/dags/bash_python.py
[2026-08-19T08:32:16.913+0000] {processor.py:925} INFO - DAG(s) 'download_rocket_launches' retrieved from /opt/airflow/dags/bash_python.py
[2026-08-19T08:32:16.963+0000] {logging_mixin.py:190} INFO - [2026-08-19T08:32:16.963+0000] {dag.py:3239} INFO - Sync 1 DAGs
[2026-08-19T08:32:16.992+0000] {logging_mixin.py:190} INFO - [2026-08-19T08:32:16.992+0000] {dag.py:4180} INFO - Setting next_dagrun for download_rocket_launches to None, run_after=None
[2026-08-19T08:32:17.021+0000] {processor.py:208} INFO - Processing /opt/airflow/dags/bash_python.py took 0.160 seconds
[2026-08-19T08:32:47.179+0000] {processor.py:186} INFO - Started process (PID=1958) to work on /opt/airflow/dags/bash_python.py
[2026-08-19T08:32:47.180+0000] {processor.py:914} INFO - Processing file /opt/airflow/dags/bash_python.py for tasks to queue
[2026-08-19T08:32:47.182+0000] {logging_mixin.py:190} INFO - [2026-08-19T08:32:47.182+0000] {dagbag.py:588} INFO - Filling up the DagBag from /opt/airflow/dags/bash_python.py
[2026-08-19T08:32:47.199+0000] {processor.py:925} INFO - DAG(s) 'download_rocket_launches' retrieved from /opt/airflow/dags/bash_python.py
[2026-08-19T08:32:47.225+0000] {logging_mixin.py:190} INFO - [2026-08-19T08:32:47.225+0000] {dag.py:3239} INFO - Sync 1 DAGs
[2026-08-19T08:32:47.243+0000] {logging_mixin.py:190} INFO - [2026-08-19T08:32:47.243+0000] {dag.py:4180} INFO - Setting next_dagrun for download_rocket_launches to None, run_after=None
[2026-08-19T08:32:47.287+0000] {processor.py:208} INFO - Processing /opt/airflow/dags/bash_python.py took 0.114 seconds
[2026-08-19T08:33:17.666+0000] {processor.py:186} INFO - Started process (PID=1975) to work on /opt/airflow/dags/bash_python.py
[2026-08-19T08:33:17.668+0000] {processor.py:914} INFO - Processing file /opt/airflow/dags/bash_python.py for tasks to queue
[2026-08-19T08:33:17.672+0000] {logging_mixin.py:190} INFO - [2026-08-19T08:33:17.672+0000] {dagbag.py:588} INFO - Filling up the DagBag from /opt/airflow/dags/bash_python.py
[2026-08-19T08:33:17.689+0000] {processor.py:925} INFO - DAG(s) 'download_rocket_launches' retrieved from /opt/airflow/dags/bash_python.py
[2026-08-19T08:33:17.717+0000] {logging_mixin.py:190} INFO - [2026-08-19T08:33:17.716+0000] {dag.py:3239} INFO - Sync 1 DAGs
[2026-08-19T08:33:17.730+0000] {logging_mixin.py:190} INFO - [2026-08-19T08:33:17.729+0000] {dag.py:4180} INFO - Setting next_dagrun for download_rocket_launches to None, run_after=None
[2026-08-19T08:33:17.768+0000] {processor.py:208} INFO - Processing /opt/airflow/dags/bash_python.py took 0.110 seconds
[2026-08-19T21:46:04.064+0000] {processor.py:186} INFO - Started process (PID=2006) to work on /opt/airflow/dags/bash_python.py
[2026-08-19T21:46:04.067+0000] {processor.py:914} INFO - Processing file /opt/airflow/dags/bash_python.py for tasks to queue
[2026-08-19T21:46:04.079+0000] {logging_mixin.py:190} INFO - [2026-08-19T21:46:04.079+0000] {dagbag.py:588} INFO - Filling up the DagBag from /opt/airflow/dags/bash_python.py
[2026-08-19T21:46:04.127+0000] {processor.py:925} INFO - DAG(s) 'download_rocket_launches' retrieved from /opt/airflow/dags/bash_python.py
[2026-08-19T21:46:04.220+0000] {logging_mixin.py:190} INFO - [2026-08-19T21:46:04.219+0000] {dag.py:3239} INFO - Sync 1 DAGs
[2026-08-19T21:46:04.269+0000] {logging_mixin.py:190} INFO - [2026-08-19T21:46:04.268+0000] {dag.py:4180} INFO - Setting next_dagrun for download_rocket_launches to None, run_after=None
[2026-08-19T21:46:04.325+0000] {processor.py:208} INFO - Processing /opt/airflow/dags/bash_python.py took 0.282 seconds
