[2026-08-20T11:53:10.042+0000] {local_task_job_runner.py:123} INFO - ::group::Pre task execution logs
[2026-08-20T11:53:10.068+0000] {taskinstance.py:2614} INFO - Dependencies all met for dep_context=non-requeueable deps ti=<TaskInstance: banking_analytics_pipeline.fetch_data_from_api manual__2026-08-20T11:53:07.924010+00:00 [queued]>
[2026-08-20T11:53:10.080+0000] {taskinstance.py:2614} INFO - Dependencies all met for dep_context=requeueable deps ti=<TaskInstance: banking_analytics_pipeline.fetch_data_from_api manual__2026-08-20T11:53:07.924010+00:00 [queued]>
[2026-08-20T11:53:10.083+0000] {taskinstance.py:2867} INFO - Starting attempt 1 of 3
[2026-08-20T11:53:10.099+0000] {taskinstance.py:2890} INFO - Executing <Task(BashOperator): fetch_data_from_api> on 2026-08-20 11:53:07.924010+00:00
[2026-08-20T11:53:10.123+0000] {logging_mixin.py:190} WARNING - /home/***/.local/lib/python3.12/site-packages/***/task/task_runner/standard_task_runner.py:70 DeprecationWarning: This process (pid=2660) is multi-threaded, use of fork() may lead to deadlocks in the child.
[2026-08-20T11:53:10.123+0000] {standard_task_runner.py:104} INFO - Running: ['***', 'tasks', 'run', 'banking_analytics_pipeline', 'fetch_data_from_api', 'manual__2026-08-20T11:53:07.924010+00:00', '--job-id', '52', '--raw', '--subdir', 'DAGS_FOLDER/sales_validator_dag.py', '--cfg-path', '/tmp/tmpl2z413pw']
[2026-08-20T11:53:10.127+0000] {standard_task_runner.py:72} INFO - Started process 2662 to run task
[2026-08-20T11:53:10.128+0000] {standard_task_runner.py:105} INFO - Job 52: Subtask fetch_data_from_api
[2026-08-20T11:53:10.153+0000] {logging_mixin.py:190} WARNING - /home/***/.local/lib/python3.12/site-packages/***/settings.py:209 DeprecationWarning: The sql_alchemy_conn option in [core] has been moved to the sql_alchemy_conn option in [database] - the old setting has been used, but please update your config.
[2026-08-20T11:53:10.216+0000] {task_command.py:467} INFO - Running <TaskInstance: banking_analytics_pipeline.fetch_data_from_api manual__2026-08-20T11:53:07.924010+00:00 [running]> on host 608af04afd75
[2026-08-20T11:53:10.352+0000] {taskinstance.py:3134} INFO - Exporting env vars: AIRFLOW_CTX_DAG_OWNER='alex' AIRFLOW_CTX_DAG_ID='banking_analytics_pipeline' AIRFLOW_CTX_TASK_ID='fetch_data_from_api' AIRFLOW_CTX_EXECUTION_DATE='2026-08-20T11:53:07.924010+00:00' AIRFLOW_CTX_TRY_NUMBER='1' AIRFLOW_CTX_DAG_RUN_ID='manual__2026-08-20T11:53:07.924010+00:00'
[2026-08-20T11:53:10.355+0000] {taskinstance.py:732} INFO - ::endgroup::
[2026-08-20T11:53:10.374+0000] {subprocess.py:78} INFO - Tmp dir root location: /tmp
[2026-08-20T11:53:10.377+0000] {subprocess.py:88} INFO - Running command: ['/usr/bin/bash', '-c', '\n        mkdir -p /opt/***/data_download/raw\n        mkdir -p /opt/***/data_download/clean\n        curl https://cdn.jsdelivr.net/npm/@fawazahmed0/currency-api@latest/v1/currencies/eur.json -s > /opt/***/data_download/raw/euro_2026-08-20.json\n        curl https://cdn.jsdelivr.net/npm/@fawazahmed0/currency-api@latest/v1/currencies/usd.json -s > /opt/***/data_download/raw/usd_2026-08-20.json\n        ']
[2026-08-20T11:53:10.401+0000] {subprocess.py:99} INFO - Output:
[2026-08-20T11:53:11.006+0000] {subprocess.py:110} INFO - Command exited with return code 0
[2026-08-20T11:53:11.075+0000] {taskinstance.py:341} INFO - ::group::Post task execution logs
[2026-08-20T11:53:11.077+0000] {taskinstance.py:353} INFO - Marking task as SUCCESS. dag_id=banking_analytics_pipeline, task_id=fetch_data_from_api, run_id=manual__2026-08-20T11:53:07.924010+00:00, execution_date=20260820T115307, start_date=20260820T115310, end_date=20260820T115311
[2026-08-20T11:53:11.150+0000] {local_task_job_runner.py:266} INFO - Task exited with return code 0
[2026-08-20T11:53:11.165+0000] {local_task_job_runner.py:245} INFO - ::endgroup::
