[2026-08-18T07:30:01.754+0000] {local_task_job_runner.py:123} INFO - ::group::Pre task execution logs
[2026-08-18T07:30:01.777+0000] {taskinstance.py:2614} INFO - Dependencies all met for dep_context=non-requeueable deps ti=<TaskInstance: banking_analytics_pipeline.fetch_data_from_api scheduled__2026-08-17T07:30:00+00:00 [queued]>
[2026-08-18T07:30:01.789+0000] {taskinstance.py:2614} INFO - Dependencies all met for dep_context=requeueable deps ti=<TaskInstance: banking_analytics_pipeline.fetch_data_from_api scheduled__2026-08-17T07:30:00+00:00 [queued]>
[2026-08-18T07:30:01.792+0000] {taskinstance.py:2867} INFO - Starting attempt 1 of 3
[2026-08-18T07:30:01.808+0000] {taskinstance.py:2890} INFO - Executing <Task(BashOperator): fetch_data_from_api> on 2026-08-17 07:30:00+00:00
[2026-08-18T07:30:01.829+0000] {logging_mixin.py:190} WARNING - /home/***/.local/lib/python3.12/site-packages/***/task/task_runner/standard_task_runner.py:70 DeprecationWarning: This process (pid=4507) is multi-threaded, use of fork() may lead to deadlocks in the child.
[2026-08-18T07:30:01.829+0000] {standard_task_runner.py:104} INFO - Running: ['***', 'tasks', 'run', 'banking_analytics_pipeline', 'fetch_data_from_api', 'scheduled__2026-08-17T07:30:00+00:00', '--job-id', '48', '--raw', '--subdir', 'DAGS_FOLDER/sales_validator_dag.py', '--cfg-path', '/tmp/tmpxrv1ba4r']
[2026-08-18T07:30:01.835+0000] {standard_task_runner.py:72} INFO - Started process 4509 to run task
[2026-08-18T07:30:01.836+0000] {standard_task_runner.py:105} INFO - Job 48: Subtask fetch_data_from_api
[2026-08-18T07:30:01.861+0000] {logging_mixin.py:190} WARNING - /home/***/.local/lib/python3.12/site-packages/***/settings.py:209 DeprecationWarning: The sql_alchemy_conn option in [core] has been moved to the sql_alchemy_conn option in [database] - the old setting has been used, but please update your config.
[2026-08-18T07:30:01.927+0000] {task_command.py:467} INFO - Running <TaskInstance: banking_analytics_pipeline.fetch_data_from_api scheduled__2026-08-17T07:30:00+00:00 [running]> on host c84699b1c1e8
[2026-08-18T07:30:01.929+0000] {logging_mixin.py:190} WARNING - /home/***/.local/lib/python3.12/site-packages/***/settings.py:470 DeprecationWarning: The sql_alchemy_conn option in [core] has been moved to the sql_alchemy_conn option in [database] - the old setting has been used, but please update your config.
[2026-08-18T07:30:02.035+0000] {taskinstance.py:3134} INFO - Exporting env vars: AIRFLOW_CTX_DAG_OWNER='alex' AIRFLOW_CTX_DAG_ID='banking_analytics_pipeline' AIRFLOW_CTX_TASK_ID='fetch_data_from_api' AIRFLOW_CTX_EXECUTION_DATE='2026-08-17T07:30:00+00:00' AIRFLOW_CTX_TRY_NUMBER='1' AIRFLOW_CTX_DAG_RUN_ID='scheduled__2026-08-17T07:30:00+00:00'
[2026-08-18T07:30:02.036+0000] {taskinstance.py:732} INFO - ::endgroup::
[2026-08-18T07:30:02.050+0000] {subprocess.py:78} INFO - Tmp dir root location: /tmp
[2026-08-18T07:30:02.053+0000] {subprocess.py:88} INFO - Running command: ['/usr/bin/bash', '-c', '\n        mkdir -p {DATA_PATH}/raw\n        mkdir -p {DATA_PATH}/clean\n        curl https://cdn.jsdelivr.net/npm/@fawazahmed0/currency-api@latest/v1/currencies/eur.json -s > {DATA_PATH}/raw/euro_2026-08-17.json\n        curl https://cdn.jsdelivr.net/npm/@fawazahmed0/currency-api@latest/v1/currencies/usd.json -s > {DATA_PATH}/raw/usd_2026-08-17.json\n        ']
[2026-08-18T07:30:02.072+0000] {subprocess.py:99} INFO - Output:
[2026-08-18T07:30:02.653+0000] {subprocess.py:110} INFO - Command exited with return code 0
[2026-08-18T07:30:02.699+0000] {taskinstance.py:341} INFO - ::group::Post task execution logs
[2026-08-18T07:30:02.702+0000] {taskinstance.py:353} INFO - Marking task as SUCCESS. dag_id=banking_analytics_pipeline, task_id=fetch_data_from_api, run_id=scheduled__2026-08-17T07:30:00+00:00, execution_date=20260817T073000, start_date=20260818T073001, end_date=20260818T073002
[2026-08-18T07:30:02.777+0000] {local_task_job_runner.py:266} INFO - Task exited with return code 0
[2026-08-18T07:30:02.800+0000] {taskinstance.py:3901} INFO - 1 downstream tasks scheduled from follow-on schedule check
[2026-08-18T07:30:02.804+0000] {local_task_job_runner.py:245} INFO - ::endgroup::
[2026-08-18T08:26:54.614+0000] {local_task_job_runner.py:123} INFO - ::group::Pre task execution logs
[2026-08-18T08:26:54.633+0000] {taskinstance.py:2614} INFO - Dependencies all met for dep_context=non-requeueable deps ti=<TaskInstance: banking_analytics_pipeline.fetch_data_from_api scheduled__2026-08-17T07:30:00+00:00 [queued]>
[2026-08-18T08:26:54.642+0000] {taskinstance.py:2614} INFO - Dependencies all met for dep_context=requeueable deps ti=<TaskInstance: banking_analytics_pipeline.fetch_data_from_api scheduled__2026-08-17T07:30:00+00:00 [queued]>
[2026-08-18T08:26:54.644+0000] {taskinstance.py:2867} INFO - Starting attempt 1 of 3
[2026-08-18T08:26:54.657+0000] {taskinstance.py:2890} INFO - Executing <Task(BashOperator): fetch_data_from_api> on 2026-08-17 07:30:00+00:00
[2026-08-18T08:26:54.671+0000] {standard_task_runner.py:104} INFO - Running: ['***', 'tasks', 'run', 'banking_analytics_pipeline', 'fetch_data_from_api', 'scheduled__2026-08-17T07:30:00+00:00', '--job-id', '3', '--raw', '--subdir', 'DAGS_FOLDER/sales_validator_dag.py', '--cfg-path', '/tmp/tmpg_80b_3h']
[2026-08-18T08:26:54.673+0000] {logging_mixin.py:190} WARNING - /home/***/.local/lib/python3.12/site-packages/***/task/task_runner/standard_task_runner.py:70 DeprecationWarning: This process (pid=198) is multi-threaded, use of fork() may lead to deadlocks in the child.
[2026-08-18T08:26:54.675+0000] {standard_task_runner.py:105} INFO - Job 3: Subtask fetch_data_from_api
[2026-08-18T08:26:54.675+0000] {standard_task_runner.py:72} INFO - Started process 203 to run task
[2026-08-18T08:26:54.692+0000] {logging_mixin.py:190} WARNING - /home/***/.local/lib/python3.12/site-packages/***/settings.py:209 DeprecationWarning: The sql_alchemy_conn option in [core] has been moved to the sql_alchemy_conn option in [database] - the old setting has been used, but please update your config.
[2026-08-18T08:26:54.751+0000] {task_command.py:467} INFO - Running <TaskInstance: banking_analytics_pipeline.fetch_data_from_api scheduled__2026-08-17T07:30:00+00:00 [running]> on host 608af04afd75
[2026-08-18T08:26:54.753+0000] {logging_mixin.py:190} WARNING - /home/***/.local/lib/python3.12/site-packages/***/settings.py:470 DeprecationWarning: The sql_alchemy_conn option in [core] has been moved to the sql_alchemy_conn option in [database] - the old setting has been used, but please update your config.
[2026-08-18T08:26:54.853+0000] {taskinstance.py:3134} INFO - Exporting env vars: AIRFLOW_CTX_DAG_OWNER='alex' AIRFLOW_CTX_DAG_ID='banking_analytics_pipeline' AIRFLOW_CTX_TASK_ID='fetch_data_from_api' AIRFLOW_CTX_EXECUTION_DATE='2026-08-17T07:30:00+00:00' AIRFLOW_CTX_TRY_NUMBER='1' AIRFLOW_CTX_DAG_RUN_ID='scheduled__2026-08-17T07:30:00+00:00'
[2026-08-18T08:26:54.855+0000] {taskinstance.py:732} INFO - ::endgroup::
[2026-08-18T08:26:54.881+0000] {subprocess.py:78} INFO - Tmp dir root location: /tmp
[2026-08-18T08:26:54.883+0000] {subprocess.py:88} INFO - Running command: ['/usr/bin/bash', '-c', '\n        mkdir -p /opt/data_download/raw\n        mkdir -p /opt/data_download/clean\n        curl https://cdn.jsdelivr.net/npm/@fawazahmed0/currency-api@latest/v1/currencies/eur.json -s > /opt/data_download/raw/euro_{ ds }.json\n        curl https://cdn.jsdelivr.net/npm/@fawazahmed0/currency-api@latest/v1/currencies/usd.json -s > /opt/data_download/raw/usd_{ ds }.json\n        ']
[2026-08-18T08:26:54.899+0000] {subprocess.py:99} INFO - Output:
[2026-08-18T08:26:54.904+0000] {subprocess.py:106} INFO - mkdir: cannot create directory ‘/opt/data_download’: Permission denied
[2026-08-18T08:26:54.907+0000] {subprocess.py:106} INFO - mkdir: cannot create directory ‘/opt/data_download’: Permission denied
[2026-08-18T08:26:54.908+0000] {subprocess.py:106} INFO - /usr/bin/bash: line 4: /opt/data_download/raw/euro_{: No such file or directory
[2026-08-18T08:26:54.909+0000] {subprocess.py:106} INFO - /usr/bin/bash: line 5: /opt/data_download/raw/usd_{: No such file or directory
[2026-08-18T08:26:54.909+0000] {subprocess.py:110} INFO - Command exited with return code 1
[2026-08-18T08:26:54.922+0000] {taskinstance.py:3313} ERROR - Task failed with exception
Traceback (most recent call last):
  File "/home/airflow/.local/lib/python3.12/site-packages/airflow/models/taskinstance.py", line 768, in _execute_task
    result = _execute_callable(context=context, **execute_callable_kwargs)
             ^^^^^^^^^^^^^^^^^^^^^^^^^^^^^^^^^^^^^^^^^^^^^^^^^^^^^^^^^^^^^
  File "/home/airflow/.local/lib/python3.12/site-packages/airflow/models/taskinstance.py", line 734, in _execute_callable
    return ExecutionCallableRunner(
           ^^^^^^^^^^^^^^^^^^^^^^^^
  File "/home/airflow/.local/lib/python3.12/site-packages/airflow/utils/operator_helpers.py", line 252, in run
    return self.func(*args, **kwargs)
           ^^^^^^^^^^^^^^^^^^^^^^^^^^
  File "/home/airflow/.local/lib/python3.12/site-packages/airflow/models/baseoperator.py", line 424, in wrapper
    return func(self, *args, **kwargs)
           ^^^^^^^^^^^^^^^^^^^^^^^^^^^
  File "/home/airflow/.local/lib/python3.12/site-packages/airflow/operators/bash.py", line 276, in execute
    raise AirflowException(
airflow.exceptions.AirflowException: Bash command failed. The command returned a non-zero exit code 1.
[2026-08-18T08:26:54.932+0000] {taskinstance.py:1226} INFO - Marking task as UP_FOR_RETRY. dag_id=banking_analytics_pipeline, task_id=fetch_data_from_api, run_id=scheduled__2026-08-17T07:30:00+00:00, execution_date=20260817T073000, start_date=20260818T082654, end_date=20260818T082654
[2026-08-18T08:26:54.968+0000] {taskinstance.py:341} INFO - ::group::Post task execution logs
[2026-08-18T08:26:54.970+0000] {standard_task_runner.py:124} ERROR - Failed to execute job 3 for task fetch_data_from_api (Bash command failed. The command returned a non-zero exit code 1.; 203)
Traceback (most recent call last):
  File "/home/airflow/.local/lib/python3.12/site-packages/airflow/task/task_runner/standard_task_runner.py", line 117, in _start_by_fork
    ret = args.func(args, dag=self.dag)
          ^^^^^^^^^^^^^^^^^^^^^^^^^^^^^
  File "/home/airflow/.local/lib/python3.12/site-packages/airflow/cli/cli_config.py", line 49, in command
    return func(*args, **kwargs)
           ^^^^^^^^^^^^^^^^^^^^^
  File "/home/airflow/.local/lib/python3.12/site-packages/airflow/utils/cli.py", line 116, in wrapper
    return f(*args, **kwargs)
           ^^^^^^^^^^^^^^^^^^
  File "/home/airflow/.local/lib/python3.12/site-packages/airflow/cli/commands/task_command.py", line 483, in task_run
    task_return_code = _run_task_by_selected_method(args, _dag, ti)
                       ^^^^^^^^^^^^^^^^^^^^^^^^^^^^^^^^^^^^^^^^^^^^
  File "/home/airflow/.local/lib/python3.12/site-packages/airflow/cli/commands/task_command.py", line 256, in _run_task_by_selected_method
    return _run_raw_task(args, ti)
           ^^^^^^^^^^^^^^^^^^^^^^^
  File "/home/airflow/.local/lib/python3.12/site-packages/airflow/cli/commands/task_command.py", line 341, in _run_raw_task
    return ti._run_raw_task(
           ^^^^^^^^^^^^^^^^^
  File "/home/airflow/.local/lib/python3.12/site-packages/airflow/utils/session.py", line 97, in wrapper
    return func(*args, session=session, **kwargs)
           ^^^^^^^^^^^^^^^^^^^^^^^^^^^^^^^^^^^^^^
  File "/home/airflow/.local/lib/python3.12/site-packages/airflow/models/taskinstance.py", line 3006, in _run_raw_task
    return _run_raw_task(
           ^^^^^^^^^^^^^^
  File "/home/airflow/.local/lib/python3.12/site-packages/airflow/models/taskinstance.py", line 274, in _run_raw_task
    TaskInstance._execute_task_with_callbacks(
  File "/home/airflow/.local/lib/python3.12/site-packages/airflow/models/taskinstance.py", line 3161, in _execute_task_with_callbacks
    result = self._execute_task(context, task_orig)
             ^^^^^^^^^^^^^^^^^^^^^^^^^^^^^^^^^^^^^^
  File "/home/airflow/.local/lib/python3.12/site-packages/airflow/models/taskinstance.py", line 3185, in _execute_task
    return _execute_task(self, context, task_orig)
           ^^^^^^^^^^^^^^^^^^^^^^^^^^^^^^^^^^^^^^^
  File "/home/airflow/.local/lib/python3.12/site-packages/airflow/models/taskinstance.py", line 768, in _execute_task
    result = _execute_callable(context=context, **execute_callable_kwargs)
             ^^^^^^^^^^^^^^^^^^^^^^^^^^^^^^^^^^^^^^^^^^^^^^^^^^^^^^^^^^^^^
  File "/home/airflow/.local/lib/python3.12/site-packages/airflow/models/taskinstance.py", line 734, in _execute_callable
    return ExecutionCallableRunner(
           ^^^^^^^^^^^^^^^^^^^^^^^^
  File "/home/airflow/.local/lib/python3.12/site-packages/airflow/utils/operator_helpers.py", line 252, in run
    return self.func(*args, **kwargs)
           ^^^^^^^^^^^^^^^^^^^^^^^^^^
  File "/home/airflow/.local/lib/python3.12/site-packages/airflow/models/baseoperator.py", line 424, in wrapper
    return func(self, *args, **kwargs)
           ^^^^^^^^^^^^^^^^^^^^^^^^^^^
  File "/home/airflow/.local/lib/python3.12/site-packages/airflow/operators/bash.py", line 276, in execute
    raise AirflowException(
airflow.exceptions.AirflowException: Bash command failed. The command returned a non-zero exit code 1.
[2026-08-18T08:26:55.012+0000] {local_task_job_runner.py:266} INFO - Task exited with return code 1
[2026-08-18T08:26:55.032+0000] {taskinstance.py:3901} INFO - 0 downstream tasks scheduled from follow-on schedule check
[2026-08-18T08:26:55.035+0000] {local_task_job_runner.py:245} INFO - ::endgroup::
