[2026-08-18T08:28:58.297+0000] {local_task_job_runner.py:123} INFO - ::group::Pre task execution logs
[2026-08-18T08:28:58.316+0000] {taskinstance.py:2614} INFO - Dependencies all met for dep_context=non-requeueable deps ti=<TaskInstance: banking_analytics_pipeline.fetch_data_from_api scheduled__2026-08-17T07:30:00+00:00 [queued]>
[2026-08-18T08:28:58.324+0000] {taskinstance.py:2614} INFO - Dependencies all met for dep_context=requeueable deps ti=<TaskInstance: banking_analytics_pipeline.fetch_data_from_api scheduled__2026-08-17T07:30:00+00:00 [queued]>
[2026-08-18T08:28:58.326+0000] {taskinstance.py:2867} INFO - Starting attempt 3 of 3
[2026-08-18T08:28:58.338+0000] {taskinstance.py:2890} INFO - Executing <Task(BashOperator): fetch_data_from_api> on 2026-08-17 07:30:00+00:00
[2026-08-18T08:28:58.351+0000] {standard_task_runner.py:104} INFO - Running: ['***', 'tasks', 'run', 'banking_analytics_pipeline', 'fetch_data_from_api', 'scheduled__2026-08-17T07:30:00+00:00', '--job-id', '6', '--raw', '--subdir', 'DAGS_FOLDER/sales_validator_dag.py', '--cfg-path', '/tmp/tmp_pxw90ka']
[2026-08-18T08:28:58.353+0000] {logging_mixin.py:190} WARNING - /home/***/.local/lib/python3.12/site-packages/***/task/task_runner/standard_task_runner.py:70 DeprecationWarning: This process (pid=278) is multi-threaded, use of fork() may lead to deadlocks in the child.
[2026-08-18T08:28:58.354+0000] {standard_task_runner.py:105} INFO - Job 6: Subtask fetch_data_from_api
[2026-08-18T08:28:58.355+0000] {standard_task_runner.py:72} INFO - Started process 286 to run task
[2026-08-18T08:28:58.375+0000] {logging_mixin.py:190} WARNING - /home/***/.local/lib/python3.12/site-packages/***/settings.py:209 DeprecationWarning: The sql_alchemy_conn option in [core] has been moved to the sql_alchemy_conn option in [database] - the old setting has been used, but please update your config.
[2026-08-18T08:28:58.440+0000] {task_command.py:467} INFO - Running <TaskInstance: banking_analytics_pipeline.fetch_data_from_api scheduled__2026-08-17T07:30:00+00:00 [running]> on host 608af04afd75
[2026-08-18T08:28:58.442+0000] {logging_mixin.py:190} WARNING - /home/***/.local/lib/python3.12/site-packages/***/settings.py:470 DeprecationWarning: The sql_alchemy_conn option in [core] has been moved to the sql_alchemy_conn option in [database] - the old setting has been used, but please update your config.
[2026-08-18T08:28:58.555+0000] {taskinstance.py:3134} INFO - Exporting env vars: AIRFLOW_CTX_DAG_OWNER='alex' AIRFLOW_CTX_DAG_ID='banking_analytics_pipeline' AIRFLOW_CTX_TASK_ID='fetch_data_from_api' AIRFLOW_CTX_EXECUTION_DATE='2026-08-17T07:30:00+00:00' AIRFLOW_CTX_TRY_NUMBER='3' AIRFLOW_CTX_DAG_RUN_ID='scheduled__2026-08-17T07:30:00+00:00'
[2026-08-18T08:28:58.556+0000] {taskinstance.py:732} INFO - ::endgroup::
[2026-08-18T08:28:58.573+0000] {subprocess.py:78} INFO - Tmp dir root location: /tmp
[2026-08-18T08:28:58.575+0000] {subprocess.py:88} INFO - Running command: ['/usr/bin/bash', '-c', '\n        mkdir -p /opt/data_download/raw\n        mkdir -p /opt/data_download/clean\n        curl https://cdn.jsdelivr.net/npm/@fawazahmed0/currency-api@latest/v1/currencies/eur.json -s > /opt/data_download/raw/euro_{ ds }.json\n        curl https://cdn.jsdelivr.net/npm/@fawazahmed0/currency-api@latest/v1/currencies/usd.json -s > /opt/data_download/raw/usd_{ ds }.json\n        ']
[2026-08-18T08:28:58.591+0000] {subprocess.py:99} INFO - Output:
[2026-08-18T08:28:58.595+0000] {subprocess.py:106} INFO - mkdir: cannot create directory ‘/opt/data_download’: Permission denied
[2026-08-18T08:28:58.599+0000] {subprocess.py:106} INFO - mkdir: cannot create directory ‘/opt/data_download’: Permission denied
[2026-08-18T08:28:58.599+0000] {subprocess.py:106} INFO - /usr/bin/bash: line 4: /opt/data_download/raw/euro_{: No such file or directory
[2026-08-18T08:28:58.601+0000] {subprocess.py:106} INFO - /usr/bin/bash: line 5: /opt/data_download/raw/usd_{: No such file or directory
[2026-08-18T08:28:58.602+0000] {subprocess.py:110} INFO - Command exited with return code 1
[2026-08-18T08:28:58.614+0000] {taskinstance.py:3313} ERROR - Task failed with exception
Traceback (most recent call last):
  File "/home/airflow/.local/lib/python3.12/site-packages/airflow/models/taskinstance.py", line 768, in _execute_task
    result = _execute_callable(context=context, **execute_callable_kwargs)
             ^^^^^^^^^^^^^^^^^^^^^^^^^^^^^^^^^^^^^^^^^^^^^^^^^^^^^^^^^^^^^
  File "/home/airflow/.local/lib/python3.12/site-packages/airflow/models/taskinstance.py", line 734, in _execute_callable
    return ExecutionCallableRunner(
           ^^^^^^^^^^^^^^^^^^^^^^^^
  File "/home/airflow/.local/lib/python3.12/site-packages/airflow/utils/operator_helpers.py", line 252, in run
    return self.func(*args, **kwargs)
           ^^^^^^^^^^^^^^^^^^^^^^^^^^
  File "/home/airflow/.local/lib/python3.12/site-packages/airflow/models/baseoperator.py", line 424, in wrapper
    return func(self, *args, **kwargs)
           ^^^^^^^^^^^^^^^^^^^^^^^^^^^
  File "/home/airflow/.local/lib/python3.12/site-packages/airflow/operators/bash.py", line 276, in execute
    raise AirflowException(
airflow.exceptions.AirflowException: Bash command failed. The command returned a non-zero exit code 1.
[2026-08-18T08:28:58.620+0000] {taskinstance.py:1226} INFO - Marking task as FAILED. dag_id=banking_analytics_pipeline, task_id=fetch_data_from_api, run_id=scheduled__2026-08-17T07:30:00+00:00, execution_date=20260817T073000, start_date=20260818T082858, end_date=20260818T082858
[2026-08-18T08:28:58.663+0000] {taskinstance.py:341} INFO - ::group::Post task execution logs
[2026-08-18T08:28:58.665+0000] {standard_task_runner.py:124} ERROR - Failed to execute job 6 for task fetch_data_from_api (Bash command failed. The command returned a non-zero exit code 1.; 286)
Traceback (most recent call last):
  File "/home/airflow/.local/lib/python3.12/site-packages/airflow/task/task_runner/standard_task_runner.py", line 117, in _start_by_fork
    ret = args.func(args, dag=self.dag)
          ^^^^^^^^^^^^^^^^^^^^^^^^^^^^^
  File "/home/airflow/.local/lib/python3.12/site-packages/airflow/cli/cli_config.py", line 49, in command
    return func(*args, **kwargs)
           ^^^^^^^^^^^^^^^^^^^^^
  File "/home/airflow/.local/lib/python3.12/site-packages/airflow/utils/cli.py", line 116, in wrapper
    return f(*args, **kwargs)
           ^^^^^^^^^^^^^^^^^^
  File "/home/airflow/.local/lib/python3.12/site-packages/airflow/cli/commands/task_command.py", line 483, in task_run
    task_return_code = _run_task_by_selected_method(args, _dag, ti)
                       ^^^^^^^^^^^^^^^^^^^^^^^^^^^^^^^^^^^^^^^^^^^^
  File "/home/airflow/.local/lib/python3.12/site-packages/airflow/cli/commands/task_command.py", line 256, in _run_task_by_selected_method
    return _run_raw_task(args, ti)
           ^^^^^^^^^^^^^^^^^^^^^^^
  File "/home/airflow/.local/lib/python3.12/site-packages/airflow/cli/commands/task_command.py", line 341, in _run_raw_task
    return ti._run_raw_task(
           ^^^^^^^^^^^^^^^^^
  File "/home/airflow/.local/lib/python3.12/site-packages/airflow/utils/session.py", line 97, in wrapper
    return func(*args, session=session, **kwargs)
           ^^^^^^^^^^^^^^^^^^^^^^^^^^^^^^^^^^^^^^
  File "/home/airflow/.local/lib/python3.12/site-packages/airflow/models/taskinstance.py", line 3006, in _run_raw_task
    return _run_raw_task(
           ^^^^^^^^^^^^^^
  File "/home/airflow/.local/lib/python3.12/site-packages/airflow/models/taskinstance.py", line 274, in _run_raw_task
    TaskInstance._execute_task_with_callbacks(
  File "/home/airflow/.local/lib/python3.12/site-packages/airflow/models/taskinstance.py", line 3161, in _execute_task_with_callbacks
    result = self._execute_task(context, task_orig)
             ^^^^^^^^^^^^^^^^^^^^^^^^^^^^^^^^^^^^^^
  File "/home/airflow/.local/lib/python3.12/site-packages/airflow/models/taskinstance.py", line 3185, in _execute_task
    return _execute_task(self, context, task_orig)
           ^^^^^^^^^^^^^^^^^^^^^^^^^^^^^^^^^^^^^^^
  File "/home/airflow/.local/lib/python3.12/site-packages/airflow/models/taskinstance.py", line 768, in _execute_task
    result = _execute_callable(context=context, **execute_callable_kwargs)
             ^^^^^^^^^^^^^^^^^^^^^^^^^^^^^^^^^^^^^^^^^^^^^^^^^^^^^^^^^^^^^
  File "/home/airflow/.local/lib/python3.12/site-packages/airflow/models/taskinstance.py", line 734, in _execute_callable
    return ExecutionCallableRunner(
           ^^^^^^^^^^^^^^^^^^^^^^^^
  File "/home/airflow/.local/lib/python3.12/site-packages/airflow/utils/operator_helpers.py", line 252, in run
    return self.func(*args, **kwargs)
           ^^^^^^^^^^^^^^^^^^^^^^^^^^
  File "/home/airflow/.local/lib/python3.12/site-packages/airflow/models/baseoperator.py", line 424, in wrapper
    return func(self, *args, **kwargs)
           ^^^^^^^^^^^^^^^^^^^^^^^^^^^
  File "/home/airflow/.local/lib/python3.12/site-packages/airflow/operators/bash.py", line 276, in execute
    raise AirflowException(
airflow.exceptions.AirflowException: Bash command failed. The command returned a non-zero exit code 1.
[2026-08-18T08:28:58.692+0000] {local_task_job_runner.py:266} INFO - Task exited with return code 1
[2026-08-18T08:28:58.720+0000] {taskinstance.py:3901} INFO - 0 downstream tasks scheduled from follow-on schedule check
[2026-08-18T08:28:58.725+0000] {local_task_job_runner.py:245} INFO - ::endgroup::
