[2026-08-20T11:52:00.279+0000] {local_task_job_runner.py:123} INFO - ::group::Pre task execution logs
[2026-08-20T11:52:00.311+0000] {taskinstance.py:2614} INFO - Dependencies all met for dep_context=non-requeueable deps ti=<TaskInstance: banking_analytics_pipeline.Transform_data manual__2026-08-20T11:51:56.005767+00:00 [queued]>
[2026-08-20T11:52:00.324+0000] {taskinstance.py:2614} INFO - Dependencies all met for dep_context=requeueable deps ti=<TaskInstance: banking_analytics_pipeline.Transform_data manual__2026-08-20T11:51:56.005767+00:00 [queued]>
[2026-08-20T11:52:00.327+0000] {taskinstance.py:2867} INFO - Starting attempt 1 of 3
[2026-08-20T11:52:00.345+0000] {taskinstance.py:2890} INFO - Executing <Task(PythonOperator): Transform_data> on 2026-08-20 11:51:56.005767+00:00
[2026-08-20T11:52:00.369+0000] {logging_mixin.py:190} WARNING - /home/***/.local/lib/python3.12/site-packages/***/task/task_runner/standard_task_runner.py:70 DeprecationWarning: This process (pid=2617) is multi-threaded, use of fork() may lead to deadlocks in the child.
[2026-08-20T11:52:00.369+0000] {standard_task_runner.py:104} INFO - Running: ['***', 'tasks', 'run', 'banking_analytics_pipeline', 'Transform_data', 'manual__2026-08-20T11:51:56.005767+00:00', '--job-id', '51', '--raw', '--subdir', 'DAGS_FOLDER/sales_validator_dag.py', '--cfg-path', '/tmp/tmpxa4pjark']
[2026-08-20T11:52:00.373+0000] {standard_task_runner.py:72} INFO - Started process 2619 to run task
[2026-08-20T11:52:00.374+0000] {standard_task_runner.py:105} INFO - Job 51: Subtask Transform_data
[2026-08-20T11:52:00.398+0000] {logging_mixin.py:190} WARNING - /home/***/.local/lib/python3.12/site-packages/***/settings.py:209 DeprecationWarning: The sql_alchemy_conn option in [core] has been moved to the sql_alchemy_conn option in [database] - the old setting has been used, but please update your config.
[2026-08-20T11:52:00.472+0000] {task_command.py:467} INFO - Running <TaskInstance: banking_analytics_pipeline.Transform_data manual__2026-08-20T11:51:56.005767+00:00 [running]> on host 608af04afd75
[2026-08-20T11:52:00.594+0000] {taskinstance.py:3134} INFO - Exporting env vars: AIRFLOW_CTX_DAG_OWNER='alex' AIRFLOW_CTX_DAG_ID='banking_analytics_pipeline' AIRFLOW_CTX_TASK_ID='Transform_data' AIRFLOW_CTX_EXECUTION_DATE='2026-08-20T11:51:56.005767+00:00' AIRFLOW_CTX_TRY_NUMBER='1' AIRFLOW_CTX_DAG_RUN_ID='manual__2026-08-20T11:51:56.005767+00:00'
[2026-08-20T11:52:00.597+0000] {taskinstance.py:732} INFO - ::endgroup::
[2026-08-20T11:52:00.777+0000] {logging_mixin.py:190} INFO - Полный путь: /opt/***/data_download/clean/euro_2026-08-20.parquet, значение:
  currency       rate start_currency        date
0      RUB  98.271302            EUR  2026-08-19
[2026-08-20T11:52:00.779+0000] {python.py:240} INFO - Done. Returned value was: None
[2026-08-20T11:52:00.796+0000] {taskinstance.py:341} INFO - ::group::Post task execution logs
[2026-08-20T11:52:00.797+0000] {taskinstance.py:353} INFO - Marking task as SUCCESS. dag_id=banking_analytics_pipeline, task_id=Transform_data, run_id=manual__2026-08-20T11:51:56.005767+00:00, execution_date=20260820T115156, start_date=20260820T115200, end_date=20260820T115200
[2026-08-20T11:52:00.872+0000] {local_task_job_runner.py:266} INFO - Task exited with return code 0
[2026-08-20T11:52:00.896+0000] {taskinstance.py:3901} INFO - 0 downstream tasks scheduled from follow-on schedule check
[2026-08-20T11:52:00.901+0000] {local_task_job_runner.py:245} INFO - ::endgroup::
